<?xml version="1.0"?>
<link_info>
   <banner>TI ARM Linker PC v5.2.2</banner>
   <copyright>Copyright (c) 1996-2015 Texas Instruments Incorporated</copyright>
   <link_time>0x56db2ab3</link_time>
   <link_errors>0x0</link_errors>
   <output_file>Controller.out</output_file>
   <entry_point>
      <name>_c_int00</name>
      <address>0x2000db01</address>
   </entry_point>
   <input_file_list>
      <input_file id="fl-2">
         <path>.\</path>
         <kind>object</kind>
         <file>bma222drv.obj</file>
         <name>bma222drv.obj</name>
      </input_file>
      <input_file id="fl-3">
         <path>.\</path>
         <kind>object</kind>
         <file>device_status.obj</file>
         <name>device_status.obj</name>
      </input_file>
      <input_file id="fl-4">
         <path>.\</path>
         <kind>object</kind>
         <file>gpio_if.obj</file>
         <name>gpio_if.obj</name>
      </input_file>
      <input_file id="fl-5">
         <path>.\</path>
         <kind>object</kind>
         <file>i2c_if.obj</file>
         <name>i2c_if.obj</name>
      </input_file>
      <input_file id="fl-6">
         <path>.\</path>
         <kind>object</kind>
         <file>iodriver.obj</file>
         <name>iodriver.obj</name>
      </input_file>
      <input_file id="fl-7">
         <path>.\</path>
         <kind>object</kind>
         <file>main.obj</file>
         <name>main.obj</name>
      </input_file>
      <input_file id="fl-8">
         <path>.\</path>
         <kind>object</kind>
         <file>pinmux.obj</file>
         <name>pinmux.obj</name>
      </input_file>
      <input_file id="fl-9">
         <path>.\</path>
         <kind>object</kind>
         <file>smartconfig.obj</file>
         <name>smartconfig.obj</name>
      </input_file>
      <input_file id="fl-a">
         <path>.\</path>
         <kind>object</kind>
         <file>startup_ccs.obj</file>
         <name>startup_ccs.obj</name>
      </input_file>
      <input_file id="fl-b">
         <path>.\</path>
         <kind>object</kind>
         <file>tmp006drv.obj</file>
         <name>tmp006drv.obj</name>
      </input_file>
      <input_file id="fl-c">
         <path>.\</path>
         <kind>object</kind>
         <file>uart_if.obj</file>
         <name>uart_if.obj</name>
      </input_file>
      <input_file id="fl-135">
         <path>C:\ti\ccsv6\tools\compiler\ti-cgt-arm_5.2.2\lib\</path>
         <kind>archive</kind>
         <file>rtsv7M4_T_le_eabi.lib</file>
         <name>boot.obj</name>
      </input_file>
      <input_file id="fl-136">
         <path>C:\ti\ccsv6\tools\compiler\ti-cgt-arm_5.2.2\lib\</path>
         <kind>archive</kind>
         <file>rtsv7M4_T_le_eabi.lib</file>
         <name>copy_decompress_none.obj</name>
      </input_file>
      <input_file id="fl-137">
         <path>C:\ti\ccsv6\tools\compiler\ti-cgt-arm_5.2.2\lib\</path>
         <kind>archive</kind>
         <file>rtsv7M4_T_le_eabi.lib</file>
         <name>copy_decompress_rle.obj</name>
      </input_file>
      <input_file id="fl-138">
         <path>C:\ti\ccsv6\tools\compiler\ti-cgt-arm_5.2.2\lib\</path>
         <kind>archive</kind>
         <file>rtsv7M4_T_le_eabi.lib</file>
         <name>copy_zero_init.obj</name>
      </input_file>
      <input_file id="fl-139">
         <path>C:\ti\ccsv6\tools\compiler\ti-cgt-arm_5.2.2\lib\</path>
         <kind>archive</kind>
         <file>rtsv7M4_T_le_eabi.lib</file>
         <name>exit.obj</name>
      </input_file>
      <input_file id="fl-13a">
         <path>C:\ti\ccsv6\tools\compiler\ti-cgt-arm_5.2.2\lib\</path>
         <kind>archive</kind>
         <file>rtsv7M4_T_le_eabi.lib</file>
         <name>fd_add_t2.obj</name>
      </input_file>
      <input_file id="fl-13b">
         <path>C:\ti\ccsv6\tools\compiler\ti-cgt-arm_5.2.2\lib\</path>
         <kind>archive</kind>
         <file>rtsv7M4_T_le_eabi.lib</file>
         <name>fd_div_t2.obj</name>
      </input_file>
      <input_file id="fl-13c">
         <path>C:\ti\ccsv6\tools\compiler\ti-cgt-arm_5.2.2\lib\</path>
         <kind>archive</kind>
         <file>rtsv7M4_T_le_eabi.lib</file>
         <name>fd_mul_t2.obj</name>
      </input_file>
      <input_file id="fl-13d">
         <path>C:\ti\ccsv6\tools\compiler\ti-cgt-arm_5.2.2\lib\</path>
         <kind>archive</kind>
         <file>rtsv7M4_T_le_eabi.lib</file>
         <name>fd_tos_t2.obj</name>
      </input_file>
      <input_file id="fl-13e">
         <path>C:\ti\ccsv6\tools\compiler\ti-cgt-arm_5.2.2\lib\</path>
         <kind>archive</kind>
         <file>rtsv7M4_T_le_eabi.lib</file>
         <name>fs_add_t2.obj</name>
      </input_file>
      <input_file id="fl-13f">
         <path>C:\ti\ccsv6\tools\compiler\ti-cgt-arm_5.2.2\lib\</path>
         <kind>archive</kind>
         <file>rtsv7M4_T_le_eabi.lib</file>
         <name>fs_div_t2.obj</name>
      </input_file>
      <input_file id="fl-140">
         <path>C:\ti\ccsv6\tools\compiler\ti-cgt-arm_5.2.2\lib\</path>
         <kind>archive</kind>
         <file>rtsv7M4_T_le_eabi.lib</file>
         <name>fs_mul_t2.obj</name>
      </input_file>
      <input_file id="fl-141">
         <path>C:\ti\ccsv6\tools\compiler\ti-cgt-arm_5.2.2\lib\</path>
         <kind>archive</kind>
         <file>rtsv7M4_T_le_eabi.lib</file>
         <name>fs_tou_t2.obj</name>
      </input_file>
      <input_file id="fl-142">
         <path>C:\ti\ccsv6\tools\compiler\ti-cgt-arm_5.2.2\lib\</path>
         <kind>archive</kind>
         <file>rtsv7M4_T_le_eabi.lib</file>
         <name>i_tofd_t2.obj</name>
      </input_file>
      <input_file id="fl-143">
         <path>C:\ti\ccsv6\tools\compiler\ti-cgt-arm_5.2.2\lib\</path>
         <kind>archive</kind>
         <file>rtsv7M4_T_le_eabi.lib</file>
         <name>memcmp.obj</name>
      </input_file>
      <input_file id="fl-144">
         <path>C:\ti\ccsv6\tools\compiler\ti-cgt-arm_5.2.2\lib\</path>
         <kind>archive</kind>
         <file>rtsv7M4_T_le_eabi.lib</file>
         <name>memcpy_t2.obj</name>
      </input_file>
      <input_file id="fl-145">
         <path>C:\ti\ccsv6\tools\compiler\ti-cgt-arm_5.2.2\lib\</path>
         <kind>archive</kind>
         <file>rtsv7M4_T_le_eabi.lib</file>
         <name>memmov.obj</name>
      </input_file>
      <input_file id="fl-146">
         <path>C:\ti\ccsv6\tools\compiler\ti-cgt-arm_5.2.2\lib\</path>
         <kind>archive</kind>
         <file>rtsv7M4_T_le_eabi.lib</file>
         <name>memory.obj</name>
      </input_file>
      <input_file id="fl-147">
         <path>C:\ti\ccsv6\tools\compiler\ti-cgt-arm_5.2.2\lib\</path>
         <kind>archive</kind>
         <file>rtsv7M4_T_le_eabi.lib</file>
         <name>memset_t2.obj</name>
      </input_file>
      <input_file id="fl-148">
         <path>C:\ti\ccsv6\tools\compiler\ti-cgt-arm_5.2.2\lib\</path>
         <kind>archive</kind>
         <file>rtsv7M4_T_le_eabi.lib</file>
         <name>pow.obj</name>
      </input_file>
      <input_file id="fl-149">
         <path>C:\ti\ccsv6\tools\compiler\ti-cgt-arm_5.2.2\lib\</path>
         <kind>archive</kind>
         <file>rtsv7M4_T_le_eabi.lib</file>
         <name>pre_init.obj</name>
      </input_file>
      <input_file id="fl-14a">
         <path>C:\ti\ccsv6\tools\compiler\ti-cgt-arm_5.2.2\lib\</path>
         <kind>archive</kind>
         <file>rtsv7M4_T_le_eabi.lib</file>
         <name>stkdepth_vars.obj</name>
      </input_file>
      <input_file id="fl-14b">
         <path>C:\ti\ccsv6\tools\compiler\ti-cgt-arm_5.2.2\lib\</path>
         <kind>archive</kind>
         <file>rtsv7M4_T_le_eabi.lib</file>
         <name>strcpy.obj</name>
      </input_file>
      <input_file id="fl-14c">
         <path>C:\ti\ccsv6\tools\compiler\ti-cgt-arm_5.2.2\lib\</path>
         <kind>archive</kind>
         <file>rtsv7M4_T_le_eabi.lib</file>
         <name>strlen.obj</name>
      </input_file>
      <input_file id="fl-14d">
         <path>C:\ti\ccsv6\tools\compiler\ti-cgt-arm_5.2.2\lib\</path>
         <kind>archive</kind>
         <file>rtsv7M4_T_le_eabi.lib</file>
         <name>vsnprintf.obj</name>
      </input_file>
      <input_file id="fl-14e">
         <path>C:\ti\ccsv6\tools\compiler\ti-cgt-arm_5.2.2\lib\</path>
         <kind>archive</kind>
         <file>rtsv7M4_T_le_eabi.lib</file>
         <name>xdint.obj</name>
      </input_file>
      <input_file id="fl-14f">
         <path>C:\ti\ccsv6\tools\compiler\ti-cgt-arm_5.2.2\lib\</path>
         <kind>archive</kind>
         <file>rtsv7M4_T_le_eabi.lib</file>
         <name>xdunscal.obj</name>
      </input_file>
      <input_file id="fl-150">
         <path>C:\ti\ccsv6\tools\compiler\ti-cgt-arm_5.2.2\lib\</path>
         <kind>archive</kind>
         <file>rtsv7M4_T_le_eabi.lib</file>
         <name>xexp.obj</name>
      </input_file>
      <input_file id="fl-151">
         <path>C:\ti\ccsv6\tools\compiler\ti-cgt-arm_5.2.2\lib\</path>
         <kind>archive</kind>
         <file>rtsv7M4_T_le_eabi.lib</file>
         <name>xferaise.obj</name>
      </input_file>
      <input_file id="fl-152">
         <path>C:\ti\ccsv6\tools\compiler\ti-cgt-arm_5.2.2\lib\</path>
         <kind>archive</kind>
         <file>rtsv7M4_T_le_eabi.lib</file>
         <name>xvalues.obj</name>
      </input_file>
      <input_file id="fl-153">
         <path>C:\ti\ccsv6\tools\compiler\ti-cgt-arm_5.2.2\lib\</path>
         <kind>archive</kind>
         <file>rtsv7M4_T_le_eabi.lib</file>
         <name>_lock.obj</name>
      </input_file>
      <input_file id="fl-154">
         <path>C:\ti\ccsv6\tools\compiler\ti-cgt-arm_5.2.2\lib\</path>
         <kind>archive</kind>
         <file>rtsv7M4_T_le_eabi.lib</file>
         <name>_printfi.obj</name>
      </input_file>
      <input_file id="fl-155">
         <path>C:\ti\ccsv6\tools\compiler\ti-cgt-arm_5.2.2\lib\</path>
         <kind>archive</kind>
         <file>rtsv7M4_T_le_eabi.lib</file>
         <name>args_main.obj</name>
      </input_file>
      <input_file id="fl-156">
         <path>C:\ti\ccsv6\tools\compiler\ti-cgt-arm_5.2.2\lib\</path>
         <kind>archive</kind>
         <file>rtsv7M4_T_le_eabi.lib</file>
         <name>atoi.obj</name>
      </input_file>
      <input_file id="fl-157">
         <path>C:\ti\ccsv6\tools\compiler\ti-cgt-arm_5.2.2\lib\</path>
         <kind>archive</kind>
         <file>rtsv7M4_T_le_eabi.lib</file>
         <name>autoinit.obj</name>
      </input_file>
      <input_file id="fl-158">
         <path>C:\ti\ccsv6\tools\compiler\ti-cgt-arm_5.2.2\lib\</path>
         <kind>archive</kind>
         <file>rtsv7M4_T_le_eabi.lib</file>
         <name>cpy_tbl.obj</name>
      </input_file>
      <input_file id="fl-159">
         <path>C:\ti\ccsv6\tools\compiler\ti-cgt-arm_5.2.2\lib\</path>
         <kind>archive</kind>
         <file>rtsv7M4_T_le_eabi.lib</file>
         <name>ctype.obj</name>
      </input_file>
      <input_file id="fl-15a">
         <path>C:\ti\ccsv6\tools\compiler\ti-cgt-arm_5.2.2\lib\</path>
         <kind>archive</kind>
         <file>rtsv7M4_T_le_eabi.lib</file>
         <name>errno.obj</name>
      </input_file>
      <input_file id="fl-15b">
         <path>C:\ti\ccsv6\tools\compiler\ti-cgt-arm_5.2.2\lib\</path>
         <kind>archive</kind>
         <file>rtsv7M4_T_le_eabi.lib</file>
         <name>fd_cmp_t2.obj</name>
      </input_file>
      <input_file id="fl-15c">
         <path>C:\ti\ccsv6\tools\compiler\ti-cgt-arm_5.2.2\lib\</path>
         <kind>archive</kind>
         <file>rtsv7M4_T_le_eabi.lib</file>
         <name>fd_toi_t2.obj</name>
      </input_file>
      <input_file id="fl-15d">
         <path>C:\ti\ccsv6\tools\compiler\ti-cgt-arm_5.2.2\lib\</path>
         <kind>archive</kind>
         <file>rtsv7M4_T_le_eabi.lib</file>
         <name>feraiseexcept.obj</name>
      </input_file>
      <input_file id="fl-15e">
         <path>C:\ti\ccsv6\tools\compiler\ti-cgt-arm_5.2.2\lib\</path>
         <kind>archive</kind>
         <file>rtsv7M4_T_le_eabi.lib</file>
         <name>frexp.obj</name>
      </input_file>
      <input_file id="fl-15f">
         <path>C:\ti\ccsv6\tools\compiler\ti-cgt-arm_5.2.2\lib\</path>
         <kind>archive</kind>
         <file>rtsv7M4_T_le_eabi.lib</file>
         <name>fs_toi_t2.obj</name>
      </input_file>
      <input_file id="fl-160">
         <path>C:\ti\ccsv6\tools\compiler\ti-cgt-arm_5.2.2\lib\</path>
         <kind>archive</kind>
         <file>rtsv7M4_T_le_eabi.lib</file>
         <name>ldexp.obj</name>
      </input_file>
      <input_file id="fl-161">
         <path>C:\ti\ccsv6\tools\compiler\ti-cgt-arm_5.2.2\lib\</path>
         <kind>archive</kind>
         <file>rtsv7M4_T_le_eabi.lib</file>
         <name>log.obj</name>
      </input_file>
      <input_file id="fl-162">
         <path>C:\ti\ccsv6\tools\compiler\ti-cgt-arm_5.2.2\lib\</path>
         <kind>archive</kind>
         <file>rtsv7M4_T_le_eabi.lib</file>
         <name>ltoa.obj</name>
      </input_file>
      <input_file id="fl-163">
         <path>C:\ti\ccsv6\tools\compiler\ti-cgt-arm_5.2.2\lib\</path>
         <kind>archive</kind>
         <file>rtsv7M4_T_le_eabi.lib</file>
         <name>memccpy.obj</name>
      </input_file>
      <input_file id="fl-164">
         <path>C:\ti\ccsv6\tools\compiler\ti-cgt-arm_5.2.2\lib\</path>
         <kind>archive</kind>
         <file>rtsv7M4_T_le_eabi.lib</file>
         <name>raise.obj</name>
      </input_file>
      <input_file id="fl-165">
         <path>C:\ti\ccsv6\tools\compiler\ti-cgt-arm_5.2.2\lib\</path>
         <kind>archive</kind>
         <file>rtsv7M4_T_le_eabi.lib</file>
         <name>signal.obj</name>
      </input_file>
      <input_file id="fl-166">
         <path>C:\ti\ccsv6\tools\compiler\ti-cgt-arm_5.2.2\lib\</path>
         <kind>archive</kind>
         <file>rtsv7M4_T_le_eabi.lib</file>
         <name>strchr.obj</name>
      </input_file>
      <input_file id="fl-167">
         <path>C:\ti\ccsv6\tools\compiler\ti-cgt-arm_5.2.2\lib\</path>
         <kind>archive</kind>
         <file>rtsv7M4_T_le_eabi.lib</file>
         <name>ull_div_t2.obj</name>
      </input_file>
      <input_file id="fl-168">
         <path>C:\ti\ccsv6\tools\compiler\ti-cgt-arm_5.2.2\lib\</path>
         <kind>archive</kind>
         <file>rtsv7M4_T_le_eabi.lib</file>
         <name>xdclass.obj</name>
      </input_file>
      <input_file id="fl-169">
         <path>C:\ti\ccsv6\tools\compiler\ti-cgt-arm_5.2.2\lib\</path>
         <kind>archive</kind>
         <file>rtsv7M4_T_le_eabi.lib</file>
         <name>xdnorm.obj</name>
      </input_file>
      <input_file id="fl-16a">
         <path>C:\ti\ccsv6\tools\compiler\ti-cgt-arm_5.2.2\lib\</path>
         <kind>archive</kind>
         <file>rtsv7M4_T_le_eabi.lib</file>
         <name>xdscale.obj</name>
      </input_file>
      <input_file id="fl-16b">
         <path>C:\ti\ccsv6\tools\compiler\ti-cgt-arm_5.2.2\lib\</path>
         <kind>archive</kind>
         <file>rtsv7M4_T_le_eabi.lib</file>
         <name>xlog.obj</name>
      </input_file>
      <input_file id="fl-16c">
         <path>C:\ti\ccsv6\tools\compiler\ti-cgt-arm_5.2.2\lib\</path>
         <kind>archive</kind>
         <file>rtsv7M4_T_le_eabi.lib</file>
         <name>fs_tod_t2.obj</name>
      </input_file>
      <input_file id="fl-16d">
         <path>C:\ti\ccsv6\tools\compiler\ti-cgt-arm_5.2.2\lib\</path>
         <kind>archive</kind>
         <file>rtsv7M4_T_le_eabi.lib</file>
         <name>xfvalues.obj</name>
      </input_file>
      <input_file id="fl-16e">
         <path>C:\ti\CC3200SDK_1.1.0\cc3200-sdk\driverlib\ccs\Release\</path>
         <kind>archive</kind>
         <file>driverlib.a</file>
         <name>adc.obj</name>
      </input_file>
      <input_file id="fl-16f">
         <path>C:\ti\CC3200SDK_1.1.0\cc3200-sdk\driverlib\ccs\Release\</path>
         <kind>archive</kind>
         <file>driverlib.a</file>
         <name>gpio.obj</name>
      </input_file>
      <input_file id="fl-170">
         <path>C:\ti\CC3200SDK_1.1.0\cc3200-sdk\driverlib\ccs\Release\</path>
         <kind>archive</kind>
         <file>driverlib.a</file>
         <name>i2c.obj</name>
      </input_file>
      <input_file id="fl-171">
         <path>C:\ti\CC3200SDK_1.1.0\cc3200-sdk\driverlib\ccs\Release\</path>
         <kind>archive</kind>
         <file>driverlib.a</file>
         <name>interrupt.obj</name>
      </input_file>
      <input_file id="fl-172">
         <path>C:\ti\CC3200SDK_1.1.0\cc3200-sdk\driverlib\ccs\Release\</path>
         <kind>archive</kind>
         <file>driverlib.a</file>
         <name>pin.obj</name>
      </input_file>
      <input_file id="fl-173">
         <path>C:\ti\CC3200SDK_1.1.0\cc3200-sdk\driverlib\ccs\Release\</path>
         <kind>archive</kind>
         <file>driverlib.a</file>
         <name>prcm.obj</name>
      </input_file>
      <input_file id="fl-174">
         <path>C:\ti\CC3200SDK_1.1.0\cc3200-sdk\driverlib\ccs\Release\</path>
         <kind>archive</kind>
         <file>driverlib.a</file>
         <name>timer.obj</name>
      </input_file>
      <input_file id="fl-175">
         <path>C:\ti\CC3200SDK_1.1.0\cc3200-sdk\driverlib\ccs\Release\</path>
         <kind>archive</kind>
         <file>driverlib.a</file>
         <name>uart.obj</name>
      </input_file>
      <input_file id="fl-176">
         <path>C:\ti\CC3200SDK_1.1.0\cc3200-sdk\driverlib\ccs\Release\</path>
         <kind>archive</kind>
         <file>driverlib.a</file>
         <name>utils.obj</name>
      </input_file>
      <input_file id="fl-177">
         <path>C:\ti\CC3200SDK_1.1.0\cc3200-sdk\driverlib\ccs\Release\</path>
         <kind>archive</kind>
         <file>driverlib.a</file>
         <name>cpu.obj</name>
      </input_file>
      <input_file id="fl-178">
         <path>C:\ti\CC3200SDK_1.1.0\cc3200-sdk\driverlib\ccs\Release\</path>
         <kind>archive</kind>
         <file>driverlib.a</file>
         <name>flash.obj</name>
      </input_file>
      <input_file id="fl-179">
         <path>C:\ti\CC3200SDK_1.1.0\cc3200-sdk\simplelink\ccs\OS\</path>
         <kind>archive</kind>
         <file>simplelink.a</file>
         <name>device.obj</name>
      </input_file>
      <input_file id="fl-17a">
         <path>C:\ti\CC3200SDK_1.1.0\cc3200-sdk\simplelink\ccs\OS\</path>
         <kind>archive</kind>
         <file>simplelink.a</file>
         <name>driver.obj</name>
      </input_file>
      <input_file id="fl-17b">
         <path>C:\ti\CC3200SDK_1.1.0\cc3200-sdk\simplelink\ccs\OS\</path>
         <kind>archive</kind>
         <file>simplelink.a</file>
         <name>netapp.obj</name>
      </input_file>
      <input_file id="fl-17c">
         <path>C:\ti\CC3200SDK_1.1.0\cc3200-sdk\simplelink\ccs\OS\</path>
         <kind>archive</kind>
         <file>simplelink.a</file>
         <name>socket.obj</name>
      </input_file>
      <input_file id="fl-17d">
         <path>C:\ti\CC3200SDK_1.1.0\cc3200-sdk\simplelink\ccs\OS\</path>
         <kind>archive</kind>
         <file>simplelink.a</file>
         <name>wlan.obj</name>
      </input_file>
      <input_file id="fl-17e">
         <path>C:\ti\CC3200SDK_1.1.0\cc3200-sdk\simplelink\ccs\OS\</path>
         <kind>archive</kind>
         <file>simplelink.a</file>
         <name>cc_pal.obj</name>
      </input_file>
      <input_file id="fl-17f">
         <path>C:\ti\CC3200SDK_1.1.0\cc3200-sdk\oslib\ccs\free_rtos\</path>
         <kind>archive</kind>
         <file>free_rtos.a</file>
         <name>osi_freertos.obj</name>
      </input_file>
      <input_file id="fl-180">
         <path>C:\ti\CC3200SDK_1.1.0\cc3200-sdk\oslib\ccs\free_rtos\</path>
         <kind>archive</kind>
         <file>free_rtos.a</file>
         <name>port.obj</name>
      </input_file>
      <input_file id="fl-181">
         <path>C:\ti\CC3200SDK_1.1.0\cc3200-sdk\oslib\ccs\free_rtos\</path>
         <kind>archive</kind>
         <file>free_rtos.a</file>
         <name>portasm.obj</name>
      </input_file>
      <input_file id="fl-182">
         <path>C:\ti\CC3200SDK_1.1.0\cc3200-sdk\oslib\ccs\free_rtos\</path>
         <kind>archive</kind>
         <file>free_rtos.a</file>
         <name>queue.obj</name>
      </input_file>
      <input_file id="fl-183">
         <path>C:\ti\CC3200SDK_1.1.0\cc3200-sdk\oslib\ccs\free_rtos\</path>
         <kind>archive</kind>
         <file>free_rtos.a</file>
         <name>tasks.obj</name>
      </input_file>
      <input_file id="fl-184">
         <path>C:\ti\CC3200SDK_1.1.0\cc3200-sdk\oslib\ccs\free_rtos\</path>
         <kind>archive</kind>
         <file>free_rtos.a</file>
         <name>heap_3.obj</name>
      </input_file>
      <input_file id="fl-185">
         <path>C:\ti\CC3200SDK_1.1.0\cc3200-sdk\oslib\ccs\free_rtos\</path>
         <kind>archive</kind>
         <file>free_rtos.a</file>
         <name>list.obj</name>
      </input_file>
      <input_file id="fl-186">
         <path>C:\ti\ccsv6\tools\compiler\ti-cgt-arm_5.2.2\lib\</path>
         <kind>archive</kind>
         <file>rtsv7M4_T_le_eabi.lib</file>
         <name>ll_lsr_t2.obj</name>
      </input_file>
      <input_file id="fl-187">
         <path>C:\ti\CC3200SDK_1.1.0\cc3200-sdk\driverlib\ccs\Release\</path>
         <kind>archive</kind>
         <file>driverlib.a</file>
         <name>spi.obj</name>
      </input_file>
      <input_file id="fl-188">
         <path>C:\ti\CC3200SDK_1.1.0\cc3200-sdk\driverlib\ccs\Release\</path>
         <kind>archive</kind>
         <file>driverlib.a</file>
         <name>udma.obj</name>
      </input_file>
   </input_file_list>
   <object_component_list>
      <object_component id="oc-f">
         <name>.intvecs</name>
         <load_address>0x20004000</load_address>
         <run_address>0x20004000</run_address>
         <size>0x400</size>
         <input_file_ref idref="fl-a"/>
      </object_component>
      <object_component id="oc-87">
         <name>.text</name>
         <load_address>0x20004400</load_address>
         <run_address>0x20004400</run_address>
         <size>0x1258</size>
         <input_file_ref idref="fl-183"/>
      </object_component>
      <object_component id="oc-46a">
         <name>.text</name>
         <load_address>0x20005658</load_address>
         <run_address>0x20005658</run_address>
         <size>0x10a6</size>
         <input_file_ref idref="fl-154"/>
      </object_component>
      <object_component id="oc-591">
         <name>.text:IntDefaultHandler</name>
         <load_address>0x200066fe</load_address>
         <run_address>0x200066fe</run_address>
         <size>0x2</size>
         <input_file_ref idref="fl-171"/>
      </object_component>
      <object_component id="oc-c3">
         <name>.text</name>
         <load_address>0x20006700</load_address>
         <run_address>0x20006700</run_address>
         <size>0xeb0</size>
         <input_file_ref idref="fl-7"/>
      </object_component>
      <object_component id="oc-397">
         <name>.text</name>
         <load_address>0x200075b0</load_address>
         <run_address>0x200075b0</run_address>
         <size>0xb24</size>
         <input_file_ref idref="fl-182"/>
      </object_component>
      <object_component id="oc-652">
         <name>.text:_SlDrvMsgRead</name>
         <load_address>0x200080d4</load_address>
         <run_address>0x200080d4</run_address>
         <size>0x5ec</size>
         <input_file_ref idref="fl-17a"/>
      </object_component>
      <object_component id="oc-179">
         <name>.text</name>
         <load_address>0x200086c0</load_address>
         <run_address>0x200086c0</run_address>
         <size>0x45c</size>
         <input_file_ref idref="fl-17f"/>
      </object_component>
      <object_component id="oc-1e6">
         <name>.text</name>
         <load_address>0x20008b1c</load_address>
         <run_address>0x20008b1c</run_address>
         <size>0x3dc</size>
         <input_file_ref idref="fl-146"/>
      </object_component>
      <object_component id="oc-173">
         <name>.text</name>
         <load_address>0x20008ef8</load_address>
         <run_address>0x20008ef8</run_address>
         <size>0x394</size>
         <input_file_ref idref="fl-4"/>
      </object_component>
      <object_component id="oc-14f">
         <name>.text</name>
         <load_address>0x2000928c</load_address>
         <run_address>0x2000928c</run_address>
         <size>0x30c</size>
         <input_file_ref idref="fl-6"/>
      </object_component>
      <object_component id="oc-1b5">
         <name>.text</name>
         <load_address>0x20009598</load_address>
         <run_address>0x20009598</run_address>
         <size>0x290</size>
         <input_file_ref idref="fl-5"/>
      </object_component>
      <object_component id="oc-129">
         <name>.text</name>
         <load_address>0x20009828</load_address>
         <run_address>0x20009828</run_address>
         <size>0x290</size>
         <input_file_ref idref="fl-c"/>
      </object_component>
      <object_component id="oc-70e">
         <name>.text:_SlDrvRxHdrRead</name>
         <load_address>0x20009ab8</load_address>
         <run_address>0x20009ab8</run_address>
         <size>0x248</size>
         <input_file_ref idref="fl-17a"/>
      </object_component>
      <object_component id="oc-5e3">
         <name>.text</name>
         <load_address>0x20009d00</load_address>
         <run_address>0x20009d00</run_address>
         <size>0x1f4</size>
         <input_file_ref idref="fl-167"/>
      </object_component>
      <object_component id="oc-11f">
         <name>.text</name>
         <load_address>0x20009ef4</load_address>
         <run_address>0x20009ef4</run_address>
         <size>0x1ec</size>
         <input_file_ref idref="fl-2"/>
      </object_component>
      <object_component id="oc-316">
         <name>.text:_SlDrvReleasePoolObj</name>
         <load_address>0x2000a0e0</load_address>
         <run_address>0x2000a0e0</run_address>
         <size>0x1d0</size>
         <input_file_ref idref="fl-17a"/>
      </object_component>
      <object_component id="oc-4a4">
         <name>.text:_SlDrvMsgWrite</name>
         <load_address>0x2000a2b0</load_address>
         <run_address>0x2000a2b0</run_address>
         <size>0x1cc</size>
         <input_file_ref idref="fl-17a"/>
      </object_component>
      <object_component id="oc-60c">
         <name>.text</name>
         <load_address>0x2000a47c</load_address>
         <run_address>0x2000a47c</run_address>
         <size>0x1b6</size>
         <input_file_ref idref="fl-13a"/>
      </object_component>
      <object_component id="oc-4fa">
         <name>.text:_SlDrvWaitForPoolObj</name>
         <load_address>0x2000a634</load_address>
         <run_address>0x2000a634</run_address>
         <size>0x190</size>
         <input_file_ref idref="fl-17a"/>
      </object_component>
      <object_component id="oc-33a">
         <name>.text:_SlDrvDriverCBInit</name>
         <load_address>0x2000a7c4</load_address>
         <run_address>0x2000a7c4</run_address>
         <size>0x174</size>
         <input_file_ref idref="fl-17a"/>
      </object_component>
      <object_component id="oc-720">
         <name>.text:_SlFindAndSetActiveObj</name>
         <load_address>0x2000a938</load_address>
         <run_address>0x2000a938</run_address>
         <size>0x170</size>
         <input_file_ref idref="fl-17a"/>
      </object_component>
      <object_component id="oc-3ce">
         <name>.text:sl_NetAppPingStart</name>
         <load_address>0x2000aaa8</load_address>
         <run_address>0x2000aaa8</run_address>
         <size>0x168</size>
         <input_file_ref idref="fl-17b"/>
      </object_component>
      <object_component id="oc-340">
         <name>.text:spi_Open</name>
         <load_address>0x2000ac10</load_address>
         <run_address>0x2000ac10</run_address>
         <size>0x14c</size>
         <input_file_ref idref="fl-17e"/>
      </object_component>
      <object_component id="oc-5f2">
         <name>.text</name>
         <load_address>0x2000ad5c</load_address>
         <run_address>0x2000ad5c</run_address>
         <size>0x136</size>
         <input_file_ref idref="fl-13b"/>
      </object_component>
      <object_component id="oc-1a3">
         <name>.text:PRCMCC3200MCUInit</name>
         <load_address>0x2000ae94</load_address>
         <run_address>0x2000ae94</run_address>
         <size>0x134</size>
         <input_file_ref idref="fl-173"/>
      </object_component>
      <object_component id="oc-e2">
         <name>.text</name>
         <load_address>0x2000afc8</load_address>
         <run_address>0x2000afc8</run_address>
         <size>0x12a</size>
         <input_file_ref idref="fl-185"/>
      </object_component>
      <object_component id="oc-38">
         <name>.text</name>
         <load_address>0x2000b0f4</load_address>
         <run_address>0x2000b0f4</run_address>
         <size>0x110</size>
         <input_file_ref idref="fl-180"/>
      </object_component>
      <object_component id="oc-6cd">
         <name>.text</name>
         <load_address>0x2000b204</load_address>
         <run_address>0x2000b204</run_address>
         <size>0x110</size>
         <input_file_ref idref="fl-16a"/>
      </object_component>
      <object_component id="oc-3c8">
         <name>.text:sl_NetAppDnsGetHostByName</name>
         <load_address>0x2000b314</load_address>
         <run_address>0x2000b314</run_address>
         <size>0x104</size>
         <input_file_ref idref="fl-17b"/>
      </object_component>
      <object_component id="oc-774">
         <name>.text:_SlDrvNetAppEventHandler</name>
         <load_address>0x2000b418</load_address>
         <run_address>0x2000b418</run_address>
         <size>0xfe</size>
         <input_file_ref idref="fl-17b"/>
      </object_component>
      <object_component id="oc-5ed">
         <name>.text</name>
         <load_address>0x2000b516</load_address>
         <run_address>0x2000b516</run_address>
         <size>0xfc</size>
         <input_file_ref idref="fl-13c"/>
      </object_component>
      <object_component id="oc-31c">
         <name>.text:_SlDrvDriverCBDeinit</name>
         <load_address>0x2000b614</load_address>
         <run_address>0x2000b614</run_address>
         <size>0xf4</size>
         <input_file_ref idref="fl-17a"/>
      </object_component>
      <object_component id="oc-7be">
         <name>.text:uDMAChannelTransferSet</name>
         <load_address>0x2000b708</load_address>
         <run_address>0x2000b708</run_address>
         <size>0xf0</size>
         <input_file_ref idref="fl-188"/>
      </object_component>
      <object_component id="oc-185">
         <name>.text</name>
         <load_address>0x2000b7f8</load_address>
         <run_address>0x2000b7f8</run_address>
         <size>0xe8</size>
         <input_file_ref idref="fl-9"/>
      </object_component>
      <object_component id="oc-71a">
         <name>.text:spi_Read</name>
         <load_address>0x2000b8e0</load_address>
         <run_address>0x2000b8e0</run_address>
         <size>0xdc</size>
         <input_file_ref idref="fl-17e"/>
      </object_component>
      <object_component id="oc-714">
         <name>.text:_SlDrvClassifyRxMsg</name>
         <load_address>0x2000b9bc</load_address>
         <run_address>0x2000b9bc</run_address>
         <size>0xd8</size>
         <input_file_ref idref="fl-17a"/>
      </object_component>
      <object_component id="oc-15b">
         <name>.text:sl_Stop</name>
         <load_address>0x2000ba94</load_address>
         <run_address>0x2000ba94</run_address>
         <size>0xd4</size>
         <input_file_ref idref="fl-179"/>
      </object_component>
      <object_component id="oc-7d3">
         <name>.text:_sl_HandleAsync_DnsGetHostByService</name>
         <load_address>0x2000bb68</load_address>
         <run_address>0x2000bb68</run_address>
         <size>0xc8</size>
         <input_file_ref idref="fl-17b"/>
      </object_component>
      <object_component id="oc-50e">
         <name>.text:_SlRemoveFromList</name>
         <load_address>0x2000bc30</load_address>
         <run_address>0x2000bc30</run_address>
         <size>0xc0</size>
         <input_file_ref idref="fl-17a"/>
      </object_component>
      <object_component id="oc-736">
         <name>.text</name>
         <load_address>0x2000bcf0</load_address>
         <run_address>0x2000bcf0</run_address>
         <size>0xbe</size>
         <input_file_ref idref="fl-169"/>
      </object_component>
      <object_component id="oc-4aa">
         <name>.text:_SlDrvMsgReadCmdCtx</name>
         <load_address>0x2000bdb0</load_address>
         <run_address>0x2000bdb0</run_address>
         <size>0xbc</size>
         <input_file_ref idref="fl-17a"/>
      </object_component>
      <object_component id="oc-161">
         <name>.text:sl_Start</name>
         <load_address>0x2000be6c</load_address>
         <run_address>0x2000be6c</run_address>
         <size>0xbc</size>
         <input_file_ref idref="fl-179"/>
      </object_component>
      <object_component id="oc-33">
         <name>.text</name>
         <load_address>0x2000bf28</load_address>
         <run_address>0x2000bf28</run_address>
         <size>0xba</size>
         <input_file_ref idref="fl-181"/>
      </object_component>
      <object_component id="oc-658">
         <name>.text:_SlAsyncEventGenericHandler</name>
         <load_address>0x2000bfe4</load_address>
         <run_address>0x2000bfe4</run_address>
         <size>0xb8</size>
         <input_file_ref idref="fl-17a"/>
      </object_component>
      <object_component id="oc-18b">
         <name>.text</name>
         <load_address>0x2000c09c</load_address>
         <run_address>0x2000c09c</run_address>
         <size>0xb4</size>
         <input_file_ref idref="fl-3"/>
      </object_component>
      <object_component id="oc-38b">
         <name>.text:IntDisable</name>
         <load_address>0x2000c150</load_address>
         <run_address>0x2000c150</run_address>
         <size>0xa8</size>
         <input_file_ref idref="fl-171"/>
      </object_component>
      <object_component id="oc-19d">
         <name>.text:IntEnable</name>
         <load_address>0x2000c1f8</load_address>
         <run_address>0x2000c1f8</run_address>
         <size>0xa8</size>
         <input_file_ref idref="fl-171"/>
      </object_component>
      <object_component id="oc-533">
         <name>.text:SPIConfigSetExpClk</name>
         <load_address>0x2000c2a0</load_address>
         <run_address>0x2000c2a0</run_address>
         <size>0xa0</size>
         <input_file_ref idref="fl-187"/>
      </object_component>
      <object_component id="oc-578">
         <name>.text:_SlDrvMsgReadSpawnCtx</name>
         <load_address>0x2000c340</load_address>
         <run_address>0x2000c340</run_address>
         <size>0x9c</size>
         <input_file_ref idref="fl-17a"/>
      </object_component>
      <object_component id="oc-41">
         <name>.text</name>
         <load_address>0x2000c3dc</load_address>
         <run_address>0x2000c3dc</run_address>
         <size>0x9c</size>
         <input_file_ref idref="fl-144"/>
      </object_component>
      <object_component id="oc-214">
         <name>.text:PRCMPeripheralClockGet</name>
         <load_address>0x2000c478</load_address>
         <run_address>0x2000c478</run_address>
         <size>0x94</size>
         <input_file_ref idref="fl-173"/>
      </object_component>
      <object_component id="oc-17f">
         <name>.text:sl_WlanGet</name>
         <load_address>0x2000c50c</load_address>
         <run_address>0x2000c50c</run_address>
         <size>0x94</size>
         <input_file_ref idref="fl-17d"/>
      </object_component>
      <object_component id="oc-3b9">
         <name>.text:sl_WlanSmartConfigStart</name>
         <load_address>0x2000c5a0</load_address>
         <run_address>0x2000c5a0</run_address>
         <size>0x90</size>
         <input_file_ref idref="fl-17d"/>
      </object_component>
      <object_component id="oc-781">
         <name>.text:SetupDMAReceive</name>
         <load_address>0x2000c630</load_address>
         <run_address>0x2000c630</run_address>
         <size>0x8c</size>
         <input_file_ref idref="fl-17e"/>
      </object_component>
      <object_component id="oc-6ed">
         <name>.text:SetupDMASend</name>
         <load_address>0x2000c6bc</load_address>
         <run_address>0x2000c6bc</run_address>
         <size>0x8c</size>
         <input_file_ref idref="fl-17e"/>
      </object_component>
      <object_component id="oc-7cd">
         <name>.text:_sl_HandleAsync_DnsGetHostByName</name>
         <load_address>0x2000c748</load_address>
         <run_address>0x2000c748</run_address>
         <size>0x8c</size>
         <input_file_ref idref="fl-17b"/>
      </object_component>
      <object_component id="oc-77a">
         <name>.text:_sl_HandleAsync_PingResponse</name>
         <load_address>0x2000c7d4</load_address>
         <run_address>0x2000c7d4</run_address>
         <size>0x8c</size>
         <input_file_ref idref="fl-17b"/>
      </object_component>
      <object_component id="oc-648">
         <name>.text:spi_Write</name>
         <load_address>0x2000c860</load_address>
         <run_address>0x2000c860</run_address>
         <size>0x8c</size>
         <input_file_ref idref="fl-17e"/>
      </object_component>
      <object_component id="oc-40e">
         <name>.text:PinConfigSet</name>
         <load_address>0x2000c8ec</load_address>
         <run_address>0x2000c8ec</run_address>
         <size>0x88</size>
         <input_file_ref idref="fl-172"/>
      </object_component>
      <object_component id="oc-226">
         <name>.text</name>
         <load_address>0x2000c974</load_address>
         <run_address>0x2000c974</run_address>
         <size>0x88</size>
         <input_file_ref idref="fl-14d"/>
      </object_component>
      <object_component id="oc-5e8">
         <name>.text:__aeabi_cdcmple</name>
         <load_address>0x2000c9fc</load_address>
         <run_address>0x2000c9fc</run_address>
         <size>0x86</size>
         <input_file_ref idref="fl-15b"/>
      </object_component>
      <object_component id="oc-5f7">
         <name>.text:__aeabi_cdrcmple</name>
         <load_address>0x2000ca82</load_address>
         <run_address>0x2000ca82</run_address>
         <size>0x86</size>
         <input_file_ref idref="fl-15b"/>
      </object_component>
      <object_component id="oc-445">
         <name>.text:I2CMasterInitExpClk</name>
         <load_address>0x2000cb08</load_address>
         <run_address>0x2000cb08</run_address>
         <size>0x84</size>
         <input_file_ref idref="fl-170"/>
      </object_component>
      <object_component id="oc-334">
         <name>.text:NwpPowerOnPreamble</name>
         <load_address>0x2000cb8c</load_address>
         <run_address>0x2000cb8c</run_address>
         <size>0x84</size>
         <input_file_ref idref="fl-17e"/>
      </object_component>
      <object_component id="oc-364">
         <name>.text:GPIOIntTypeSet</name>
         <load_address>0x2000cc10</load_address>
         <run_address>0x2000cc10</run_address>
         <size>0x82</size>
         <input_file_ref idref="fl-16f"/>
      </object_component>
      <object_component id="oc-2e8">
         <name>.text:_SlDrvCmdOp</name>
         <load_address>0x2000cc94</load_address>
         <run_address>0x2000cc94</run_address>
         <size>0x80</size>
         <input_file_ref idref="fl-17a"/>
      </object_component>
      <object_component id="oc-787">
         <name>.text:spi_Read_CPU</name>
         <load_address>0x2000cd14</load_address>
         <run_address>0x2000cd14</run_address>
         <size>0x80</size>
         <input_file_ref idref="fl-17e"/>
      </object_component>
      <object_component id="oc-6ff">
         <name>.text:spi_Write_CPU</name>
         <load_address>0x2000cd94</load_address>
         <run_address>0x2000cd94</run_address>
         <size>0x80</size>
         <input_file_ref idref="fl-17e"/>
      </object_component>
      <object_component id="oc-766">
         <name>.text:_sl_HandleAsync_InitComplete</name>
         <load_address>0x2000ce14</load_address>
         <run_address>0x2000ce14</run_address>
         <size>0x7c</size>
         <input_file_ref idref="fl-179"/>
      </object_component>
      <object_component id="oc-5a">
         <name>.text</name>
         <load_address>0x2000ce90</load_address>
         <run_address>0x2000ce90</run_address>
         <size>0x7a</size>
         <input_file_ref idref="fl-147"/>
      </object_component>
      <object_component id="oc-7e9">
         <name>.text:_sl_HandleAsync_Connect</name>
         <load_address>0x2000cf0c</load_address>
         <run_address>0x2000cf0c</run_address>
         <size>0x78</size>
         <input_file_ref idref="fl-17c"/>
      </object_component>
      <object_component id="oc-304">
         <name>.text:spi_Close</name>
         <load_address>0x2000cf84</load_address>
         <run_address>0x2000cf84</run_address>
         <size>0x78</size>
         <input_file_ref idref="fl-17e"/>
      </object_component>
      <object_component id="oc-21a">
         <name>.text:UARTConfigSetExpClk</name>
         <load_address>0x2000cffc</load_address>
         <run_address>0x2000cffc</run_address>
         <size>0x76</size>
         <input_file_ref idref="fl-175"/>
      </object_component>
      <object_component id="oc-814">
         <name>.text:_SlDrvCmdSend</name>
         <load_address>0x2000d074</load_address>
         <run_address>0x2000d074</run_address>
         <size>0x6c</size>
         <input_file_ref idref="fl-17a"/>
      </object_component>
      <object_component id="oc-6c">
         <name>.text</name>
         <load_address>0x2000d0e0</load_address>
         <run_address>0x2000d0e0</run_address>
         <size>0x6c</size>
         <input_file_ref idref="fl-157"/>
      </object_component>
      <object_component id="oc-4d">
         <name>.text</name>
         <load_address>0x2000d14c</load_address>
         <run_address>0x2000d14c</run_address>
         <size>0x6a</size>
         <input_file_ref idref="fl-137"/>
      </object_component>
      <object_component id="oc-7d9">
         <name>.text:_sl_NetAppSendTokenValue</name>
         <load_address>0x2000d1b8</load_address>
         <run_address>0x2000d1b8</run_address>
         <size>0x68</size>
         <input_file_ref idref="fl-17b"/>
      </object_component>
      <object_component id="oc-6c5">
         <name>.text</name>
         <load_address>0x2000d220</load_address>
         <run_address>0x2000d220</run_address>
         <size>0x66</size>
         <input_file_ref idref="fl-14f"/>
      </object_component>
      <object_component id="oc-687">
         <name>.text:uDMAChannelAttributeDisable</name>
         <load_address>0x2000d288</load_address>
         <run_address>0x2000d288</run_address>
         <size>0x64</size>
         <input_file_ref idref="fl-188"/>
      </object_component>
      <object_component id="oc-7b8">
         <name>.text:uDMAChannelAttributeEnable</name>
         <load_address>0x2000d2ec</load_address>
         <run_address>0x2000d2ec</run_address>
         <size>0x64</size>
         <input_file_ref idref="fl-188"/>
      </object_component>
      <object_component id="oc-7e3">
         <name>.text:_sl_HandleAsync_Accept</name>
         <load_address>0x2000d350</load_address>
         <run_address>0x2000d350</run_address>
         <size>0x60</size>
         <input_file_ref idref="fl-17c"/>
      </object_component>
      <object_component id="oc-3b3">
         <name>.text:sl_WlanPolicySet</name>
         <load_address>0x2000d3b0</load_address>
         <run_address>0x2000d3b0</run_address>
         <size>0x60</size>
         <input_file_ref idref="fl-17d"/>
      </object_component>
      <object_component id="oc-4c2">
         <name>.text:IntPendClear</name>
         <load_address>0x2000d410</load_address>
         <run_address>0x2000d410</run_address>
         <size>0x58</size>
         <input_file_ref idref="fl-171"/>
      </object_component>
      <object_component id="oc-3f1">
         <name>.text:PRCMPeripheralReset</name>
         <load_address>0x2000d468</load_address>
         <run_address>0x2000d468</run_address>
         <size>0x58</size>
         <input_file_ref idref="fl-173"/>
      </object_component>
      <object_component id="oc-601">
         <name>.text</name>
         <load_address>0x2000d4c0</load_address>
         <run_address>0x2000d4c0</run_address>
         <size>0x56</size>
         <input_file_ref idref="fl-162"/>
      </object_component>
      <object_component id="oc-385">
         <name>.text:IntPrioritySet</name>
         <load_address>0x2000d518</load_address>
         <run_address>0x2000d518</run_address>
         <size>0x54</size>
         <input_file_ref idref="fl-171"/>
      </object_component>
      <object_component id="oc-7ef">
         <name>.text:_sl_HandleAsync_Select</name>
         <load_address>0x2000d56c</load_address>
         <run_address>0x2000d56c</run_address>
         <size>0x54</size>
         <input_file_ref idref="fl-17c"/>
      </object_component>
      <object_component id="oc-76c">
         <name>.text:_sl_HandleAsync_Stop</name>
         <load_address>0x2000d5c0</load_address>
         <run_address>0x2000d5c0</run_address>
         <size>0x50</size>
         <input_file_ref idref="fl-179"/>
      </object_component>
      <object_component id="oc-557">
         <name>.text:SPIIntEnable</name>
         <load_address>0x2000d610</load_address>
         <run_address>0x2000d610</run_address>
         <size>0x4c</size>
         <input_file_ref idref="fl-187"/>
      </object_component>
      <object_component id="oc-30a">
         <name>.text:_SlDrvProtectAsyncRespSetting</name>
         <load_address>0x2000d65c</load_address>
         <run_address>0x2000d65c</run_address>
         <size>0x4c</size>
         <input_file_ref idref="fl-17a"/>
      </object_component>
      <object_component id="oc-352">
         <name>.text:_SlDrvRxIrqHandler</name>
         <load_address>0x2000d6a8</load_address>
         <run_address>0x2000d6a8</run_address>
         <size>0x4c</size>
         <input_file_ref idref="fl-17a"/>
      </object_component>
      <object_component id="oc-62f">
         <name>.text</name>
         <load_address>0x2000d6f4</load_address>
         <run_address>0x2000d6f4</run_address>
         <size>0x4c</size>
         <input_file_ref idref="fl-156"/>
      </object_component>
      <object_component id="oc-bb">
         <name>.text</name>
         <load_address>0x2000d740</load_address>
         <run_address>0x2000d740</run_address>
         <size>0x4c</size>
         <input_file_ref idref="fl-158"/>
      </object_component>
      <object_component id="oc-681">
         <name>.text:uDMAChannelAssign</name>
         <load_address>0x2000d78c</load_address>
         <run_address>0x2000d78c</run_address>
         <size>0x4c</size>
         <input_file_ref idref="fl-188"/>
      </object_component>
      <object_component id="oc-69b">
         <name>.text:SPIIntClear</name>
         <load_address>0x2000d7d8</load_address>
         <run_address>0x2000d7d8</run_address>
         <size>0x48</size>
         <input_file_ref idref="fl-187"/>
      </object_component>
      <object_component id="oc-5a2">
         <name>.text:_SlDrvBasicCmd</name>
         <load_address>0x2000d820</load_address>
         <run_address>0x2000d820</run_address>
         <size>0x48</size>
         <input_file_ref idref="fl-17a"/>
      </object_component>
      <object_component id="oc-5fc">
         <name>.text</name>
         <load_address>0x2000d868</load_address>
         <run_address>0x2000d868</run_address>
         <size>0x48</size>
         <input_file_ref idref="fl-15c"/>
      </object_component>
      <object_component id="oc-617">
         <name>.text</name>
         <load_address>0x2000d8b0</load_address>
         <run_address>0x2000d8b0</run_address>
         <size>0x46</size>
         <input_file_ref idref="fl-160"/>
      </object_component>
      <object_component id="oc-691">
         <name>.text:SPIDmaMaskGet</name>
         <load_address>0x2000d8f8</load_address>
         <run_address>0x2000d8f8</run_address>
         <size>0x44</size>
         <input_file_ref idref="fl-187"/>
      </object_component>
      <object_component id="oc-2bd">
         <name>.text:TimerConfigure</name>
         <load_address>0x2000d93c</load_address>
         <run_address>0x2000d93c</run_address>
         <size>0x44</size>
         <input_file_ref idref="fl-174"/>
      </object_component>
      <object_component id="oc-75c">
         <name>.text:cc_SetupTransfer</name>
         <load_address>0x2000d980</load_address>
         <run_address>0x2000d980</run_address>
         <size>0x44</size>
         <input_file_ref idref="fl-17e"/>
      </object_component>
      <object_component id="oc-78">
         <name>.text</name>
         <load_address>0x2000d9c4</load_address>
         <run_address>0x2000d9c4</run_address>
         <size>0x44</size>
         <input_file_ref idref="fl-139"/>
      </object_component>
      <object_component id="oc-408">
         <name>.text:PinModeSet</name>
         <load_address>0x2000da08</load_address>
         <run_address>0x2000da08</run_address>
         <size>0x40</size>
         <input_file_ref idref="fl-172"/>
      </object_component>
      <object_component id="oc-7fc">
         <name>.text</name>
         <load_address>0x2000da48</load_address>
         <run_address>0x2000da48</run_address>
         <size>0x40</size>
         <input_file_ref idref="fl-165"/>
      </object_component>
      <object_component id="oc-5ac">
         <name>.text:CopyPingResultsToReport</name>
         <load_address>0x2000da88</load_address>
         <run_address>0x2000da88</run_address>
         <size>0x3c</size>
         <input_file_ref idref="fl-17b"/>
      </object_component>
      <object_component id="oc-1a9">
         <name>.text:PRCMPeripheralClkEnable</name>
         <load_address>0x2000dac4</load_address>
         <run_address>0x2000dac4</run_address>
         <size>0x3c</size>
         <input_file_ref idref="fl-173"/>
      </object_component>
      <object_component id="oc-24">
         <name>.text</name>
         <load_address>0x2000db00</load_address>
         <run_address>0x2000db00</run_address>
         <size>0x3c</size>
         <input_file_ref idref="fl-135"/>
      </object_component>
      <object_component id="oc-7b2">
         <name>.text:uDMAChannelControlSet</name>
         <load_address>0x2000db3c</load_address>
         <run_address>0x2000db3c</run_address>
         <size>0x3c</size>
         <input_file_ref idref="fl-188"/>
      </object_component>
      <object_component id="oc-2b1">
         <name>.text:ADCChannelEnable</name>
         <load_address>0x2000db78</load_address>
         <run_address>0x2000db78</run_address>
         <size>0x38</size>
         <input_file_ref idref="fl-16e"/>
      </object_component>
      <object_component id="oc-2fe">
         <name>.text:NwpPowerOff</name>
         <load_address>0x2000dbb0</load_address>
         <run_address>0x2000dbb0</run_address>
         <size>0x38</size>
         <input_file_ref idref="fl-17e"/>
      </object_component>
      <object_component id="oc-f2">
         <name>.text</name>
         <load_address>0x2000dbe8</load_address>
         <run_address>0x2000dbe8</run_address>
         <size>0x38</size>
         <input_file_ref idref="fl-184"/>
      </object_component>
      <object_component id="oc-279">
         <name>.text</name>
         <load_address>0x2000dc20</load_address>
         <run_address>0x2000dc20</run_address>
         <size>0x38</size>
         <input_file_ref idref="fl-15f"/>
      </object_component>
      <object_component id="oc-287">
         <name>.text:GPIODirModeSet</name>
         <load_address>0x2000dc58</load_address>
         <run_address>0x2000dc58</run_address>
         <size>0x36</size>
         <input_file_ref idref="fl-16f"/>
      </object_component>
      <object_component id="oc-2c3">
         <name>.text:TimerControlLevel</name>
         <load_address>0x2000dc8e</load_address>
         <run_address>0x2000dc8e</run_address>
         <size>0x36</size>
         <input_file_ref idref="fl-174"/>
      </object_component>
      <object_component id="oc-539">
         <name>.text:PRCMPeripheralStatusGet</name>
         <load_address>0x2000dcc4</load_address>
         <run_address>0x2000dcc4</run_address>
         <size>0x34</size>
         <input_file_ref idref="fl-173"/>
      </object_component>
      <object_component id="oc-551">
         <name>.text:SPIFIFOLevelSet</name>
         <load_address>0x2000dcf8</load_address>
         <run_address>0x2000dcf8</run_address>
         <size>0x34</size>
         <input_file_ref idref="fl-187"/>
      </object_component>
      <object_component id="oc-745">
         <name>.text</name>
         <load_address>0x2000dd2c</load_address>
         <run_address>0x2000dd2c</run_address>
         <size>0x34</size>
         <input_file_ref idref="fl-15d"/>
      </object_component>
      <object_component id="oc-144">
         <name>.text</name>
         <load_address>0x2000dd60</load_address>
         <run_address>0x2000dd60</run_address>
         <size>0x34</size>
         <input_file_ref idref="fl-141"/>
      </object_component>
      <object_component id="oc-281">
         <name>.text:PinTypeGPIO</name>
         <load_address>0x2000dd94</load_address>
         <run_address>0x2000dd94</run_address>
         <size>0x30</size>
         <input_file_ref idref="fl-172"/>
      </object_component>
      <object_component id="oc-45c">
         <name>.text:UARTDisable</name>
         <load_address>0x2000ddc4</load_address>
         <run_address>0x2000ddc4</run_address>
         <size>0x30</size>
         <input_file_ref idref="fl-175"/>
      </object_component>
      <object_component id="oc-706">
         <name>.text:_SlDrvDeviceEventHandler</name>
         <load_address>0x2000ddf4</load_address>
         <run_address>0x2000ddf4</run_address>
         <size>0x30</size>
         <input_file_ref idref="fl-179"/>
      </object_component>
      <object_component id="oc-6d3">
         <name>.text</name>
         <load_address>0x2000de24</load_address>
         <run_address>0x2000de24</run_address>
         <size>0x30</size>
         <input_file_ref idref="fl-151"/>
      </object_component>
      <object_component id="oc-3ad">
         <name>.text:sl_WlanProfileDel</name>
         <load_address>0x2000de54</load_address>
         <run_address>0x2000de54</run_address>
         <size>0x30</size>
         <input_file_ref idref="fl-17d"/>
      </object_component>
      <object_component id="oc-155">
         <name>.text:sl_WlanSetMode</name>
         <load_address>0x2000de84</load_address>
         <run_address>0x2000de84</run_address>
         <size>0x30</size>
         <input_file_ref idref="fl-17d"/>
      </object_component>
      <object_component id="oc-607">
         <name>.text</name>
         <load_address>0x2000deb4</load_address>
         <run_address>0x2000deb4</run_address>
         <size>0x2e</size>
         <input_file_ref idref="fl-142"/>
      </object_component>
      <object_component id="oc-7a4">
         <name>.text</name>
         <load_address>0x2000dee2</load_address>
         <run_address>0x2000dee2</run_address>
         <size>0x2e</size>
         <input_file_ref idref="fl-164"/>
      </object_component>
      <object_component id="oc-566">
         <name>.text:DmaSpiSwIntHandler</name>
         <load_address>0x2000df10</load_address>
         <run_address>0x2000df10</run_address>
         <size>0x2c</size>
         <input_file_ref idref="fl-17e"/>
      </object_component>
      <object_component id="oc-42d">
         <name>.text:I2CMasterErr</name>
         <load_address>0x2000df3c</load_address>
         <run_address>0x2000df3c</run_address>
         <size>0x2c</size>
         <input_file_ref idref="fl-170"/>
      </object_component>
      <object_component id="oc-346">
         <name>.text:NwpPowerOn</name>
         <load_address>0x2000df68</load_address>
         <run_address>0x2000df68</run_address>
         <size>0x2c</size>
         <input_file_ref idref="fl-17e"/>
      </object_component>
      <object_component id="oc-3fd">
         <name>.text:PRCMSysResetCauseGet</name>
         <load_address>0x2000df94</load_address>
         <run_address>0x2000df94</run_address>
         <size>0x2c</size>
         <input_file_ref idref="fl-173"/>
      </object_component>
      <object_component id="oc-2cf">
         <name>.text:TimerLoadSet</name>
         <load_address>0x2000dfc0</load_address>
         <run_address>0x2000dfc0</run_address>
         <size>0x2a</size>
         <input_file_ref idref="fl-174"/>
      </object_component>
      <object_component id="oc-2d5">
         <name>.text:TimerMatchSet</name>
         <load_address>0x2000dfea</load_address>
         <run_address>0x2000dfea</run_address>
         <size>0x2a</size>
         <input_file_ref idref="fl-174"/>
      </object_component>
      <object_component id="oc-2c9">
         <name>.text:TimerPrescaleSet</name>
         <load_address>0x2000e014</load_address>
         <run_address>0x2000e014</run_address>
         <size>0x2a</size>
         <input_file_ref idref="fl-174"/>
      </object_component>
      <object_component id="oc-623">
         <name>.text</name>
         <load_address>0x2000e03e</load_address>
         <run_address>0x2000e03e</run_address>
         <size>0x2a</size>
         <input_file_ref idref="fl-168"/>
      </object_component>
      <object_component id="oc-3f7">
         <name>.text:PRCMPeripheralClkDisable</name>
         <load_address>0x2000e068</load_address>
         <run_address>0x2000e068</run_address>
         <size>0x28</size>
         <input_file_ref idref="fl-173"/>
      </object_component>
      <object_component id="oc-16d">
         <name>.text:sl_NetAppStart</name>
         <load_address>0x2000e090</load_address>
         <run_address>0x2000e090</run_address>
         <size>0x28</size>
         <input_file_ref idref="fl-17b"/>
      </object_component>
      <object_component id="oc-167">
         <name>.text:sl_NetAppStop</name>
         <load_address>0x2000e0b8</load_address>
         <run_address>0x2000e0b8</run_address>
         <size>0x28</size>
         <input_file_ref idref="fl-17b"/>
      </object_component>
      <object_component id="oc-2f8">
         <name>.text:NwpRegisterInterruptHandler</name>
         <load_address>0x2000e0e0</load_address>
         <run_address>0x2000e0e0</run_address>
         <size>0x26</size>
         <input_file_ref idref="fl-17e"/>
      </object_component>
      <object_component id="oc-391">
         <name>.text:IntUnregister</name>
         <load_address>0x2000e108</load_address>
         <run_address>0x2000e108</run_address>
         <size>0x24</size>
         <input_file_ref idref="fl-171"/>
      </object_component>
      <object_component id="oc-462">
         <name>.text:UARTEnable</name>
         <load_address>0x2000e12c</load_address>
         <run_address>0x2000e12c</run_address>
         <size>0x24</size>
         <input_file_ref idref="fl-175"/>
      </object_component>
      <object_component id="oc-500">
         <name>.text:_SlDrvProtectionObjLockWaitForever</name>
         <load_address>0x2000e150</load_address>
         <run_address>0x2000e150</run_address>
         <size>0x24</size>
         <input_file_ref idref="fl-17a"/>
      </object_component>
      <object_component id="oc-238">
         <name>.text</name>
         <load_address>0x2000e174</load_address>
         <run_address>0x2000e174</run_address>
         <size>0x24</size>
         <input_file_ref idref="fl-145"/>
      </object_component>
      <object_component id="oc-29f">
         <name>.text:ADCTimerConfig</name>
         <load_address>0x2000e198</load_address>
         <run_address>0x2000e198</run_address>
         <size>0x22</size>
         <input_file_ref idref="fl-16e"/>
      </object_component>
      <object_component id="oc-433">
         <name>.text:I2CMasterSlaveAddrSet</name>
         <load_address>0x2000e1ba</load_address>
         <run_address>0x2000e1ba</run_address>
         <size>0x22</size>
         <input_file_ref idref="fl-170"/>
      </object_component>
      <object_component id="oc-4ef">
         <name>.text:SPIReset</name>
         <load_address>0x2000e1dc</load_address>
         <run_address>0x2000e1dc</run_address>
         <size>0x22</size>
         <input_file_ref idref="fl-187"/>
      </object_component>
      <object_component id="oc-6f9">
         <name>.text:SPIWordCountSet</name>
         <load_address>0x2000e1fe</load_address>
         <run_address>0x2000e1fe</run_address>
         <size>0x22</size>
         <input_file_ref idref="fl-187"/>
      </object_component>
      <object_component id="oc-611">
         <name>.text</name>
         <load_address>0x2000e220</load_address>
         <run_address>0x2000e220</run_address>
         <size>0x22</size>
         <input_file_ref idref="fl-15e"/>
      </object_component>
      <object_component id="oc-13e">
         <name>.text</name>
         <load_address>0x2000e242</load_address>
         <run_address>0x2000e242</run_address>
         <size>0x22</size>
         <input_file_ref idref="fl-143"/>
      </object_component>
      <object_component id="oc-293">
         <name>.text:GPIOPinWrite</name>
         <load_address>0x2000e264</load_address>
         <run_address>0x2000e264</run_address>
         <size>0x20</size>
         <input_file_ref idref="fl-16f"/>
      </object_component>
      <object_component id="oc-37f">
         <name>.text:IntRegister</name>
         <load_address>0x2000e284</load_address>
         <run_address>0x2000e284</run_address>
         <size>0x20</size>
         <input_file_ref idref="fl-171"/>
      </object_component>
      <object_component id="oc-506">
         <name>.text:_SlDrvProtectionObjUnLock</name>
         <load_address>0x2000e2a4</load_address>
         <run_address>0x2000e2a4</run_address>
         <size>0x20</size>
         <input_file_ref idref="fl-17a"/>
      </object_component>
      <object_component id="oc-415">
         <name>.text:I2CMasterIntStatusEx</name>
         <load_address>0x2000e2c4</load_address>
         <run_address>0x2000e2c4</run_address>
         <size>0x1e</size>
         <input_file_ref idref="fl-170"/>
      </object_component>
      <object_component id="oc-2db">
         <name>.text:TimerEnable</name>
         <load_address>0x2000e2e2</load_address>
         <run_address>0x2000e2e2</run_address>
         <size>0x1e</size>
         <input_file_ref idref="fl-174"/>
      </object_component>
      <object_component id="oc-220">
         <name>.text:UARTCharPut</name>
         <load_address>0x2000e300</load_address>
         <run_address>0x2000e300</run_address>
         <size>0x1e</size>
         <input_file_ref idref="fl-175"/>
      </object_component>
      <object_component id="oc-53f">
         <name>.text:cc_UDMAChannelSelect</name>
         <load_address>0x2000e31e</load_address>
         <run_address>0x2000e31e</run_address>
         <size>0x1e</size>
         <input_file_ref idref="fl-17e"/>
      </object_component>
      <object_component id="oc-232">
         <name>.text:UARTCharGetNonBlocking</name>
         <load_address>0x2000e33c</load_address>
         <run_address>0x2000e33c</run_address>
         <size>0x1c</size>
         <input_file_ref idref="fl-175"/>
      </object_component>
      <object_component id="oc-49e">
         <name>.text:_SlDrvObjLockWaitForever</name>
         <load_address>0x2000e358</load_address>
         <run_address>0x2000e358</run_address>
         <size>0x1c</size>
         <input_file_ref idref="fl-17a"/>
      </object_component>
      <object_component id="oc-310">
         <name>.text:_SlDrvSyncObjWaitForever</name>
         <load_address>0x2000e374</load_address>
         <run_address>0x2000e374</run_address>
         <size>0x1c</size>
         <input_file_ref idref="fl-17a"/>
      </object_component>
      <object_component id="oc-629">
         <name>.text</name>
         <load_address>0x2000e390</load_address>
         <run_address>0x2000e390</run_address>
         <size>0x1c</size>
         <input_file_ref idref="fl-163"/>
      </object_component>
      <object_component id="oc-7c4">
         <name>.text:uDMAChannelEnable</name>
         <load_address>0x2000e3ac</load_address>
         <run_address>0x2000e3ac</run_address>
         <size>0x1c</size>
         <input_file_ref idref="fl-188"/>
      </object_component>
      <object_component id="oc-370">
         <name>.text:GPIOIntEnable</name>
         <load_address>0x2000e3c8</load_address>
         <run_address>0x2000e3c8</run_address>
         <size>0x1a</size>
         <input_file_ref idref="fl-16f"/>
      </object_component>
      <object_component id="oc-2b7">
         <name>.text:PinTypeTimer</name>
         <load_address>0x2000e3e2</load_address>
         <run_address>0x2000e3e2</run_address>
         <size>0x1a</size>
         <input_file_ref idref="fl-172"/>
      </object_component>
      <object_component id="oc-1af">
         <name>.text:PinTypeUART</name>
         <load_address>0x2000e3fc</load_address>
         <run_address>0x2000e3fc</run_address>
         <size>0x1a</size>
         <input_file_ref idref="fl-172"/>
      </object_component>
      <object_component id="oc-4dd">
         <name>.text:SPIDmaDisable</name>
         <load_address>0x2000e416</load_address>
         <run_address>0x2000e416</run_address>
         <size>0x1a</size>
         <input_file_ref idref="fl-187"/>
      </object_component>
      <object_component id="oc-54b">
         <name>.text:SPIDmaEnable</name>
         <load_address>0x2000e430</load_address>
         <run_address>0x2000e430</run_address>
         <size>0x1a</size>
         <input_file_ref idref="fl-187"/>
      </object_component>
      <object_component id="oc-4d7">
         <name>.text:SPIFIFODisable</name>
         <load_address>0x2000e44a</load_address>
         <run_address>0x2000e44a</run_address>
         <size>0x1a</size>
         <input_file_ref idref="fl-187"/>
      </object_component>
      <object_component id="oc-545">
         <name>.text:SPIFIFOEnable</name>
         <load_address>0x2000e464</load_address>
         <run_address>0x2000e464</run_address>
         <size>0x1a</size>
         <input_file_ref idref="fl-187"/>
      </object_component>
      <object_component id="oc-28d">
         <name>.text:GPIOPinRead</name>
         <load_address>0x2000e47e</load_address>
         <run_address>0x2000e47e</run_address>
         <size>0x18</size>
         <input_file_ref idref="fl-16f"/>
      </object_component>
      <object_component id="oc-4e3">
         <name>.text:SPICSDisable</name>
         <load_address>0x2000e496</load_address>
         <run_address>0x2000e496</run_address>
         <size>0x18</size>
         <input_file_ref idref="fl-187"/>
      </object_component>
      <object_component id="oc-6f3">
         <name>.text:SPICSEnable</name>
         <load_address>0x2000e4ae</load_address>
         <run_address>0x2000e4ae</run_address>
         <size>0x18</size>
         <input_file_ref idref="fl-187"/>
      </object_component>
      <object_component id="oc-4e9">
         <name>.text:SPIDisable</name>
         <load_address>0x2000e4c6</load_address>
         <run_address>0x2000e4c6</run_address>
         <size>0x18</size>
         <input_file_ref idref="fl-187"/>
      </object_component>
      <object_component id="oc-55d">
         <name>.text:SPIEnable</name>
         <load_address>0x2000e4de</load_address>
         <run_address>0x2000e4de</run_address>
         <size>0x18</size>
         <input_file_ref idref="fl-187"/>
      </object_component>
      <object_component id="oc-22c">
         <name>.text:UARTCharsAvail</name>
         <load_address>0x2000e4f6</load_address>
         <run_address>0x2000e4f6</run_address>
         <size>0x18</size>
         <input_file_ref idref="fl-175"/>
      </object_component>
      <object_component id="oc-4b0">
         <name>.text:_SlDrvObjUnLock</name>
         <load_address>0x2000e50e</load_address>
         <run_address>0x2000e50e</run_address>
         <size>0x18</size>
         <input_file_ref idref="fl-17a"/>
      </object_component>
      <object_component id="oc-514">
         <name>.text:_SlDrvSyncObjSignal</name>
         <load_address>0x2000e526</load_address>
         <run_address>0x2000e526</run_address>
         <size>0x18</size>
         <input_file_ref idref="fl-17a"/>
      </object_component>
      <object_component id="oc-34c">
         <name>.text:_sl_GetStartResponseConvert</name>
         <load_address>0x2000e540</load_address>
         <run_address>0x2000e540</run_address>
         <size>0x18</size>
         <input_file_ref idref="fl-179"/>
      </object_component>
      <object_component id="oc-72">
         <name>.text</name>
         <load_address>0x2000e558</load_address>
         <run_address>0x2000e558</run_address>
         <size>0x18</size>
         <input_file_ref idref="fl-155"/>
      </object_component>
      <object_component id="oc-2a5">
         <name>.text:ADCTimerEnable</name>
         <load_address>0x2000e570</load_address>
         <run_address>0x2000e570</run_address>
         <size>0x16</size>
         <input_file_ref idref="fl-16e"/>
      </object_component>
      <object_component id="oc-439">
         <name>.text:I2CMasterDataPut</name>
         <load_address>0x2000e586</load_address>
         <run_address>0x2000e586</run_address>
         <size>0x16</size>
         <input_file_ref idref="fl-170"/>
      </object_component>
      <object_component id="oc-5cf">
         <name>.text:I2CMasterEnable</name>
         <load_address>0x2000e59c</load_address>
         <run_address>0x2000e59c</run_address>
         <size>0x16</size>
         <input_file_ref idref="fl-170"/>
      </object_component>
      <object_component id="oc-3e5">
         <name>.text:PRCMHIBRegRead</name>
         <load_address>0x2000e5b2</load_address>
         <run_address>0x2000e5b2</run_address>
         <size>0x16</size>
         <input_file_ref idref="fl-173"/>
      </object_component>
      <object_component id="oc-3eb">
         <name>.text:PRCMHIBRegWrite</name>
         <load_address>0x2000e5c8</load_address>
         <run_address>0x2000e5c8</run_address>
         <size>0x16</size>
         <input_file_ref idref="fl-173"/>
      </object_component>
      <object_component id="oc-528">
         <name>.text:_SlDrvMemZero</name>
         <load_address>0x2000e5de</load_address>
         <run_address>0x2000e5de</run_address>
         <size>0x16</size>
         <input_file_ref idref="fl-17a"/>
      </object_component>
      <object_component id="oc-61d">
         <name>.text</name>
         <load_address>0x2000e5f4</load_address>
         <run_address>0x2000e5f4</run_address>
         <size>0x16</size>
         <input_file_ref idref="fl-166"/>
      </object_component>
      <object_component id="oc-2ab">
         <name>.text:ADCEnable</name>
         <load_address>0x2000e60a</load_address>
         <run_address>0x2000e60a</run_address>
         <size>0x14</size>
         <input_file_ref idref="fl-16e"/>
      </object_component>
      <object_component id="oc-3da">
         <name>.text:CPUcpsie</name>
         <load_address>0x2000e61e</load_address>
         <run_address>0x2000e61e</run_address>
         <size>0x14</size>
         <input_file_ref idref="fl-177"/>
      </object_component>
      <object_component id="oc-36a">
         <name>.text:GPIOIntClear</name>
         <load_address>0x2000e632</load_address>
         <run_address>0x2000e632</run_address>
         <size>0x14</size>
         <input_file_ref idref="fl-16f"/>
      </object_component>
      <object_component id="oc-191">
         <name>.text:IntVTableBaseSet</name>
         <load_address>0x2000e648</load_address>
         <run_address>0x2000e648</run_address>
         <size>0x14</size>
         <input_file_ref idref="fl-171"/>
      </object_component>
      <object_component id="oc-299">
         <name>.text:PinTypeADC</name>
         <load_address>0x2000e65c</load_address>
         <run_address>0x2000e65c</run_address>
         <size>0x14</size>
         <input_file_ref idref="fl-172"/>
      </object_component>
      <object_component id="oc-1c3">
         <name>.text</name>
         <load_address>0x2000e670</load_address>
         <run_address>0x2000e670</run_address>
         <size>0x14</size>
         <input_file_ref idref="fl-153"/>
      </object_component>
      <object_component id="oc-149">
         <name>.text</name>
         <load_address>0x2000e684</load_address>
         <run_address>0x2000e684</run_address>
         <size>0x14</size>
         <input_file_ref idref="fl-14b"/>
      </object_component>
      <object_component id="oc-138">
         <name>.text</name>
         <load_address>0x2000e698</load_address>
         <run_address>0x2000e698</run_address>
         <size>0x14</size>
         <input_file_ref idref="fl-14c"/>
      </object_component>
      <object_component id="oc-427">
         <name>.text:I2CMasterControl</name>
         <load_address>0x2000e6ac</load_address>
         <run_address>0x2000e6ac</run_address>
         <size>0x12</size>
         <input_file_ref idref="fl-170"/>
      </object_component>
      <object_component id="oc-41b">
         <name>.text:I2CMasterIntClearEx</name>
         <load_address>0x2000e6be</load_address>
         <run_address>0x2000e6be</run_address>
         <size>0x12</size>
         <input_file_ref idref="fl-170"/>
      </object_component>
      <object_component id="oc-421">
         <name>.text:I2CMasterTimeoutSet</name>
         <load_address>0x2000e6d0</load_address>
         <run_address>0x2000e6d0</run_address>
         <size>0x12</size>
         <input_file_ref idref="fl-170"/>
      </object_component>
      <object_component id="oc-43f">
         <name>.text:I2CMasterDataGet</name>
         <load_address>0x2000e6e2</load_address>
         <run_address>0x2000e6e2</run_address>
         <size>0xe</size>
         <input_file_ref idref="fl-170"/>
      </object_component>
      <object_component id="oc-3a1">
         <name>.text:_SlDrvResetCmdExt</name>
         <load_address>0x2000e6f0</load_address>
         <run_address>0x2000e6f0</run_address>
         <size>0xe</size>
         <input_file_ref idref="fl-17a"/>
      </object_component>
      <object_component id="oc-12">
         <name>.text:decompress:none</name>
         <load_address>0x2000e6fe</load_address>
         <run_address>0x2000e6fe</run_address>
         <size>0xe</size>
         <input_file_ref idref="fl-136"/>
      </object_component>
      <object_component id="oc-2d">
         <name>.text</name>
         <load_address>0x2000e70c</load_address>
         <run_address>0x2000e70c</run_address>
         <size>0xe</size>
         <input_file_ref idref="fl-a"/>
      </object_component>
      <object_component id="oc-4d0">
         <name>.text:NwpMaskInterrupt</name>
         <load_address>0x2000e71c</load_address>
         <run_address>0x2000e71c</run_address>
         <size>0xc</size>
         <input_file_ref idref="fl-17e"/>
      </object_component>
      <object_component id="oc-56d">
         <name>.text:NwpUnMaskInterrupt</name>
         <load_address>0x2000e728</load_address>
         <run_address>0x2000e728</run_address>
         <size>0xc</size>
         <input_file_ref idref="fl-17e"/>
      </object_component>
      <object_component id="oc-1e">
         <name>.text:decompress:ZI</name>
         <load_address>0x2000e734</load_address>
         <run_address>0x2000e734</run_address>
         <size>0xc</size>
         <input_file_ref idref="fl-138"/>
      </object_component>
      <object_component id="oc-3bf">
         <name>.text:sl_WlanSmartConfigStop</name>
         <load_address>0x2000e740</load_address>
         <run_address>0x2000e740</run_address>
         <size>0xc</size>
         <input_file_ref idref="fl-17d"/>
      </object_component>
      <object_component id="oc-197">
         <name>.text:IntMasterEnable</name>
         <load_address>0x2000e74c</load_address>
         <run_address>0x2000e74c</run_address>
         <size>0xa</size>
         <input_file_ref idref="fl-171"/>
      </object_component>
      <object_component id="oc-125">
         <name>.text:UtilsDelay</name>
         <load_address>0x2000e756</load_address>
         <run_address>0x2000e756</run_address>
         <size>0x6</size>
         <input_file_ref idref="fl-176"/>
      </object_component>
      <object_component id="oc-18">
         <name>.text:decompress:rle24</name>
         <load_address>0x2000e75c</load_address>
         <run_address>0x2000e75c</run_address>
         <size>0x6</size>
         <input_file_ref idref="fl-137"/>
      </object_component>
      <object_component id="oc-66">
         <name>.text</name>
         <load_address>0x2000e762</load_address>
         <run_address>0x2000e762</run_address>
         <size>0x4</size>
         <input_file_ref idref="fl-149"/>
      </object_component>
      <object_component id="oc-6e1">
         <name>.const:.string:_ctypes_</name>
         <load_address>0x2000e768</load_address>
         <run_address>0x2000e768</run_address>
         <size>0x101</size>
         <input_file_ref idref="fl-159"/>
      </object_component>
      <object_component id="oc-5c2">
         <name>.const:g_ulPinToPadMap</name>
         <load_address>0x2000e86c</load_address>
         <run_address>0x2000e86c</run_address>
         <size>0x100</size>
[...]
         <object_component_ref idref="oc-179"/>
      </symbol>
      <symbol id="sm-1172">
         <name>osi_SyncObjDelete</name>
         <value>0x20008729</value>
         <object_component_ref idref="oc-179"/>
      </symbol>
      <symbol id="sm-1173">
         <name>osi_TaskDisable</name>
         <value>0x20008aed</value>
         <object_component_ref idref="oc-179"/>
      </symbol>
      <symbol id="sm-1174">
         <name>osi_Spawn</name>
         <value>0x200088cb</value>
         <object_component_ref idref="oc-179"/>
      </symbol>
      <symbol id="sm-1175">
         <name>mem_Free</name>
         <value>0x20008a8d</value>
         <object_component_ref idref="oc-179"/>
      </symbol>
      <symbol id="sm-1176">
         <name>osi_ContextSave</name>
         <value>0x20008b01</value>
         <object_component_ref idref="oc-179"/>
      </symbol>
      <symbol id="sm-1177">
         <name>xSimpleLinkSpawnQueue</name>
         <value>0x20019550</value>
         <object_component_ref idref="oc-39d"/>
      </symbol>
      <symbol id="sm-1178">
         <name>xSimpleLinkSpawnTaskHndl</name>
         <value>0x20019554</value>
         <object_component_ref idref="oc-39d"/>
      </symbol>
      <symbol id="sm-11a0">
         <name>vPortSetupTimerInterrupt</name>
         <value>0x2000b1d1</value>
         <object_component_ref idref="oc-38"/>
      </symbol>
      <symbol id="sm-11a1">
         <name>vPortEndScheduler</name>
         <value>0x2000b171</value>
         <object_component_ref idref="oc-38"/>
      </symbol>
      <symbol id="sm-11a2">
         <name>vPortYield</name>
         <value>0x2000b173</value>
         <object_component_ref idref="oc-38"/>
      </symbol>
      <symbol id="sm-11a3">
         <name>xPortSysTickHandler</name>
         <value>0x2000b1b5</value>
         <object_component_ref idref="oc-38"/>
      </symbol>
      <symbol id="sm-11a4">
         <name>pxPortInitialiseStack</name>
         <value>0x2000b0f5</value>
         <object_component_ref idref="oc-38"/>
      </symbol>
      <symbol id="sm-11a5">
         <name>vPortExitCritical</name>
         <value>0x2000b19d</value>
         <object_component_ref idref="oc-38"/>
      </symbol>
      <symbol id="sm-11a6">
         <name>xPortStartScheduler</name>
         <value>0x2000b145</value>
         <object_component_ref idref="oc-38"/>
      </symbol>
      <symbol id="sm-11a7">
         <name>vPortEnterCritical</name>
         <value>0x2000b185</value>
         <object_component_ref idref="oc-38"/>
      </symbol>
      <symbol id="sm-11b8">
         <name>portCLZ</name>
         <value>0x2000bfdd</value>
         <object_component_ref idref="oc-33"/>
      </symbol>
      <symbol id="sm-11b9">
         <name>xPortPendSVHandler</name>
         <value>0x2000bf51</value>
         <object_component_ref idref="oc-33"/>
      </symbol>
      <symbol id="sm-11ba">
         <name>vPortClearInterruptMask</name>
         <value>0x2000bf43</value>
         <object_component_ref idref="oc-33"/>
      </symbol>
      <symbol id="sm-11bb">
         <name>ulPortSetInterruptMask</name>
         <value>0x2000bf2d</value>
         <object_component_ref idref="oc-33"/>
      </symbol>
      <symbol id="sm-11bc">
         <name>prvPortStartFirstTask</name>
         <value>0x2000bfc5</value>
         <object_component_ref idref="oc-33"/>
      </symbol>
      <symbol id="sm-11bd">
         <name>vPortSVCHandler</name>
         <value>0x2000bf9d</value>
         <object_component_ref idref="oc-33"/>
      </symbol>
      <symbol id="sm-1271">
         <name>xQueuePeekFromISR</name>
         <value>0x20007c61</value>
         <object_component_ref idref="oc-397"/>
      </symbol>
      <symbol id="sm-1272">
         <name>xQueueIsQueueEmptyFromISR</name>
         <value>0x20007ee7</value>
         <object_component_ref idref="oc-397"/>
      </symbol>
      <symbol id="sm-1273">
         <name>xQueueGenericSendFromISR</name>
         <value>0x20007a0b</value>
         <object_component_ref idref="oc-397"/>
      </symbol>
      <symbol id="sm-1274">
         <name>uxQueueMessagesWaiting</name>
         <value>0x20007ca5</value>
         <object_component_ref idref="oc-397"/>
      </symbol>
      <symbol id="sm-1275">
         <name>vQueueAddToRegistry</name>
         <value>0x20007f4b</value>
         <object_component_ref idref="oc-397"/>
      </symbol>
      <symbol id="sm-1276">
         <name>xQueueIsQueueFullFromISR</name>
         <value>0x20007f29</value>
         <object_component_ref idref="oc-397"/>
      </symbol>
      <symbol id="sm-1277">
         <name>xQueueSelectFromSet</name>
         <value>0x20008051</value>
         <object_component_ref idref="oc-397"/>
      </symbol>
      <symbol id="sm-1278">
         <name>xQueueGenericCreate</name>
         <value>0x20007641</value>
         <object_component_ref idref="oc-397"/>
      </symbol>
      <symbol id="sm-1279">
         <name>xQueueSelectFromSetFromISR</name>
         <value>0x2000806b</value>
         <object_component_ref idref="oc-397"/>
      </symbol>
      <symbol id="sm-127a">
         <name>xQueueCreateMutex</name>
         <value>0x200076b7</value>
         <object_component_ref idref="oc-397"/>
      </symbol>
      <symbol id="sm-127b">
         <name>vQueueSetQueueNumber</name>
         <value>0x20007d1f</value>
         <object_component_ref idref="oc-397"/>
      </symbol>
      <symbol id="sm-127c">
         <name>xQueueGenericSend</name>
         <value>0x20007755</value>
         <object_component_ref idref="oc-397"/>
      </symbol>
      <symbol id="sm-127d">
         <name>xQueueGenericReset</name>
         <value>0x200075b1</value>
         <object_component_ref idref="oc-397"/>
      </symbol>
      <symbol id="sm-127e">
         <name>xQueueReceiveFromISR</name>
         <value>0x20007be9</value>
         <object_component_ref idref="oc-397"/>
      </symbol>
      <symbol id="sm-127f">
         <name>uxQueueSpacesAvailable</name>
         <value>0x20007cbb</value>
         <object_component_ref idref="oc-397"/>
      </symbol>
      <symbol id="sm-1280">
         <name>xQueueRegistry</name>
         <value>0x20019290</value>
         <object_component_ref idref="oc-598"/>
      </symbol>
      <symbol id="sm-1281">
         <name>vQueueUnregisterQueue</name>
         <value>0x20007f8d</value>
         <object_component_ref idref="oc-397"/>
      </symbol>
      <symbol id="sm-1282">
         <name>xQueueAltGenericReceive</name>
         <value>0x2000790d</value>
         <object_component_ref idref="oc-397"/>
      </symbol>
      <symbol id="sm-1283">
         <name>uxQueueMessagesWaitingFromISR</name>
         <value>0x20007cdb</value>
         <object_component_ref idref="oc-397"/>
      </symbol>
      <symbol id="sm-1284">
         <name>uxQueueGetQueueNumber</name>
         <value>0x20007d11</value>
         <object_component_ref idref="oc-397"/>
      </symbol>
      <symbol id="sm-1285">
         <name>xQueueGenericReceive</name>
         <value>0x20007aa7</value>
         <object_component_ref idref="oc-397"/>
      </symbol>
      <symbol id="sm-1286">
         <name>xQueueCreateCountingSemaphore</name>
         <value>0x20007735</value>
         <object_component_ref idref="oc-397"/>
      </symbol>
      <symbol id="sm-1287">
         <name>vQueueDelete</name>
         <value>0x20007ced</value>
         <object_component_ref idref="oc-397"/>
      </symbol>
      <symbol id="sm-1288">
         <name>xQueueAddToSet</name>
         <value>0x20007fdb</value>
         <object_component_ref idref="oc-397"/>
      </symbol>
      <symbol id="sm-1289">
         <name>xQueueAltGenericSend</name>
         <value>0x20007861</value>
         <object_component_ref idref="oc-397"/>
      </symbol>
      <symbol id="sm-128a">
         <name>xQueueCreateSet</name>
         <value>0x20007fc7</value>
         <object_component_ref idref="oc-397"/>
      </symbol>
      <symbol id="sm-128b">
         <name>xQueueRemoveFromSet</name>
         <value>0x2000800f</value>
         <object_component_ref idref="oc-397"/>
      </symbol>
      <symbol id="sm-128c">
         <name>ucQueueGetQueueType</name>
         <value>0x20007d31</value>
         <object_component_ref idref="oc-397"/>
      </symbol>
      <symbol id="sm-13fc">
         <name>vTaskDelay</name>
         <value>0x2000463b</value>
         <object_component_ref idref="oc-87"/>
      </symbol>
      <symbol id="sm-13fd">
         <name>vTaskSuspendAll</name>
         <value>0x20004a9f</value>
         <object_component_ref idref="oc-87"/>
      </symbol>
      <symbol id="sm-13fe">
         <name>vTaskPriorityInherit</name>
         <value>0x200054dd</value>
         <object_component_ref idref="oc-87"/>
      </symbol>
      <symbol id="sm-13ff">
         <name>vTaskPlaceOnEventList</name>
         <value>0x20004e51</value>
         <object_component_ref idref="oc-87"/>
      </symbol>
      <symbol id="sm-1400">
         <name>vTaskSetTaskNumber</name>
         <value>0x200050e9</value>
         <object_component_ref idref="oc-87"/>
      </symbol>
      <symbol id="sm-1401">
         <name>xTaskCheckForTimeOut</name>
         <value>0x20005041</value>
         <object_component_ref idref="oc-87"/>
      </symbol>
      <symbol id="sm-1402">
         <name>xTaskRemoveFromUnorderedEventList</name>
         <value>0x20004fad</value>
         <object_component_ref idref="oc-87"/>
      </symbol>
      <symbol id="sm-1403">
         <name>vTaskPrioritySet</name>
         <value>0x2000475d</value>
         <object_component_ref idref="oc-87"/>
      </symbol>
      <symbol id="sm-1404">
         <name>vTaskStartScheduler</name>
         <value>0x20004a43</value>
         <object_component_ref idref="oc-87"/>
      </symbol>
      <symbol id="sm-1405">
         <name>pcTaskGetTaskName</name>
         <value>0x20004bb5</value>
         <object_component_ref idref="oc-87"/>
      </symbol>
      <symbol id="sm-1406">
         <name>vTaskPriorityDisinherit</name>
         <value>0x20005597</value>
         <object_component_ref idref="oc-87"/>
      </symbol>
      <symbol id="sm-1407">
         <name>vTaskDelayUntil</name>
         <value>0x2000459f</value>
         <object_component_ref idref="oc-87"/>
      </symbol>
      <symbol id="sm-1408">
         <name>uxTaskGetTaskNumber</name>
         <value>0x200050c9</value>
         <object_component_ref idref="oc-87"/>
      </symbol>
      <symbol id="sm-1409">
         <name>vTaskEndScheduler</name>
         <value>0x20004a8d</value>
         <object_component_ref idref="oc-87"/>
      </symbol>
      <symbol id="sm-140a">
         <name>vTaskMissedYield</name>
         <value>0x200050bb</value>
         <object_component_ref idref="oc-87"/>
      </symbol>
      <symbol id="sm-140b">
         <name>uxTaskGetNumberOfTasks</name>
         <value>0x20004ba9</value>
         <object_component_ref idref="oc-87"/>
      </symbol>
      <symbol id="sm-140c">
         <name>uxTaskPriorityGet</name>
         <value>0x20004725</value>
         <object_component_ref idref="oc-87"/>
      </symbol>
      <symbol id="sm-140d">
         <name>xTaskResumeAll</name>
         <value>0x20004ab1</value>
         <object_component_ref idref="oc-87"/>
      </symbol>
      <symbol id="sm-140e">
         <name>xTaskGetTickCount</name>
         <value>0x20004b7d</value>
         <object_component_ref idref="oc-87"/>
      </symbol>
      <symbol id="sm-140f">
         <name>xTaskGenericCreate</name>
         <value>0x20004401</value>
         <object_component_ref idref="oc-87"/>
      </symbol>
      <symbol id="sm-1410">
         <name>uxTaskGetSystemState</name>
         <value>0x20004bd9</value>
         <object_component_ref idref="oc-87"/>
      </symbol>
      <symbol id="sm-1411">
         <name>vTaskDelete</name>
         <value>0x2000450f</value>
         <object_component_ref idref="oc-87"/>
      </symbol>
      <symbol id="sm-1412">
         <name>pxCurrentTCB</name>
         <value>0x200194f8</value>
         <object_component_ref idref="oc-8d"/>
      </symbol>
      <symbol id="sm-1413">
         <name>eTaskGetState</name>
         <value>0x20004691</value>
         <object_component_ref idref="oc-87"/>
      </symbol>
      <symbol id="sm-1414">
         <name>vTaskSuspend</name>
         <value>0x20004861</value>
         <object_component_ref idref="oc-87"/>
      </symbol>
      <symbol id="sm-1415">
         <name>xTaskGetIdleTaskHandle</name>
         <value>0x20004c97</value>
         <object_component_ref idref="oc-87"/>
      </symbol>
      <symbol id="sm-1416">
         <name>xTaskGetTickCountFromISR</name>
         <value>0x20004b91</value>
         <object_component_ref idref="oc-87"/>
      </symbol>
      <symbol id="sm-1417">
         <name>vTaskResume</name>
         <value>0x20004955</value>
         <object_component_ref idref="oc-87"/>
      </symbol>
      <symbol id="sm-1418">
         <name>vTaskSetTimeOutState</name>
         <value>0x2000501b</value>
         <object_component_ref idref="oc-87"/>
      </symbol>
      <symbol id="sm-1419">
         <name>xTaskIncrementTick</name>
         <value>0x20004cb5</value>
         <object_component_ref idref="oc-87"/>
      </symbol>
      <symbol id="sm-141a">
         <name>vTaskSwitchContext</name>
         <value>0x20004dd1</value>
         <object_component_ref idref="oc-87"/>
      </symbol>
      <symbol id="sm-141b">
         <name>uxTaskResetEventItemValue</name>
         <value>0x20005621</value>
         <object_component_ref idref="oc-87"/>
      </symbol>
      <symbol id="sm-141c">
         <name>xTaskGetSchedulerState</name>
         <value>0x200054a5</value>
         <object_component_ref idref="oc-87"/>
      </symbol>
      <symbol id="sm-141d">
         <name>xTaskResumeFromISR</name>
         <value>0x200049c9</value>
         <object_component_ref idref="oc-87"/>
      </symbol>
      <symbol id="sm-141e">
         <name>xTaskGetCurrentTaskHandle</name>
         <value>0x20005491</value>
         <object_component_ref idref="oc-87"/>
      </symbol>
      <symbol id="sm-141f">
         <name>vTaskPlaceOnUnorderedEventList</name>
         <value>0x20004eb5</value>
         <object_component_ref idref="oc-87"/>
      </symbol>
      <symbol id="sm-1420">
         <name>xTaskRemoveFromEventList</name>
         <value>0x20004f25</value>
         <object_component_ref idref="oc-87"/>
      </symbol>
      <symbol id="sm-1430">
         <name>pvPortMalloc</name>
         <value>0x2000dbe9</value>
         <object_component_ref idref="oc-f2"/>
      </symbol>
      <symbol id="sm-1431">
         <name>vPortFree</name>
         <value>0x2000dc09</value>
         <object_component_ref idref="oc-f2"/>
      </symbol>
      <symbol id="sm-1447">
         <name>uxListRemove</name>
         <value>0x2000b0ab</value>
         <object_component_ref idref="oc-e2"/>
      </symbol>
      <symbol id="sm-1448">
         <name>vListInsert</name>
         <value>0x2000b045</value>
         <object_component_ref idref="oc-e2"/>
      </symbol>
      <symbol id="sm-1449">
         <name>vListInitialiseItem</name>
         <value>0x2000aff9</value>
         <object_component_ref idref="oc-e2"/>
      </symbol>
      <symbol id="sm-144a">
         <name>vListInsertEnd</name>
         <value>0x2000b009</value>
         <object_component_ref idref="oc-e2"/>
      </symbol>
      <symbol id="sm-144b">
         <name>vListInitialise</name>
         <value>0x2000afc9</value>
         <object_component_ref idref="oc-e2"/>
      </symbol>
      <symbol id="sm-14eb">
         <name>SPIFIFODisable</name>
         <value>0x2000e44b</value>
         <object_component_ref idref="oc-4d7"/>
      </symbol>
      <symbol id="sm-14ec">
         <name>SPICSEnable</name>
         <value>0x2000e4af</value>
         <object_component_ref idref="oc-6f3"/>
      </symbol>
      <symbol id="sm-14ed">
         <name>SPIDisable</name>
         <value>0x2000e4c7</value>
         <object_component_ref idref="oc-4e9"/>
      </symbol>
      <symbol id="sm-14ee">
         <name>SPIFIFOEnable</name>
         <value>0x2000e465</value>
         <object_component_ref idref="oc-545"/>
      </symbol>
      <symbol id="sm-14ef">
         <name>SPIWordCountSet</name>
         <value>0x2000e1ff</value>
         <object_component_ref idref="oc-6f9"/>
      </symbol>
      <symbol id="sm-14f0">
         <name>SPIEnable</name>
         <value>0x2000e4df</value>
         <object_component_ref idref="oc-55d"/>
      </symbol>
      <symbol id="sm-14f1">
         <name>SPIDmaEnable</name>
         <value>0x2000e431</value>
         <object_component_ref idref="oc-54b"/>
      </symbol>
      <symbol id="sm-14f2">
         <name>SPIConfigSetExpClk</name>
         <value>0x2000c2a1</value>
         <object_component_ref idref="oc-533"/>
      </symbol>
      <symbol id="sm-14f3">
         <name>SPIFIFOLevelSet</name>
         <value>0x2000dcf9</value>
         <object_component_ref idref="oc-551"/>
      </symbol>
      <symbol id="sm-14f4">
         <name>SPIDmaDisable</name>
         <value>0x2000e417</value>
         <object_component_ref idref="oc-4dd"/>
      </symbol>
      <symbol id="sm-14f5">
         <name>SPIReset</name>
         <value>0x2000e1dd</value>
         <object_component_ref idref="oc-4ef"/>
      </symbol>
      <symbol id="sm-14f6">
         <name>SPIIntEnable</name>
         <value>0x2000d611</value>
         <object_component_ref idref="oc-557"/>
      </symbol>
      <symbol id="sm-14f7">
         <name>SPIIntClear</name>
         <value>0x2000d7d9</value>
         <object_component_ref idref="oc-69b"/>
      </symbol>
      <symbol id="sm-14f8">
         <name>SPICSDisable</name>
         <value>0x2000e497</value>
         <object_component_ref idref="oc-4e3"/>
      </symbol>
      <symbol id="sm-154f">
         <name>uDMAChannelControlSet</name>
         <value>0x2000db3d</value>
         <object_component_ref idref="oc-7b2"/>
      </symbol>
      <symbol id="sm-1550">
         <name>uDMAChannelAttributeEnable</name>
         <value>0x2000d2ed</value>
         <object_component_ref idref="oc-7b8"/>
      </symbol>
      <symbol id="sm-1551">
         <name>uDMAChannelTransferSet</name>
         <value>0x2000b709</value>
         <object_component_ref idref="oc-7be"/>
      </symbol>
      <symbol id="sm-1552">
         <name>uDMAChannelAssign</name>
         <value>0x2000d78d</value>
         <object_component_ref idref="oc-681"/>
      </symbol>
      <symbol id="sm-1553">
         <name>uDMAChannelAttributeDisable</name>
         <value>0x2000d289</value>
         <object_component_ref idref="oc-687"/>
      </symbol>
      <symbol id="sm-1554">
         <name>uDMAChannelEnable</name>
         <value>0x2000e3ad</value>
         <object_component_ref idref="oc-7c4"/>
      </symbol>
      <symbol id="sm-1555">
         <name>__TI_static_base__</name>
         <value>0x2000ed58</value>
      </symbol>
      <symbol id="sm-1558">
         <name>SHT$$INIT_ARRAY$$Limit</name>
         <value>0x0</value>
      </symbol>
      <symbol id="sm-1559">
         <name>SHT$$INIT_ARRAY$$Base</name>
         <value>0x0</value>
      </symbol>
   </symbol_table>
   <title>Link successful</title>
</link_info>
