******************************************************************************
                  TI ARM Linker PC v5.2.2                      
******************************************************************************
>> Linked Thu Jun 02 16:01:53 2016

OUTPUT FILE NAME:   <Controller.out>
ENTRY POINT SYMBOL: "_c_int00"  address: 20010545


MEMORY CONFIGURATION

         name            origin    length      used     unused   attr    fill
----------------------  --------  ---------  --------  --------  ----  --------
  SRAM_CODE             20004000   00013000  00011564  00001a9c  RW X
  SRAM_DATA             20017000   00019000  0000bd3c  0000d2c4  RW X


SEGMENT ALLOCATION MAP

run origin  load origin   length   init length attrs members
----------  ----------- ---------- ----------- ----- -------
20004000    20004000    00011570   00011570    r-x
  20004000    20004000    0000030c   0000030c    r-- .resetVecs
  20004310    20004310    0000e8b2   0000e8b2    r-x .text
  20012bc4    20012bc4    00002526   00002526    r-- .const
  200150f0    200150f0    00000480   00000480    r-- .cinit
20017000    20017000    00009d3c   00000000    rw-
  20017000    20017000    00009640   00000000    rw- .bss
  20020640    20020640    000006fc   00000000    rw- .data
2002e000    2002e000    00002000   00000000    rw-
  2002e000    2002e000    00002000   00000000    rw- .stack


SECTION ALLOCATION MAP

 output                                  attributes/
section   page    origin      length       input sections
--------  ----  ----------  ----------   ----------------
.init_array 
*          0    20004000    00000000     UNINITIALIZED

.resetVecs 
*          0    20004000    0000030c     
                  20004000    0000030c     app_pem4.oem4 (.resetVecs)

.text      0    20004310    0000e8b2     
                  20004310    000010a6     rtsv7M4_T_le_eabi.lib : _printfi.obj (.text)
                  200053b6    00000002     app_pem4.oem4 (.text:ti_sysbios_BIOS_nullFunc__I)
                  200053b8    00000e90     main.obj (.text)
                  20006248    000005ec     simplelink.a : driver.obj (.text:_SlDrvMsgRead)
                  20006834    00000544     ti_rtos.a : osi_tirtos.obj (.text)
                  20006d78    00000430     sysbios.aem4 : BIOS.obj (.text:ti_sysbios_family_arm_m3_Hwi_excDumpRegs__I)
                  200071a8    00000394     gpio_if.obj (.text)
                  2000753c    0000034c     ti.targets.arm.rtsarm.aem4 : System.oem4 (.text:xdc_runtime_System_doPrint__I)
                  20007888    00000314     sysbios.aem4 : BIOS.obj (.text:ti_sysbios_knl_Semaphore_pend__E)
                  20007b9c    00000310     iodriver.obj (.text)
                  20007eac    000002d4     rtsv7M4_T_le_eabi.lib : trgdrv.obj (.text)
                  20008180    00000290     i2c_if.obj (.text)
                  20008410    00000280     uart_if.obj (.text)
                  20008690    00000254     sysbios.aem4 : BIOS.obj (.text:ti_sysbios_heaps_HeapMem_free__E)
                  200088e4    00000248     simplelink.a : driver.obj (.text:_SlDrvRxHdrRead)
                  20008b2c    00000004     sysbios.aem4 : BIOS.obj (.text:ti_sysbios_family_arm_lm4_Timer_masterEnable__I)
                  20008b30    00000240                  : BIOS.obj (.text:ti_sysbios_heaps_HeapMem_alloc__E)
                  20008d70    0000022c                  : BIOS.obj (.text:ti_sysbios_knl_Task_Instance_finalize__E)
                  20008f9c    0000021c     app_pem4.oem4 (.text:xdc_runtime_System_printfExtend__I)
                  200091b8    00000200     sysbios.aem4 : BIOS.obj (.text:ti_sysbios_knl_Task_sleep__E)
                  200093b8    000001fc                  : BIOS.obj (.text:ti_sysbios_family_arm_m3_Hwi_excHandlerMax__I)
                  200095b4    000001f4     rtsv7M4_T_le_eabi.lib : ull_div_t2.obj (.text)
                  200097a8    000001ec     bma222drv.obj (.text)
                  20009994    000001d0     simplelink.a : driver.obj (.text:_SlDrvReleasePoolObj)
                  20009b64    000001cc                  : driver.obj (.text:_SlDrvMsgWrite)
                  20009d30    000001c8     sysbios.aem4 : BIOS.obj (.text:ti_sysbios_knl_Task_Instance_init__E)
                  20009ef8    000001b6     rtsv7M4_T_le_eabi.lib : fd_add_t2.obj (.text)
                  2000a0ae    00000002     app_pem4.oem4 (.text:xdc_runtime_Startup_reset__I)
                  2000a0b0    0000019c     sysbios.aem4 : BIOS.obj (.text:ti_sysbios_knl_Task_Module_startup__E)
                  2000a24c    00000190     simplelink.a : driver.obj (.text:_SlDrvWaitForPoolObj)
                  2000a3dc    00000004     app_pem4.oem4 (.text:ti_sysbios_family_arm_m3_TaskSupport_Module__startupDone__S)
                  2000a3e0    0000018c     sysbios.aem4 : BIOS.obj (.text:ti_sysbios_family_arm_lm4_Timer_start__E)
                  2000a56c    00000174     simplelink.a : driver.obj (.text:_SlDrvDriverCBInit)
                  2000a6e0    00000174     sysbios.aem4 : BIOS.obj (.text:ti_sysbios_family_arm_m3_Hwi_excBusFault__I)
                  2000a854    00000170     simplelink.a : driver.obj (.text:_SlFindAndSetActiveObj)
                  2000a9c4    00000168                  : netapp.obj (.text:sl_NetAppPingStart)
                  2000ab2c    00000004     ti.targets.arm.rtsarm.aem4 : Error.oem4 (.text:xdc_runtime_Error_getSite__E)
                  2000ab30    00000164     sysbios.aem4 : BIOS.obj (.text:ti_sysbios_family_arm_m3_Hwi_excUsageFault__I)
                  2000ac94    00000004     ti.targets.arm.rtsarm.aem4 : System.oem4 (.text:xdc_runtime_System_aprintf_va__F)
                  2000ac98    00000158     sysbios.aem4 : BIOS.obj (.text:ti_sysbios_knl_Mailbox_Instance_init__E)
                  2000adf0    0000014c     simplelink.a : cc_pal.obj (.text:spi_Open)
                  2000af3c    00000004     ti.targets.arm.rtsarm.aem4 : System.oem4 (.text:xdc_runtime_System_printf_va__F)
                  2000af40    00000148     sysbios.aem4 : BIOS.obj (.text:ti_sysbios_family_arm_m3_Hwi_excMemFault__I)
                  2000b088    00000140                  : BIOS.obj (.text:ti_sysbios_knl_Semaphore_post__E)
                  2000b1c8    0000013c                  : BIOS.obj (.text:ti_sysbios_heaps_HeapMem_Instance_init__E)
                  2000b304    00000004     --HOLE-- [fill = 0]
                  2000b308    00000138                  : BIOS.obj (.text:ti_sysbios_family_arm_m3_Hwi_dispatchC__I)
                  2000b440    00000138     ti.targets.arm.rtsarm.aem4 : LoggerBuf.oem4 (.text:xdc_runtime_LoggerBuf_write8__E)
                  2000b578    00000136     rtsv7M4_T_le_eabi.lib : fd_div_t2.obj (.text)
                  2000b6ae    00000002     --HOLE-- [fill = 0]
                  2000b6b0    00000134     driverlib.a : prcm.obj (.text:PRCMCC3200MCUInit)
                  2000b7e4    00000004     --HOLE-- [fill = 0]
                  2000b7e8    00000134     sysbios.aem4 : BIOS.obj (.text:ti_sysbios_knl_Clock_workFunc__E)
                  2000b91c    00000004     --HOLE-- [fill = 0]
                  2000b920    0000011c                  : BIOS.obj (.text:ti_sysbios_knl_Swi_run__I)
                  2000ba3c    00000118     ti.targets.arm.rtsarm.aem4 : Error.oem4 (.text:xdc_runtime_Error_policyDefault__E)
                  2000bb54    00000110     rtsv7M4_T_le_eabi.lib : xdscale.obj (.text)
                  2000bc64    00000104     simplelink.a : netapp.obj (.text:sl_NetAppDnsGetHostByName)
                  2000bd68    00000100     ti.targets.arm.rtsarm.aem4 : Core-mem.oem4 (.text:xdc_runtime_Core_createObject__I)
                  2000be68    000000fe     simplelink.a : netapp.obj (.text:_SlDrvNetAppEventHandler)
                  2000bf66    000000fc     rtsv7M4_T_le_eabi.lib : fd_mul_t2.obj (.text)
                  2000c062    00000002     --HOLE-- [fill = 0]
                  2000c064    000000f8     ti.targets.arm.rtsarm.aem4 : Startup.oem4 (.text:xdc_runtime_Startup_startMods__I)
                  2000c15c    000000f4     simplelink.a : driver.obj (.text:_SlDrvDriverCBDeinit)
                  2000c250    000000f0     driverlib.a : udma.obj (.text:uDMAChannelTransferSet)
                  2000c340    000000e8     smartconfig.obj (.text)
                  2000c428    000000dc     simplelink.a : cc_pal.obj (.text:spi_Read)
                  2000c504    000000d8                  : driver.obj (.text:_SlDrvClassifyRxMsg)
                  2000c5dc    000000d4                  : device.obj (.text:sl_Stop)
                  2000c6b0    000000d4     ti.targets.arm.rtsarm.aem4 : LoggerBuf.oem4 (.text:xdc_runtime_LoggerBuf_write4__E)
                  2000c784    00000004     --HOLE-- [fill = 0]
                  2000c788    000000d0     sysbios.aem4 : BIOS.obj (.text:ti_sysbios_family_arm_cc32xx_Timer_setNextMaxTick__E)
                  2000c858    000000d0                  : m3_Hwi_asm.obj (.text:ti_sysbios_family_arm_m3_Hwi_dispatch__I)
                  2000c928    000000cc                  : BIOS.obj (.text:ti_sysbios_knl_Task_schedule__I)
                  2000c9f4    000000cc     ti.targets.arm.rtsarm.aem4 : Core-smem.oem4 (.text:xdc_runtime_Core_constructObject__I)
                  2000cac0    000000c8     simplelink.a : netapp.obj (.text:_sl_HandleAsync_DnsGetHostByService)
                  2000cb88    000000c4     sysbios.aem4 : BIOS.obj (.text:ti_sysbios_family_arm_m3_Hwi_Module_startup__E)
                  2000cc4c    000000c0     simplelink.a : driver.obj (.text:_SlRemoveFromList)
                  2000cd0c    000000be     rtsv7M4_T_le_eabi.lib : xdnorm.obj (.text)
                  2000cdca    00000002     --HOLE-- [fill = 0]
                  2000cdcc    000000bc     simplelink.a : driver.obj (.text:_SlDrvMsgReadCmdCtx)
                  2000ce88    000000bc                  : device.obj (.text:sl_Start)
                  2000cf44    00000004     --HOLE-- [fill = 0]
                  2000cf48    000000bc     sysbios.aem4 : BIOS.obj (.text:ti_sysbios_family_arm_m3_Hwi_excDebugMon__I)
                  2000d004    00000004     --HOLE-- [fill = 0]
                  2000d008    000000bc                  : BIOS.obj (.text:ti_sysbios_family_arm_m3_Hwi_excHardFault__I)
                  2000d0c4    00000004     --HOLE-- [fill = 0]
                  2000d0c8    000000bc                  : BIOS.obj (.text:ti_sysbios_knl_Task_startCore__E)
                  2000d184    000000b8     simplelink.a : driver.obj (.text:_SlAsyncEventGenericHandler)
                  2000d23c    000000b4     device_status.obj (.text)
                  2000d2f0    000000b4     sysbios.aem4 : BIOS.obj (.text:ti_sysbios_gates_GateMutex_enter__E)
                  2000d3a4    00000004     --HOLE-- [fill = 0]
                  2000d3a8    000000b4                  : BIOS.obj (.text:ti_sysbios_knl_Task_checkStacks__E)
                  2000d45c    00000004     --HOLE-- [fill = 0]
                  2000d460    000000b4                  : BIOS.obj (.text:ti_sysbios_knl_Task_yield__E)
                  2000d514    00000004     --HOLE-- [fill = 0]
                  2000d518    000000ac                  : BIOS.obj (.text:ti_sysbios_knl_Swi_post__E)
                  2000d5c4    000000a8     driverlib.a : interrupt.obj (.text:IntEnable)
                  2000d66c    00000004     --HOLE-- [fill = 0]
                  2000d670    000000a8     sysbios.aem4 : BIOS.obj (.text:ti_sysbios_family_arm_cc32xx_Timer_getCount64__E)
                  2000d718    000000a8                  : BIOS.obj (.text:ti_sysbios_family_arm_lm4_Timer_enableTimers__I)
                  2000d7c0    000000a8                  : BIOS.obj (.text:ti_sysbios_knl_Task_blockI__E)
                  2000d868    000000a8                  : BIOS.obj (.text:ti_sysbios_knl_Task_postInit__I)
                  2000d910    000000a0     driverlib.a : spi.obj (.text:SPIConfigSetExpClk)
                  2000d9b0    000000a0     auto_init.aem4 : auto_init.oem4 (.text)
                  2000da50    000000a0     sysbios.aem4 : BIOS.obj (.text:ti_sysbios_family_arm_lm4_Timer_enableCC3200__I)
                  2000daf0    000000a0     ti.targets.arm.rtsarm.aem4 : Text.oem4 (.text:xdc_runtime_Text_putMod__E)
                  2000db90    0000009c     simplelink.a : driver.obj (.text:_SlDrvMsgReadSpawnCtx)
                  2000dc2c    0000009c     rtsv7M4_T_le_eabi.lib : memcpy_t2.obj (.text)
                  2000dcc8    0000009c     app_pem4.oem4 (.text:ti_sysbios_BIOS_rtsUnlock__I)
                  2000dd64    00000004     --HOLE-- [fill = 0]
                  2000dd68    0000009c     sysbios.aem4 : BIOS.obj (.text:ti_sysbios_knl_Semaphore_Instance_init__E)
                  2000de04    0000009c     ti.targets.arm.rtsarm.aem4 : LoggerBuf.oem4 (.text:xdc_runtime_LoggerBuf_setFilterLevel__E)
                  2000dea0    0000009a                                : Text.oem4 (.text:xdc_runtime_Text_putSite__E)
                  2000df3a    00000006     driverlib.a : utils.obj (.text:UtilsDelay)
                  2000df40    00000098     sysbios.aem4 : BIOS.obj (.text:ti_sysbios_knl_Mailbox_post__E)
                  2000dfd8    00000094     driverlib.a : prcm.obj (.text:PRCMPeripheralClockGet)
                  2000e06c    00000094     simplelink.a : wlan.obj (.text:sl_WlanGet)
                  2000e100    00000094     sysbios.aem4 : BIOS.obj (.text:ti_sysbios_family_arm_m3_Hwi_Instance_init__E)
                  2000e194    00000004     --HOLE-- [fill = 0]
                  2000e198    00000094                  : BIOS.obj (.text:ti_sysbios_knl_Task_exit__E)
                  2000e22c    00000090     simplelink.a : wlan.obj (.text:sl_WlanSmartConfigStart)
                  2000e2bc    00000004     --HOLE-- [fill = 0]
                  2000e2c0    00000090     sysbios.aem4 : BIOS.obj (.text:ti_sysbios_knl_Task_unblockI__E)
                  2000e350    0000008c     simplelink.a : cc_pal.obj (.text:SetupDMAReceive)
                  2000e3dc    0000008c                  : cc_pal.obj (.text:SetupDMASend)
                  2000e468    0000008c                  : netapp.obj (.text:_sl_HandleAsync_DnsGetHostByName)
                  2000e4f4    0000008c                  : netapp.obj (.text:_sl_HandleAsync_PingResponse)
                  2000e580    0000008c                  : cc_pal.obj (.text:spi_Write)
                  2000e60c    00000004     --HOLE-- [fill = 0]
                  2000e610    0000008c     sysbios.aem4 : BIOS.obj (.text:ti_sysbios_knl_Mailbox_pend__E)
                  2000e69c    00000088     driverlib.a : pin.obj (.text:PinConfigSet)
                  2000e724    00000088     rtsv7M4_T_le_eabi.lib : vsnprintf.obj (.text)
                  2000e7ac    00000004     --HOLE-- [fill = 0]
                  2000e7b0    00000088     sysbios.aem4 : BIOS.obj (.text:ti_sysbios_family_arm_m3_Hwi_initNVIC__E)
                  2000e838    00000088                  : BIOS.obj (.text:ti_sysbios_knl_Mailbox_Module_startup__E)
                  2000e8c0    00000086     rtsv7M4_T_le_eabi.lib : fd_cmp_t2.obj (.text:__aeabi_cdcmple)
                  2000e946    00000086                           : fd_cmp_t2.obj (.text:__aeabi_cdrcmple)
                  2000e9cc    00000084     driverlib.a : i2c.obj (.text:I2CMasterInitExpClk)
                  2000ea50    00000084     simplelink.a : cc_pal.obj (.text:NwpPowerOnPreamble)
                  2000ead4    00000082     driverlib.a : gpio.obj (.text:GPIOIntTypeSet)
                  2000eb56    00000002     --HOLE-- [fill = 0]
                  2000eb58    00000080     simplelink.a : driver.obj (.text:_SlDrvCmdOp)
                  2000ebd8    00000080                  : cc_pal.obj (.text:spi_Read_CPU)
                  2000ec58    00000080                  : cc_pal.obj (.text:spi_Write_CPU)
                  2000ecd8    0000007c                  : device.obj (.text:_sl_HandleAsync_InitComplete)
                  2000ed54    0000007a     rtsv7M4_T_le_eabi.lib : memset_t2.obj (.text)
                  2000edce    00000002     --HOLE-- [fill = 0]
                  2000edd0    00000078     simplelink.a : socket.obj (.text:_sl_HandleAsync_Connect)
                  2000ee48    00000078                  : cc_pal.obj (.text:spi_Close)
                  2000eec0    00000076     driverlib.a : uart.obj (.text:UARTConfigSetExpClk)
                  2000ef36    00000002     --HOLE-- [fill = 0]
                  2000ef38    00000074     sysbios.aem4 : BIOS.obj (.text:ti_sysbios_family_arm_m3_Hwi_postInit__I)
                  2000efac    00000004     --HOLE-- [fill = 0]
                  2000efb0    00000074                  : BIOS.obj (.text:ti_sysbios_knl_Clock_start__E)
                  2000f024    00000074     ti.targets.arm.rtsarm.aem4 : LoggerBuf.oem4 (.text:xdc_runtime_LoggerBuf_getFilterLevel__E)
                  2000f098    00000070     sysbios.aem4 : BIOS.obj (.text:ti_sysbios_knl_Mailbox_Instance_finalize__E)
                  2000f108    0000006c     simplelink.a : driver.obj (.text:_SlDrvCmdSend)
                  2000f174    0000006c     ti.targets.arm.rtsarm.aem4 : Error.oem4 (.text:xdc_runtime_Error_print__E)
                  2000f1e0    0000006c                                : Memory.oem4 (.text:xdc_runtime_Memory_alloc__E)
                  2000f24c    0000006a     rtsv7M4_T_le_eabi.lib : copy_decompress_rle.obj (.text)
                  2000f2b6    00000002     --HOLE-- [fill = 0]
                  2000f2b8    00000068     simplelink.a : netapp.obj (.text:_sl_NetAppSendTokenValue)
                  2000f320    00000068     rtsv7M4_T_le_eabi.lib : trgmsg.obj (.text)
                  2000f388    00000068     sysbios.aem4 : BIOS.obj (.text:ti_sysbios_family_arm_cc32xx_Timer_startup__E)
                  2000f3f0    00000068     app_pem4.oem4 (.text:ti_sysbios_family_arm_m3_Hwi_create)
                  2000f458    00000068     app_pem4.oem4 (.text:ti_sysbios_knl_Mailbox_create)
                  2000f4c0    00000068     app_pem4.oem4 (.text:xdc_runtime_LoggerBuf_Object__create__S)
                  2000f528    00000066     rtsv7M4_T_le_eabi.lib : xdunscal.obj (.text)
                  2000f58e    00000066     ti.targets.arm.rtsarm.aem4 : Core-mem.oem4 (.text:xdc_runtime_Core_deleteObject__I)
                  2000f5f4    00000064     app_pem4.oem4 (.text:realloc)
                  2000f658    00000064     sysbios.aem4 : BIOS.obj (.text:ti_sysbios_family_arm_cc32xx_Timer_start__E)
                  2000f6bc    00000004     --HOLE-- [fill = 0]
                  2000f6c0    00000064                  : BIOS.obj (.text:ti_sysbios_family_arm_lm4_Timer_Module_startup__E)
                  2000f724    00000004     --HOLE-- [fill = 0]
                  2000f728    00000064                  : BIOS.obj (.text:ti_sysbios_family_arm_m3_TimestampProvider_get64__E)
                  2000f78c    00000064     app_pem4.oem4 (.text:ti_sysbios_knl_Task_create)
                  2000f7f0    00000064     driverlib.a : udma.obj (.text:uDMAChannelAttributeDisable)
                  2000f854    00000064                 : udma.obj (.text:uDMAChannelAttributeEnable)
                  2000f8b8    00000064     ti.targets.arm.rtsarm.aem4 : System.oem4 (.text:xdc_runtime_System_formatNum__I)
                  2000f91c    00000060     simplelink.a : socket.obj (.text:_sl_HandleAsync_Accept)
                  2000f97c    00000060                  : wlan.obj (.text:sl_WlanPolicySet)
                  2000f9dc    00000004     --HOLE-- [fill = 0]
                  2000f9e0    00000060     sysbios.aem4 : BIOS.obj (.text:ti_sysbios_knl_Clock_logTick__E)
                  2000fa40    0000005c                  : BIOS.obj (.text:ti_sysbios_knl_Swi_restoreHwi__E)
                  2000fa9c    00000004     --HOLE-- [fill = 0]
                  2000faa0    0000005c                  : BIOS.obj (.text:ti_sysbios_knl_Swi_schedule__I)
                  2000fafc    0000005b     ti.targets.arm.rtsarm.aem4 : Text.oem4 (.text:xdc_runtime_Text_putLab__E)
                  2000fb57    00000001     --HOLE-- [fill = 0]
                  2000fb58    00000058     driverlib.a : interrupt.obj (.text:IntPendClear)
                  2000fbb0    00000058                 : prcm.obj (.text:PRCMPeripheralReset)
                  2000fc08    00000058     sysbios.aem4 : BIOS.obj (.text:ti_sysbios_family_arm_m3_Timer_setPeriod__E)
                  2000fc60    00000056     rtsv7M4_T_le_eabi.lib : ltoa.obj (.text)
                  2000fcb6    00000002     --HOLE-- [fill = 0]
                  2000fcb8    00000054     simplelink.a : socket.obj (.text:_sl_HandleAsync_Select)
                  2000fd0c    00000004     --HOLE-- [fill = 0]
                  2000fd10    00000054     sysbios.aem4 : BIOS.obj (.text:ti_sysbios_family_arm_m3_Timer_start__E)
                  2000fd64    00000054     ti.targets.arm.rtsarm.aem4 : Assert.oem4 (.text:xdc_runtime_Assert_raise__I)
                  2000fdb8    00000050     simplelink.a : device.obj (.text:_sl_HandleAsync_Stop)
                  2000fe08    00000050     ti.targets.arm.rtsarm.aem4 : Startup.oem4 (.text:xdc_runtime_Startup_exec__E)
                  2000fe58    00000050                                : Text.oem4 (.text:xdc_runtime_Text_visitRope2__I)
                  2000fea8    0000004c     driverlib.a : spi.obj (.text:SPIIntEnable)
                  2000fef4    0000004c     simplelink.a : driver.obj (.text:_SlDrvProtectAsyncRespSetting)
                  2000ff40    0000004c                  : driver.obj (.text:_SlDrvRxIrqHandler)
                  2000ff8c    0000004c     rtsv7M4_T_le_eabi.lib : atoi.obj (.text)
                  2000ffd8    0000004c                           : cpy_tbl.obj (.text)
                  20010024    0000004c     sysbios.aem4 : m3_TaskSupport_asm.obj (.text:ti_sysbios_family_arm_m3_TaskSupport_buildTaskStack)
                  20010070    0000004c                  : BIOS.obj (.text:ti_sysbios_heaps_HeapMem_getStats__E)
                  200100bc    00000004     --HOLE-- [fill = 0]
                  200100c0    0000004c                  : BIOS.obj (.text:ti_sysbios_knl_Swi_runLoop__I)
                  2001010c    00000004     --HOLE-- [fill = 0]
                  20010110    0000004c                  : BIOS.obj (.text:ti_sysbios_knl_Task_allBlockedFunction__I)
                  2001015c    0000004c     driverlib.a : udma.obj (.text:uDMAChannelAssign)
                  200101a8    00000048                 : spi.obj (.text:SPIIntClear)
                  200101f0    00000048     simplelink.a : driver.obj (.text:_SlDrvBasicCmd)
                  20010238    00000048     rtsv7M4_T_le_eabi.lib : fd_toi_t2.obj (.text)
                  20010280    00000048     sysbios.aem4 : BIOS.obj (.text:ti_sysbios_family_arm_cc32xx_Timer_setThreshold__I)
                  200102c8    00000048                  : BIOS.obj (.text:ti_sysbios_family_arm_m3_Hwi_disableInterrupt__E)
                  20010310    00000048                  : BIOS.obj (.text:ti_sysbios_family_arm_m3_Hwi_enableInterrupt__E)
                  20010358    00000048                  : BIOS.obj (.text:ti_sysbios_family_arm_m3_Hwi_excReserved__I)
                  200103a0    00000048                  : m3_Hwi_asm_switch.obj (.text:ti_sysbios_family_arm_m3_Hwi_initStacks__E)
                  200103e8    00000048                  : BIOS.obj (.text:ti_sysbios_family_arm_m3_Timer_initDevice__I)
                  20010430    00000046     rtsv7M4_T_le_eabi.lib : ldexp.obj (.text)
                  20010476    00000046     ti.targets.arm.rtsarm.aem4 : Core-params.oem4 (.text:xdc_runtime_Core_assignParams__I)
                  200104bc    00000044     driverlib.a : spi.obj (.text:SPIDmaMaskGet)
                  20010500    00000044                 : timer.obj (.text:TimerConfigure)
                  20010544    00000044     boot.aem4 : boot.oem4 (.text)
                  20010588    00000044     simplelink.a : cc_pal.obj (.text:cc_SetupTransfer)
                  200105cc    00000044     app_pem4.oem4 (.text:malloc)
                  20010610    00000044     rtsv7M4_T_le_eabi.lib : exit.obj (.text)
                  20010654    00000004     --HOLE-- [fill = 0]
                  20010658    00000044     sysbios.aem4 : BIOS.obj (.text:ti_sysbios_family_arm_lm4_Timer_stop__E)
                  2001069c    00000004     --HOLE-- [fill = 0]
                  200106a0    00000044                  : BIOS.obj (.text:ti_sysbios_family_arm_m3_Hwi_getStackInfo__E)
                  200106e4    00000004     --HOLE-- [fill = 0]
                  200106e8    00000044                  : BIOS.obj (.text:ti_sysbios_knl_Mailbox_postInit__I)
                  2001072c    00000044     ti.targets.arm.rtsarm.aem4 : Error.oem4 (.text:xdc_runtime_Error_setX__E)
                  20010770    00000044                                : LoggerBuf.oem4 (.text:xdc_runtime_LoggerBuf_filterOutEvent__I)
                  200107b4    00000044                                : SysMin.oem4 (.text:xdc_runtime_SysMin_flush__E)
                  200107f8    00000044                                : Text.oem4 (.text:xdc_runtime_Text_xprintf__I)
                  2001083c    00000042     rtsv7M4_T_le_eabi.lib : u_divt2.obj (.text)
                  2001087e    00000002     --HOLE-- [fill = 0]
                  20010880    00000040     driverlib.a : pin.obj (.text:PinModeSet)
                  200108c0    00000040     rtsv7M4_T_le_eabi.lib : signal.obj (.text)
                  20010900    00000040     sysbios.aem4 : BIOS.obj (.text:ti_sysbios_family_arm_cc32xx_Timer_Module_startup__E)
                  20010940    00000040                  : BIOS.obj (.text:ti_sysbios_family_arm_lm4_Timer_startup__E)
                  20010980    00000040     app_pem4.oem4 (.text:ti_sysbios_family_arm_m3_Hwi_Object__get__S)
                  200109c0    00000040     sysbios.aem4 : BIOS.obj (.text:ti_sysbios_family_arm_m3_Timer_Module_startup__E)
                  20010a00    00000040     app_pem4.oem4 (.text:ti_sysbios_gates_GateHwi_Object__create__S)
                  20010a40    00000040     app_pem4.oem4 (.text:ti_sysbios_gates_GateMutex_Object__create__S)
                  20010a80    00000040     app_pem4.oem4 (.text:ti_sysbios_heaps_HeapMem_Object__create__S)
                  20010ac0    00000040     app_pem4.oem4 (.text:ti_sysbios_heaps_HeapMem_Object__get__S)
                  20010b00    00000040     app_pem4.oem4 (.text:ti_sysbios_knl_Mailbox_Object__get__S)
                  20010b40    00000040     app_pem4.oem4 (.text:ti_sysbios_knl_Semaphore_create)
                  20010b80    00000040     app_pem4.oem4 (.text:ti_sysbios_knl_Swi_Object__get__S)
                  20010bc0    00000040     app_pem4.oem4 (.text:xdc_runtime_LoggerBuf_Object__get__S)
                  20010c00    0000003e     app_pem4.oem4 (.text:xdc_runtime_SysMin_output__I)
                  20010c3e    0000003c     simplelink.a : netapp.obj (.text:CopyPingResultsToReport)
                  20010c7a    00000002     --HOLE-- [fill = 0]
                  20010c7c    0000003c     driverlib.a : prcm.obj (.text:PRCMPeripheralClkEnable)
                  20010cb8    0000003c     sysbios.aem4 : BIOS.obj (.text:ti_sysbios_family_arm_m3_Hwi_excSvCall__I)
                  20010cf4    00000004     --HOLE-- [fill = 0]
                  20010cf8    0000003c                  : BIOS.obj (.text:ti_sysbios_family_arm_m3_TaskSupport_start__E)
                  20010d34    00000004     --HOLE-- [fill = 0]
                  20010d38    0000003c                  : BIOS.obj (.text:ti_sysbios_heaps_HeapMem_init__I)
                  20010d74    00000004     --HOLE-- [fill = 0]
                  20010d78    0000003c                  : BIOS.obj (.text:ti_sysbios_knl_Swi_startup__E)
                  20010db4    0000003c     app_pem4.oem4 (.text:ti_sysbios_knl_Task_Object__get__S)
                  20010df0    0000003c     driverlib.a : udma.obj (.text:uDMAChannelControlSet)
                  20010e2c    0000003a     ti.targets.arm.rtsarm.aem4 : LoggerBuf.oem4 (.text:xdc_runtime_LoggerBuf_Instance_init__E)
                  20010e66    00000038     driverlib.a : adc.obj (.text:ADCChannelEnable)
                  20010e9e    00000002     --HOLE-- [fill = 0]
                  20010ea0    00000038     simplelink.a : cc_pal.obj (.text:NwpPowerOff)
                  20010ed8    00000038     rtsv7M4_T_le_eabi.lib : fs_toi_t2.obj (.text)
                  20010f10    00000038     sysbios.aem4 : BIOS.obj (.text:ti_sysbios_family_arm_cc32xx_Timer_periodicStub__E)
                  20010f48    00000038                  : BIOS.obj (.text:ti_sysbios_family_arm_m3_Hwi_excNoIsr__I)
                  20010f80    00000038     app_pem4.oem4 (.text:ti_sysbios_knl_Clock_doTick__I)
                  20010fb8    00000038     app_pem4.oem4 (.text:ti_sysbios_knl_Queue_Object__get__S)
                  20010ff0    00000038     sysbios.aem4 : BIOS.obj (.text:ti_sysbios_knl_Task_processVitalTaskFlag__I)
                  20011028    00000038     ti.targets.arm.rtsarm.aem4 : SysMin.oem4 (.text:xdc_runtime_SysMin_putch__E)
                  20011060    00000038                                : System.oem4 (.text:xdc_runtime_System_atexit__E)
                  20011098    00000036     driverlib.a : gpio.obj (.text:GPIODirModeSet)
                  200110ce    00000036                 : timer.obj (.text:TimerControlLevel)
                  20011104    00000034                 : prcm.obj (.text:PRCMPeripheralStatusGet)
                  20011138    00000034                 : spi.obj (.text:SPIFIFOLevelSet)
                  2001116c    00000034     rtsv7M4_T_le_eabi.lib : feraiseexcept.obj (.text)
                  200111a0    00000034                           : fs_tou_t2.obj (.text)
                  200111d4    00000004     --HOLE-- [fill = 0]
                  200111d8    00000034     sysbios.aem4 : BIOS.obj (.text:ti_sysbios_family_arm_m3_Hwi_excNmi__I)
                  2001120c    00000004     --HOLE-- [fill = 0]
                  20011210    00000034                  : BIOS.obj (.text:ti_sysbios_family_arm_m3_Timer_periodicStub__I)
                  20011244    00000004     --HOLE-- [fill = 0]
                  20011248    00000034                  : BIOS.obj (.text:ti_sysbios_hal_Hwi_checkStack)
                  2001127c    00000034     app_pem4.oem4 (.text:ti_sysbios_knl_Semaphore_construct)
                  200112b0    00000034     ti.targets.arm.rtsarm.aem4 : Core-label.oem4 (.text:xdc_runtime_Core_assignLabel__I)
                  200112e4    00000033                                : Text.oem4 (.text:xdc_runtime_Text_printVisFxn__I)
                  20011317    00000001     --HOLE-- [fill = 0]
                  20011318    00000032     sysbios.aem4 : BIOS.obj (.text:ti_sysbios_hal_Hwi_initStack)
                  2001134a    00000006     ti.targets.arm.rtsarm.aem4 : xdc_noinit.oem4 (.text:__xdc__init)
                  20011350    00000032     sysbios.aem4 : BIOS.obj (.text:ti_sysbios_knl_Semaphore_pendTimeout__I)
                  20011382    00000030     driverlib.a : pin.obj (.text:PinTypeGPIO)
                  200113b2    00000002     --HOLE-- [fill = 0]
                  200113b4    00000030                 : uart.obj (.text:UARTDisable)
                  200113e4    00000030     simplelink.a : device.obj (.text:_SlDrvDeviceEventHandler)
                  20011414    00000030     rtsv7M4_T_le_eabi.lib : xferaise.obj (.text)
                  20011444    00000030     simplelink.a : wlan.obj (.text:sl_WlanProfileDel)
                  20011474    00000030                  : wlan.obj (.text:sl_WlanSetMode)
                  200114a4    00000030     app_pem4.oem4 (.text:ti_sysbios_BIOS_atExitFunc__I)
                  200114d4    00000030     app_pem4.oem4 (.text:ti_sysbios_BIOS_errorRaiseHook__I)
                  20011504    00000030     app_pem4.oem4 (.text:ti_sysbios_BIOS_rtsLock__I)
                  20011534    00000030     app_pem4.oem4 (.text:ti_sysbios_knl_Queue_construct)
                  20011564    00000030     ti.targets.arm.rtsarm.aem4 : SysMin.oem4 (.text:xdc_runtime_SysMin_abort__E)
                  20011594    00000030                                : System.oem4 (.text:xdc_runtime_System_processAtExit__E)
                  200115c4    0000002e     rtsv7M4_T_le_eabi.lib : i_tofd_t2.obj (.text)
                  200115f2    0000002e                           : raise.obj (.text)
                  20011620    0000002c     simplelink.a : cc_pal.obj (.text:DmaSpiSwIntHandler)
                  2001164c    0000002c     driverlib.a : i2c.obj (.text:I2CMasterErr)
                  20011678    0000002c     simplelink.a : cc_pal.obj (.text:NwpPowerOn)
                  200116a4    0000002c     driverlib.a : prcm.obj (.text:PRCMSysResetCauseGet)
                  200116d0    0000002c     app_pem4.oem4 (.text:ti_sysbios_BIOS_startFunc__I)
                  200116fc    00000004     --HOLE-- [fill = 0]
                  20011700    0000002c     sysbios.aem4 : BIOS.obj (.text:ti_sysbios_family_arm_m3_Hwi_Instance_finalize__E)
                  2001172c    0000002c     app_pem4.oem4 (.text:ti_sysbios_family_arm_m3_Hwi_Params__init__S)
                  20011758    0000002c     app_pem4.oem4 (.text:ti_sysbios_knl_Semaphore_Params__init__S)
                  20011784    0000002c     app_pem4.oem4 (.text:ti_sysbios_knl_Task_Params__init__S)
                  200117b0    0000002c     sysbios.aem4 : BIOS.obj (.text:ti_sysbios_knl_Task_restore__E)
                  200117dc    0000002c     ti.targets.arm.rtsarm.aem4 : Text.oem4 (.text:xdc_runtime_Text_cordText__E)
                  20011808    0000002a     driverlib.a : timer.obj (.text:TimerLoadSet)
                  20011832    0000002a                 : timer.obj (.text:TimerMatchSet)
                  2001185c    0000002a                 : timer.obj (.text:TimerPrescaleSet)
                  20011886    0000002a     rtsv7M4_T_le_eabi.lib : xdclass.obj (.text)
                  200118b0    0000002a     ti.targets.arm.rtsarm.aem4 : System.oem4 (.text:xdc_runtime_System_putchar__I)
                  200118da    00000002     --HOLE-- [fill = 0]
                  200118dc    00000028     driverlib.a : prcm.obj (.text:PRCMPeripheralClkDisable)
                  20011904    00000028     app_pem4.oem4 (.text:free)
                  2001192c    00000028     simplelink.a : netapp.obj (.text:sl_NetAppStart)
                  20011954    00000028                  : netapp.obj (.text:sl_NetAppStop)
                  2001197c    00000004     --HOLE-- [fill = 0]
                  20011980    00000028     sysbios.aem4 : BIOS.obj (.text:ti_sysbios_family_arm_cc32xx_Timer_initDevice__I)
                  200119a8    00000028     app_pem4.oem4 (.text:ti_sysbios_family_arm_m3_Hwi_Object__delete__S)
                  200119d0    00000028     app_pem4.oem4 (.text:ti_sysbios_gates_GateMutex_Object__delete__S)
                  200119f8    00000028     app_pem4.oem4 (.text:ti_sysbios_knl_Mailbox_Object__delete__S)
                  20011a20    00000028     app_pem4.oem4 (.text:ti_sysbios_knl_Semaphore_Object__delete__S)
                  20011a48    00000028     sysbios.aem4 : BIOS.obj (.text:ti_sysbios_knl_Swi_Module_startup__E)
                  20011a70    00000028     app_pem4.oem4 (.text:ti_sysbios_knl_Task_Object__delete__S)
                  20011a98    00000028     ti.targets.arm.rtsarm.aem4 : LoggerBuf.oem4 (.text:xdc_runtime_LoggerBuf_Module_startup__E)
                  20011ac0    00000028     app_pem4.oem4 (.text:xdc_runtime_LoggerBuf_Object__delete__S)
                  20011ae8    00000028     app_pem4.oem4 (.text:xdc_runtime_System_aprintf__E)
                  20011b10    00000028     app_pem4.oem4 (.text:xdc_runtime_System_printf__E)
                  20011b38    00000026     simplelink.a : cc_pal.obj (.text:NwpRegisterInterruptHandler)
                  20011b5e    00000026     ti.targets.arm.rtsarm.aem4 : System.oem4 (.text:xdc_runtime_System_avprintf__E)
                  20011b84    00000024     driverlib.a : uart.obj (.text:UARTEnable)
                  20011ba8    00000024     simplelink.a : driver.obj (.text:_SlDrvProtectionObjLockWaitForever)
                  20011bcc    00000024     rtsv7M4_T_le_eabi.lib : memmov.obj (.text)
                  20011bf0    00000024     app_pem4.oem4 (.text:ti_sysbios_BIOS_registerRTSLock__I)
                  20011c14    00000004     --HOLE-- [fill = 0]
                  20011c18    00000024     sysbios.aem4 : BIOS.obj (.text:ti_sysbios_family_arm_m3_Hwi_doTaskRestore__I)
                  20011c3c    00000004     --HOLE-- [fill = 0]
                  20011c40    00000024                  : BIOS.obj (.text:ti_sysbios_family_arm_m3_Timer_startup__E)
                  20011c64    00000024     app_pem4.oem4 (.text:ti_sysbios_gates_GateHwi_Object__delete__S)
                  20011c88    00000024     app_pem4.oem4 (.text:ti_sysbios_heaps_HeapMem_Object__delete__S)
                  20011cac    00000004     --HOLE-- [fill = 0]
                  20011cb0    00000024     sysbios.aem4 : BIOS.obj (.text:ti_sysbios_knl_Clock_Module_startup__E)
                  20011cd4    00000024     ti.targets.arm.rtsarm.aem4 : System.oem4 (.text:xdc_runtime_System_vprintf__E)
                  20011cf8    00000022     driverlib.a : adc.obj (.text:ADCTimerConfig)
                  20011d1a    00000022                 : i2c.obj (.text:I2CMasterSlaveAddrSet)
                  20011d3c    00000022                 : spi.obj (.text:SPIReset)
                  20011d5e    00000022                 : spi.obj (.text:SPIWordCountSet)
                  20011d80    00000022     rtsv7M4_T_le_eabi.lib : frexp.obj (.text)
                  20011da2    00000022                           : memcmp.obj (.text)
                  20011dc4    00000004     --HOLE-- [fill = 0]
                  20011dc8    00000022     sysbios.aem4 : BIOS.obj (.text:ti_sysbios_family_arm_lm4_Timer_write__I)
                  20011dea    00000022     app_pem4.oem4 (.text:ti_sysbios_family_arm_m3_Hwi_Handle__label__S)
                  20011e0c    00000022     app_pem4.oem4 (.text:ti_sysbios_gates_GateHwi_Handle__label__S)
                  20011e2e    00000022     app_pem4.oem4 (.text:ti_sysbios_gates_GateMutex_Handle__label__S)
                  20011e50    00000022     app_pem4.oem4 (.text:ti_sysbios_heaps_HeapMem_Handle__label__S)
                  20011e72    00000022     app_pem4.oem4 (.text:ti_sysbios_knl_Swi_Handle__label__S)
                  20011e94    00000022     app_pem4.oem4 (.text:ti_sysbios_knl_Task_Handle__label__S)
                  20011eb6    00000022     app_pem4.oem4 (.text:xdc_runtime_LoggerBuf_Handle__label__S)
                  20011ed8    00000020     driverlib.a : gpio.obj (.text:GPIOPinWrite)
                  20011ef8    00000020     simplelink.a : driver.obj (.text:_SlDrvProtectionObjUnLock)
                  20011f18    00000020     app_pem4.oem4 (.text:ti_sysbios_BIOS_removeRTSLock__I)
                  20011f38    00000020     sysbios.aem4 : m3_Hwi_asm.obj (.text:ti_sysbios_family_arm_m3_Hwi_excHandlerAsm__I)
                  20011f58    00000020                  : BIOS.obj (.text:ti_sysbios_family_arm_m3_Hwi_excHandler__I)
                  20011f78    00000020                  : BIOS.obj (.text:ti_sysbios_family_arm_m3_TimestampProvider_Module_startup__E)
                  20011f98    00000020                  : BIOS.obj (.text:ti_sysbios_knl_Idle_run__E)
                  20011fb8    00000020     app_pem4.oem4 (.text:ti_sysbios_knl_Semaphore_Object__destruct__S)
                  20011fd8    00000020     app_pem4.oem4 (.text:xdc_runtime_IHeap_alloc)
                  20011ff8    00000020     ti.targets.arm.rtsarm.aem4 : LoggerBuf.oem4 (.text:xdc_runtime_LoggerBuf_reset__E)
                  20012018    00000020                                : Registry.oem4 (.text:xdc_runtime_Registry_findById__E)
                  20012038    00000020                                : SysMin.oem4 (.text:xdc_runtime_SysMin_Module_startup__E)
                  20012058    00000020     app_pem4.oem4 (.text:xdc_runtime_Text_visitRope__I)
                  20012078    0000001e     driverlib.a : i2c.obj (.text:I2CMasterIntStatusEx)
                  20012096    0000001e                 : timer.obj (.text:TimerEnable)
                  200120b4    0000001e                 : uart.obj (.text:UARTCharPut)
                  200120d2    0000001e     simplelink.a : cc_pal.obj (.text:cc_UDMAChannelSelect)
                  200120f0    0000001e     sysbios.aem4 : m3_Hwi_asm_switch.obj (.text:ti_sysbios_family_xxx_Hwi_switchAndRunFunc)
                  2001210e    0000001e     app_pem4.oem4 (.text:ti_sysbios_knl_Task_SupportProxy_start__E)
                  2001212c    0000001e     app_pem4.oem4 (.text:xdc_runtime_Memory_HeapProxy_alloc__E)
                  2001214a    0000001c     driverlib.a : uart.obj (.text:UARTCharGetNonBlocking)
                  20012166    0000001c     simplelink.a : driver.obj (.text:_SlDrvObjLockWaitForever)
                  20012182    0000001c                  : driver.obj (.text:_SlDrvSyncObjWaitForever)
                  2001219e    0000001c     rtsv7M4_T_le_eabi.lib : memccpy.obj (.text)
                  200121ba    00000002     --HOLE-- [fill = 0]
                  200121bc    0000001c     app_pem4.oem4 (.text:ti_sysbios_family_arm_cc32xx_Timer_Module__startupDone__F)
                  200121d8    0000001c     app_pem4.oem4 (.text:ti_sysbios_family_arm_lm4_Timer_Module__startupDone__F)
                  200121f4    0000001c     app_pem4.oem4 (.text:ti_sysbios_family_arm_m3_Hwi_Module__startupDone__F)
                  20012210    0000001c     sysbios.aem4 : BIOS.obj (.text:ti_sysbios_family_arm_m3_Hwi_setPriority__E)
                  2001222c    00000004     --HOLE-- [fill = 0]
                  20012230    0000001c                  : BIOS.obj (.text:ti_sysbios_gates_GateMutex_Instance_init__E)
                  2001224c    0000001c     app_pem4.oem4 (.text:ti_sysbios_knl_Queue_Object__destruct__S)
                  20012268    0000001c     sysbios.aem4 : BIOS.obj (.text:ti_sysbios_knl_Task_enter__I)
                  20012284    0000001c     driverlib.a : udma.obj (.text:uDMAChannelEnable)
                  200122a0    0000001c     ti.targets.arm.rtsarm.aem4 : Error.oem4 (.text:xdc_runtime_Error_raiseX__E)
                  200122bc    0000001c                                : Memory.oem4 (.text:xdc_runtime_Memory_valloc__E)
                  200122d8    0000001c     app_pem4.oem4 (.text:xdc_runtime_Startup_exec__I)
                  200122f4    0000001c     ti.targets.arm.rtsarm.aem4 : SysMin.oem4 (.text:xdc_runtime_SysMin_exit__E)
                  20012310    0000001c                                : System.oem4 (.text:xdc_runtime_System_abort__E)
                  2001232c    0000001a     driverlib.a : gpio.obj (.text:GPIOIntEnable)
                  20012346    0000001a                 : pin.obj (.text:PinTypeTimer)
                  20012360    0000001a                 : pin.obj (.text:PinTypeUART)
                  2001237a    0000001a                 : spi.obj (.text:SPIDmaDisable)
                  20012394    0000001a                 : spi.obj (.text:SPIDmaEnable)
                  200123ae    0000001a                 : spi.obj (.text:SPIFIFODisable)
                  200123c8    0000001a                 : spi.obj (.text:SPIFIFOEnable)
                  200123e2    0000001a     sysbios.aem4 : m3_Hwi_asm.obj (.text:ti_sysbios_family_arm_m3_Hwi_pendSV__I)
                  200123fc    00000004     --HOLE-- [fill = 0]
                  20012400    0000001a                  : BIOS.obj (.text:ti_sysbios_knl_Task_sleepTimeout__I)
                  2001241a    0000001a     app_pem4.oem4 (.text:xdc_runtime_IHeap_free)
                  20012434    00000018     driverlib.a : gpio.obj (.text:GPIOPinRead)
                  2001244c    00000018                 : spi.obj (.text:SPICSDisable)
                  20012464    00000018                 : spi.obj (.text:SPICSEnable)
                  2001247c    00000018                 : spi.obj (.text:SPIDisable)
                  20012494    00000018                 : spi.obj (.text:SPIEnable)
                  200124ac    00000018                 : uart.obj (.text:UARTCharsAvail)
                  200124c4    00000018     simplelink.a : driver.obj (.text:_SlDrvObjUnLock)
                  200124dc    00000018                  : driver.obj (.text:_SlDrvSyncObjSignal)
                  200124f4    00000018                  : device.obj (.text:_sl_GetStartResponseConvert)
                  2001250c    00000018     rtsv7M4_T_le_eabi.lib : args_main.obj (.text)
                  20012524    00000018                           : ll_mul_t2.obj (.text)
                  2001253c    00000004     --HOLE-- [fill = 0]
                  20012540    00000018     sysbios.aem4 : BIOS.obj (.text:ti_sysbios_family_arm_cc32xx_Timer_getMaxTicks__E)
                  20012558    00000018                  : BIOS.obj (.text:ti_sysbios_gates_GateMutex_leave__E)
                  20012570    00000018     ti.targets.arm.rtsarm.aem4 : Error.oem4 (.text:xdc_runtime_Error_check__E)
                  20012588    00000018                                : System.oem4 (.text:xdc_runtime_System_exit__E)
                  200125a0    00000018                                : Text.oem4 (.text:xdc_runtime_Text_ropeText__E)
                  200125b8    00000016     driverlib.a : adc.obj (.text:ADCTimerEnable)
                  200125ce    00000016                 : i2c.obj (.text:I2CMasterDataPut)
                  200125e4    00000016                 : i2c.obj (.text:I2CMasterEnable)
                  200125fa    00000016                 : prcm.obj (.text:PRCMHIBRegRead)
                  20012610    00000016                 : prcm.obj (.text:PRCMHIBRegWrite)
                  20012626    00000016     simplelink.a : driver.obj (.text:_SlDrvMemZero)
                  2001263c    00000016     rtsv7M4_T_le_eabi.lib : strchr.obj (.text)
                  20012652    00000016     app_pem4.oem4 (.text:ti_sysbios_BIOS_exitFunc__I)
                  20012668    00000014     driverlib.a : adc.obj (.text:ADCEnable)
                  2001267c    00000014                 : cpu.obj (.text:CPUcpsie)
                  20012690    00000014                 : gpio.obj (.text:GPIOIntClear)
                  200126a4    00000014                 : pin.obj (.text:PinTypeADC)
                  200126b8    00000014     rtsv7M4_T_le_eabi.lib : _lock.obj (.text)
                  200126cc    00000014                           : strcpy.obj (.text)
                  200126e0    00000014                           : strlen.obj (.text)
                  200126f4    00000004     --HOLE-- [fill = 0]
                  200126f8    00000014     sysbios.aem4 : BIOS.obj (.text:ti_sysbios_family_arm_m3_Hwi_switchFromBootStack__E)
                  2001270c    00000014     app_pem4.oem4 (.text:ti_sysbios_hal_Hwi_HwiProxy_getStackInfo__E)
                  20012720    00000014     app_pem4.oem4 (.text:ti_sysbios_knl_Clock_Module_State_clockQ)
                  20012734    00000014     app_pem4.oem4 (.text:xdc_runtime_Memory_HeapProxy_free__E)
                  20012748    00000012     driverlib.a : i2c.obj (.text:I2CMasterControl)
                  2001275a    00000012                 : i2c.obj (.text:I2CMasterIntClearEx)
                  2001276c    00000012                 : i2c.obj (.text:I2CMasterTimeoutSet)
                  2001277e    00000002     --HOLE-- [fill = 0]
                  20012780    00000012     sysbios.aem4 : BIOS.obj (.text:ti_sysbios_hal_Hwi_Module_startup__E)
                  20012792    00000006     rtsv7M4_T_le_eabi.lib : copy_decompress_rle.obj (.text:decompress:rle24)
                  20012798    00000012     sysbios.aem4 : BIOS.obj (.text:ti_sysbios_hal_Timer_Module_startup__E)
                  200127aa    00000012     ti.targets.arm.rtsarm.aem4 : LoggerBuf.oem4 (.text:xdc_runtime_LoggerBuf_Instance_finalize__E)
                  200127bc    00000012                                : LoggerBuf.oem4 (.text:xdc_runtime_LoggerBuf_write1__E)
                  200127ce    00000012                                : LoggerBuf.oem4 (.text:xdc_runtime_LoggerBuf_write2__E)
                  200127e0    00000010     app_pem4.oem4 (.text:ti_sysbios_BIOS_RtsGateProxy_leave__E)
                  200127f0    00000010     sysbios.aem4 : BIOS.obj (.text:ti_sysbios_BIOS_setThreadType__E)
                  20012800    00000010                  : BIOS.obj (.text:ti_sysbios_BIOS_start__E)
                  20012810    00000010                  : BIOS.obj (.text:ti_sysbios_family_arm_m3_Hwi_getHandle__E)
                  20012820    00000010                  : m3_TaskSupport_asm.obj (.text:ti_sysbios_family_arm_m3_TaskSupport_glue)
                  20012830    00000010                  : m3_TaskSupport_asm.obj (.text:ti_sysbios_family_arm_m3_TaskSupport_swap__E)
                  20012840    00000010                  : BIOS.obj (.text:ti_sysbios_gates_GateMutex_Instance_finalize__E)
                  20012850    00000010     app_pem4.oem4 (.text:ti_sysbios_heaps_HeapMem_Module_GateProxy_leave__E)
                  20012860    00000010     sysbios.aem4 : BIOS.obj (.text:ti_sysbios_knl_Semaphore_Instance_finalize__E)
                  20012870    00000010                  : BIOS.obj (.text:ti_sysbios_knl_Swi_disable__E)
                  20012880    00000010     app_pem4.oem4 (.text:ti_sysbios_knl_Task_SupportProxy_checkStack__E)
                  20012890    00000010     app_pem4.oem4 (.text:ti_sysbios_knl_Task_SupportProxy_swap__E)
                  200128a0    00000010     sysbios.aem4 : BIOS.obj (.text:ti_sysbios_knl_Task_disable__E)
                  200128b0    00000010     ti.targets.arm.rtsarm.aem4 : Gate.oem4 (.text:xdc_runtime_Gate_leaveSystem__E)
                  200128c0    00000010     app_pem4.oem4 (.text:xdc_runtime_LoggerBuf_Module_GateProxy_leave__E)
                  200128d0    00000010     ti.targets.arm.rtsarm.aem4 : LoggerBuf.oem4 (.text:xdc_runtime_LoggerBuf_write0__E)
                  200128e0    00000010                                : Memory.oem4 (.text:xdc_runtime_Memory_free__E)
                  200128f0    00000010                                : SysMin.oem4 (.text:xdc_runtime_SysMin_ready__E)
                  20012900    00000010     app_pem4.oem4 (.text:xdc_runtime_System_Module_GateProxy_leave__E)
                  20012910    00000010     app_pem4.oem4 (.text:xdc_runtime_System_SupportProxy_putch__E)
                  20012920    00000010     ti.targets.arm.rtsarm.aem4 : System.oem4 (.text:xdc_runtime_System_vsnprintf__E)
                  20012930    0000000e     driverlib.a : i2c.obj (.text:I2CMasterDataGet)
                  2001293e    0000000e     simplelink.a : driver.obj (.text:_SlDrvResetCmdExt)
                  2001294c    0000000e     rtsv7M4_T_le_eabi.lib : copy_decompress_none.obj (.text:decompress:none)
                  2001295a    00000006     ti.targets.arm.rtsarm.aem4 : System.oem4 (.text:xdc_runtime_System_Module_startup__E)
                  20012960    0000000e     sysbios.aem4 : BIOS.obj (.text:ti_sysbios_knl_Idle_loop__E)
                  2001296e    00000002     --HOLE-- [fill = 0]
                  20012970    0000000e                  : BIOS.obj (.text:ti_sysbios_knl_Queue_empty__E)
                  2001297e    00000002     --HOLE-- [fill = 0]
                  20012980    0000000c     simplelink.a : cc_pal.obj (.text:NwpMaskInterrupt)
                  2001298c    0000000c                  : cc_pal.obj (.text:NwpUnMaskInterrupt)
                  20012998    0000000c     rtsv7M4_T_le_eabi.lib : copy_zero_init.obj (.text:decompress:ZI)
                  200129a4    0000000c     simplelink.a : wlan.obj (.text:sl_WlanSmartConfigStop)
                  200129b0    0000000c     app_pem4.oem4 (.text:ti_sysbios_BIOS_RtsGateProxy_enter__E)
                  200129bc    0000000c     app_pem4.oem4 (.text:ti_sysbios_family_arm_m3_Hwi_delete)
                  200129c8    0000000c     sysbios.aem4 : BIOS.obj (.text:ti_sysbios_family_arm_m3_Hwi_disableFxn__E)
                  200129d4    00000004     --HOLE-- [fill = 0]
                  200129d8    0000000c                  : BIOS.obj (.text:ti_sysbios_family_arm_m3_TaskSupport_checkStack__E)
                  200129e4    00000004     --HOLE-- [fill = 0]
                  200129e8    0000000c                  : BIOS.obj (.text:ti_sysbios_family_arm_m3_TaskSupport_getStackAlignment__E)
                  200129f4    00000004     --HOLE-- [fill = 0]
                  200129f8    0000000c                  : BIOS.obj (.text:ti_sysbios_family_arm_m3_TimestampProvider_startTimer__E)
                  20012a04    00000004     --HOLE-- [fill = 0]
                  20012a08    0000000c                  : BIOS.obj (.text:ti_sysbios_gates_GateHwi_enter__E)
                  20012a14    0000000c     app_pem4.oem4 (.text:ti_sysbios_heaps_HeapMem_Module_GateProxy_enter__E)
                  20012a20    0000000c     app_pem4.oem4 (.text:ti_sysbios_heaps_HeapMem_Module_GateProxy_query__E)
                  20012a2c    0000000c     app_pem4.oem4 (.text:ti_sysbios_knl_Clock_TimerProxy_getMaxTicks__E)
                  20012a38    0000000c     app_pem4.oem4 (.text:ti_sysbios_knl_Mailbox_delete)
                  20012a44    0000000c     app_pem4.oem4 (.text:ti_sysbios_knl_Queue_destruct)
                  20012a50    0000000c     app_pem4.oem4 (.text:ti_sysbios_knl_Semaphore_delete)
                  20012a5c    0000000c     app_pem4.oem4 (.text:ti_sysbios_knl_Semaphore_destruct)
                  20012a68    0000000c     app_pem4.oem4 (.text:ti_sysbios_knl_Task_delete)
                  20012a74    0000000c     app_pem4.oem4 (.text:xdc_iargToPtr)
                  20012a80    0000000c     ti.targets.arm.rtsarm.aem4 : Error.oem4 (.text:xdc_runtime_Error_init__E)
                  20012a8c    0000000c                                : Gate.oem4 (.text:xdc_runtime_Gate_enterSystem__E)
                  20012a98    0000000c     app_pem4.oem4 (.text:xdc_runtime_LoggerBuf_Module_GateProxy_enter__E)
                  20012aa4    0000000c     app_pem4.oem4 (.text:xdc_runtime_LoggerBuf_TimestampProxy_get64__E)
                  20012ab0    0000000c     ti.targets.arm.rtsarm.aem4 : Memory.oem4 (.text:xdc_runtime_Memory_calloc__E)
                  20012abc    0000000c                                : Memory.oem4 (.text:xdc_runtime_Memory_getMaxDefaultTypeAlign__E)
                  20012ac8    0000000c     app_pem4.oem4 (.text:xdc_runtime_System_Module_GateProxy_enter__E)
                  20012ad4    0000000c     app_pem4.oem4 (.text:xdc_runtime_System_SupportProxy_abort__E)
                  20012ae0    0000000c     app_pem4.oem4 (.text:xdc_runtime_System_SupportProxy_exit__E)
                  20012aec    0000000a     driverlib.a : interrupt.obj (.text:IntMasterEnable)
                  20012af6    0000000a     ti.targets.arm.rtsarm.aem4 : LoggerBuf.oem4 (.text:xdc_runtime_LoggerBuf_disable__E)
                  20012b00    0000000a                                : LoggerBuf.oem4 (.text:xdc_runtime_LoggerBuf_enable__E)
                  20012b0a    00000008     app_pem4.oem4 (.text:ti_sysbios_family_arm_cc32xx_Timer_Module__startupDone__S)
                  20012b12    00000008     app_pem4.oem4 (.text:ti_sysbios_family_arm_lm4_Timer_Module__startupDone__S)
                  20012b1a    00000008     sysbios.aem4 : BIOS.obj (.text:ti_sysbios_family_arm_lm4_Timer_masterDisable__I)
                  20012b22    00000008     app_pem4.oem4 (.text:ti_sysbios_family_arm_m3_Hwi_Module__startupDone__S)
                  20012b2a    00000006     --HOLE-- [fill = 0]
                  20012b30    00000008     sysbios.aem4 : BIOS.obj (.text:ti_sysbios_family_arm_m3_Hwi_doSwiRestore__I)
                  20012b38    00000008                  : BIOS.obj (.text:ti_sysbios_family_arm_m3_Hwi_startup__E)
                  20012b40    00000008     app_pem4.oem4 (.text:ti_sysbios_hal_Hwi_HwiProxy_Module__startupDone__S)
                  20012b48    00000008     app_pem4.oem4 (.text:ti_sysbios_hal_Hwi_HwiProxy_startup__E)
                  20012b50    00000008     app_pem4.oem4 (.text:ti_sysbios_hal_Hwi_HwiProxy_switchFromBootStack__E)
                  20012b58    00000008     app_pem4.oem4 (.text:ti_sysbios_hal_Timer_TimerProxy_Module__startupDone__S)
                  20012b60    00000008     app_pem4.oem4 (.text:ti_sysbios_knl_Clock_TimerProxy_Module__startupDone__S)
                  20012b68    00000008     app_pem4.oem4 (.text:ti_sysbios_knl_Task_SupportProxy_Module__startupDone__S)
                  20012b70    00000008     app_pem4.oem4 (.text:ti_sysbios_knl_Task_SupportProxy_getStackAlignment__E)
                  20012b78    00000008     app_pem4.oem4 (.text:xdc_runtime_System_SupportProxy_ready__E)
                  20012b80    00000006     sysbios.aem4 : BIOS.obj (.text:ti_sysbios_family_arm_m3_Hwi_restoreFxn__E)
                  20012b86    00000002     --HOLE-- [fill = 0]
                  20012b88    00000006                  : BIOS.obj (.text:ti_sysbios_gates_GateHwi_leave__E)
                  20012b8e    00000002     --HOLE-- [fill = 0]
                  20012b90    00000006                  : BIOS.obj (.text:ti_sysbios_heaps_HeapMem_isBlocking__E)
                  20012b96    00000002     --HOLE-- [fill = 0]
                  20012b98    00000006                  : BIOS.obj (.text:ti_sysbios_knl_Queue_Instance_init__E)
                  20012b9e    00000002     --HOLE-- [fill = 0]
                  20012ba0    00000004                  : BIOS.obj (.text:ti_sysbios_gates_GateHwi_query__E)
                  20012ba4    00000004     --HOLE-- [fill = 0]
                  20012ba8    00000004                  : BIOS.obj (.text:ti_sysbios_gates_GateMutex_query__E)
                  20012bac    00000004     --HOLE-- [fill = 0]
                  20012bb0    00000004                  : BIOS.obj (.text:ti_sysbios_knl_Task_startup__E)
                  20012bb4    00000004     --HOLE-- [fill = 0]
                  20012bb8    00000002                  : BIOS.obj (.text:ti_sysbios_family_arm_m3_TimestampProvider_rolloverFunc__E)
                  20012bba    00000006     --HOLE-- [fill = 0]
                  20012bc0    00000002                  : BIOS.obj (.text:ti_sysbios_gates_GateHwi_Instance_init__E)

.const     0    20012bc4    00002526     
                  20012bc4    0000184d     app_pem4.oem4 (.const:xdc_runtime_Text_charTab__A)
                  20014411    00000101     rtsv7M4_T_le_eabi.lib : ctype.obj (.const:.string:_ctypes_)
                  20014512    00000002     app_pem4.oem4 (.const:ti_sysbios_family_arm_m3_Hwi_Module__id__C)
                  20014514    00000100     driverlib.a : pin.obj (.const:g_ulPinToPadMap)
                  20014614    000000c8     app_pem4.oem4 (.const:xdc_runtime_Text_nodeTab__A)
                  200146dc    000000a8     driverlib.a : prcm.obj (.const:PRCM_PeriphRegsList)
                  20014784    00000080                 : interrupt.obj (.const)
                  20014804    00000048     app_pem4.oem4 (.const:.string)
                  2001484c    00000040     iodriver.obj (.const:.string:g_ucPinMap)
                  2001488c    0000003c     simplelink.a : driver.obj (.const:OpcodeTranslateTable)
                  200148c8    0000003c                  : wlan.obj (.const)
                  20014904    0000003c     app_pem4.oem4 (.const:ti_sysbios_knl_Task_Object__PARAMS__C)
                  20014940    0000003c     app_pem4.oem4 (.const:xdc_runtime_LoggerBuf_Module__FXNS__C)
                  2001497c    00000038     simplelink.a : driver.obj (.const:_SlActionLookupTable)
                  200149b4    00000038     app_pem4.oem4 (.const:xdc_runtime_Startup_sfxnTab__A)
                  200149ec    00000037     main.obj (.const:.string)
                  20014a23    00000001     app_pem4.oem4 (.const:xdc_runtime_Error_policy__C)
                  20014a24    00000034     simplelink.a : driver.obj (.const)
                  20014a58    00000034     app_pem4.oem4 (.const:ti_sysbios_knl_Mailbox_Object__PARAMS__C)
                  20014a8c    00000030     app_pem4.oem4 (.const:ti_sysbios_family_arm_m3_Hwi_Object__PARAMS__C)
                  20014abc    00000028     simplelink.a : netapp.obj (.const)
                  20014ae4    00000028     app_pem4.oem4 (.const:ti_sysbios_heaps_HeapMem_Module__FXNS__C)
                  20014b0c    00000024     app_pem4.oem4 (.const:ti_sysbios_gates_GateHwi_Module__FXNS__C)
                  20014b30    00000024     app_pem4.oem4 (.const:ti_sysbios_gates_GateMutex_Module__FXNS__C)
                  20014b54    00000024     app_pem4.oem4 (.const:ti_sysbios_heaps_HeapMem_Object__PARAMS__C)
                  20014b78    00000024     app_pem4.oem4 (.const:ti_sysbios_knl_Semaphore_Object__PARAMS__C)
                  20014b9c    00000024     app_pem4.oem4 (.const:xdc_runtime_LoggerBuf_Object__PARAMS__C)
                  20014bc0    00000023     smartconfig.obj (.const:.string)
                  20014be3    00000001     --HOLE-- [fill = 0]
                  20014be4    00000020     app_pem4.oem4 (.const:ti_sysbios_family_arm_m3_Hwi_Object__DESC__C)
                  20014c04    00000020     app_pem4.oem4 (.const:ti_sysbios_gates_GateHwi_Object__DESC__C)
                  20014c24    00000020     app_pem4.oem4 (.const:ti_sysbios_gates_GateMutex_Object__DESC__C)
                  20014c44    00000020     app_pem4.oem4 (.const:ti_sysbios_heaps_HeapMem_Object__DESC__C)
                  20014c64    00000020     app_pem4.oem4 (.const:ti_sysbios_knl_Mailbox_Object__DESC__C)
                  20014c84    00000020     app_pem4.oem4 (.const:ti_sysbios_knl_Queue_Object__DESC__C)
                  20014ca4    00000020     app_pem4.oem4 (.const:ti_sysbios_knl_Semaphore_Object__DESC__C)
                  20014cc4    00000020     app_pem4.oem4 (.const:ti_sysbios_knl_Task_Object__DESC__C)
                  20014ce4    00000020     app_pem4.oem4 (.const:xdc_runtime_LoggerBuf_Object__DESC__C)
                  20014d04    0000001c     app_pem4.oem4 (.const:xdc_runtime_Startup_sfxnRts__A)
                  20014d20    00000018     driverlib.a : spi.obj (.const)
                  20014d38    00000018     app_pem4.oem4 (.const:ti_sysbios_gates_GateHwi_Object__PARAMS__C)
                  20014d50    00000018     app_pem4.oem4 (.const:ti_sysbios_gates_GateMutex_Object__PARAMS__C)
                  20014d68    00000018     app_pem4.oem4 (.const:ti_sysbios_knl_Queue_Object__PARAMS__C)
                  20014d80    00000014     iodriver.obj (.const)
                  20014d94    00000014     simplelink.a : device.obj (.const)
                  20014da8    00000011     ti.targets.arm.rtsarm.aem4 : System.oem4 (.const:.string)
                  20014db9    00000001     --HOLE-- [fill = 0]
                  20014dba    00000002     app_pem4.oem4 (.const:ti_sysbios_family_arm_m3_Hwi_Module__loggerDefined__C)
                  20014dbc    00000010     app_pem4.oem4 (.const:xdc_runtime_Startup_firstFxns__A)
                  20014dcc    00000008     simplelink.a : device.obj (.const:.string)
                  20014dd4    00000008     app_pem4.oem4 (.const:ti_sysbios_family_arm_m3_Hwi_excHookFuncs__A)
                  20014ddc    00000008     app_pem4.oem4 (.const:ti_sysbios_knl_Idle_funcList__C)
                  20014de4    00000008     app_pem4.oem4 (.const:xdc_runtime_Startup_firstFxns__C)
                  20014dec    00000008     app_pem4.oem4 (.const:xdc_runtime_Startup_lastFxns__C)
                  20014df4    00000004     app_pem4.oem4 (.const:ti_sysbios_BIOS_installedErrorHook__C)
                  20014df8    00000004     app_pem4.oem4 (.const:ti_sysbios_family_arm_cc32xx_Timer_Module_State_clockObj__O)
                  20014dfc    00000004     app_pem4.oem4 (.const:ti_sysbios_family_arm_cc32xx_Timer_startupNeeded__C)
                  20014e00    00000004     app_pem4.oem4 (.const:ti_sysbios_family_arm_lm4_Timer_enableFunc__C)
                  20014e04    00000004     app_pem4.oem4 (.const:ti_sysbios_family_arm_lm4_Timer_numTimerDevices__C)
                  20014e08    00000004     app_pem4.oem4 (.const:ti_sysbios_family_arm_lm4_Timer_startupNeeded__C)
                  20014e0c    00000004     app_pem4.oem4 (.const:ti_sysbios_family_arm_m3_Hwi_E_NMI__C)
                  20014e10    00000004     app_pem4.oem4 (.const:ti_sysbios_family_arm_m3_Hwi_E_alreadyDefined__C)
                  20014e14    00000004     app_pem4.oem4 (.const:ti_sysbios_family_arm_m3_Hwi_E_busFault__C)
                  20014e18    00000004     app_pem4.oem4 (.const:ti_sysbios_family_arm_m3_Hwi_E_debugMon__C)
                  20014e1c    00000004     app_pem4.oem4 (.const:ti_sysbios_family_arm_m3_Hwi_E_hardFault__C)
                  20014e20    00000004     app_pem4.oem4 (.const:ti_sysbios_family_arm_m3_Hwi_E_memFault__C)
                  20014e24    00000004     app_pem4.oem4 (.const:ti_sysbios_family_arm_m3_Hwi_E_noIsr__C)
                  20014e28    00000004     app_pem4.oem4 (.const:ti_sysbios_family_arm_m3_Hwi_E_reserved__C)
                  20014e2c    00000004     app_pem4.oem4 (.const:ti_sysbios_family_arm_m3_Hwi_E_svCall__C)
                  20014e30    00000004     app_pem4.oem4 (.const:ti_sysbios_family_arm_m3_Hwi_E_usageFault__C)
                  20014e34    00000004     app_pem4.oem4 (.const:ti_sysbios_family_arm_m3_Hwi_LD_end__C)
                  20014e38    00000004     app_pem4.oem4 (.const:ti_sysbios_family_arm_m3_Hwi_LM_begin__C)
                  20014e3c    00000004     app_pem4.oem4 (.const:ti_sysbios_family_arm_m3_Hwi_Module__diagsEnabled__C)
                  20014e40    00000004     app_pem4.oem4 (.const:ti_sysbios_family_arm_m3_Hwi_Module__diagsIncluded__C)
                  20014e44    00000004     app_pem4.oem4 (.const:ti_sysbios_family_arm_m3_Hwi_Module__diagsMask__C)
                  20014e48    00000004     app_pem4.oem4 (.const:ti_sysbios_family_arm_m3_Hwi_Module__loggerFxn1__C)
                  20014e4c    00000004     app_pem4.oem4 (.const:ti_sysbios_family_arm_m3_Hwi_Module__loggerFxn8__C)
                  20014e50    00000004     app_pem4.oem4 (.const:ti_sysbios_family_arm_m3_Hwi_Module__loggerObj__C)
                  20014e54    00000004     app_pem4.oem4 (.const:ti_sysbios_family_arm_m3_Hwi_NUM_INTERRUPTS__C)
                  20014e58    00000004     app_pem4.oem4 (.const:ti_sysbios_family_arm_m3_Hwi_Object__count__C)
                  20014e5c    00000004     app_pem4.oem4 (.const:ti_sysbios_family_arm_m3_Hwi_Object__table__C)
                  20014e60    00000004     app_pem4.oem4 (.const:ti_sysbios_family_arm_m3_Hwi_ccr__C)
                  20014e64    00000004     app_pem4.oem4 (.const:ti_sysbios_family_arm_m3_Hwi_excHandlerFunc__C)
                  20014e68    00000004     app_pem4.oem4 (.const:ti_sysbios_family_arm_m3_Hwi_excHookFuncs__C)
                  20014e6c    00000004     app_pem4.oem4 (.const:ti_sysbios_family_arm_m3_Hwi_nullIsrFunc__C)
                  20014e70    00000004     app_pem4.oem4 (.const:ti_sysbios_family_arm_m3_Hwi_priGroup__C)
                  20014e74    00000004     app_pem4.oem4 (.const:ti_sysbios_family_arm_m3_TaskSupport_stackAlignment__C)
                  20014e78    00000004     app_pem4.oem4 (.const:ti_sysbios_family_arm_m3_Timer_E_cannotSupport__C)
                  20014e7c    00000004     app_pem4.oem4 (.const:ti_sysbios_family_arm_m3_Timer_startupNeeded__C)
                  20014e80    00000004     app_pem4.oem4 (.const:ti_sysbios_gates_GateMutex_A_badContext__C)
                  20014e84    00000004     app_pem4.oem4 (.const:ti_sysbios_gates_GateMutex_Instance_State_sem__O)
                  20014e88    00000004     app_pem4.oem4 (.const:ti_sysbios_gates_GateMutex_Module__diagsEnabled__C)
                  20014e8c    00000004     app_pem4.oem4 (.const:ti_sysbios_gates_GateMutex_Module__diagsIncluded__C)
                  20014e90    00000004     app_pem4.oem4 (.const:ti_sysbios_gates_GateMutex_Module__diagsMask__C)
                  20014e94    00000004     app_pem4.oem4 (.const:ti_sysbios_hal_Hwi_E_stackOverflow__C)
                  20014e98    00000004     app_pem4.oem4 (.const:ti_sysbios_heaps_HeapMem_A_align__C)
                  20014e9c    00000004     app_pem4.oem4 (.const:ti_sysbios_heaps_HeapMem_A_heapSize__C)
                  20014ea0    00000004     app_pem4.oem4 (.const:ti_sysbios_heaps_HeapMem_A_invalidFree__C)
                  20014ea4    00000004     app_pem4.oem4 (.const:ti_sysbios_heaps_HeapMem_A_zeroBlock__C)
                  20014ea8    00000004     app_pem4.oem4 (.const:ti_sysbios_heaps_HeapMem_E_memory__C)
                  20014eac    00000004     app_pem4.oem4 (.const:ti_sysbios_heaps_HeapMem_Module__diagsEnabled__C)
                  20014eb0    00000004     app_pem4.oem4 (.const:ti_sysbios_heaps_HeapMem_Module__diagsIncluded__C)
                  20014eb4    00000004     app_pem4.oem4 (.const:ti_sysbios_heaps_HeapMem_Module__diagsMask__C)
                  20014eb8    00000004     app_pem4.oem4 (.const:ti_sysbios_heaps_HeapMem_Module__gateObj__C)
                  20014ebc    00000004     app_pem4.oem4 (.const:ti_sysbios_heaps_HeapMem_Object__count__C)
                  20014ec0    00000004     app_pem4.oem4 (.const:ti_sysbios_heaps_HeapMem_Object__table__C)
                  20014ec4    00000004     app_pem4.oem4 (.const:ti_sysbios_heaps_HeapMem_reqAlign__C)
                  20014ec8    00000004     app_pem4.oem4 (.const:ti_sysbios_knl_Clock_LM_begin__C)
                  20014ecc    00000004     app_pem4.oem4 (.const:ti_sysbios_knl_Clock_LM_tick__C)
                  20014ed0    00000004     app_pem4.oem4 (.const:ti_sysbios_knl_Clock_LW_delayed__C)
                  20014ed4    00000004     app_pem4.oem4 (.const:ti_sysbios_knl_Clock_Module_State_clockQ__O)
                  20014ed8    00000004     app_pem4.oem4 (.const:ti_sysbios_knl_Clock_Module__diagsEnabled__C)
                  20014edc    00000004     app_pem4.oem4 (.const:ti_sysbios_knl_Clock_Module__diagsIncluded__C)
                  20014ee0    00000004     app_pem4.oem4 (.const:ti_sysbios_knl_Clock_Module__diagsMask__C)
                  20014ee4    00000004     app_pem4.oem4 (.const:ti_sysbios_knl_Clock_Module__loggerFxn1__C)
                  20014ee8    00000004     app_pem4.oem4 (.const:ti_sysbios_knl_Clock_Module__loggerFxn2__C)
                  20014eec    00000004     app_pem4.oem4 (.const:ti_sysbios_knl_Clock_Module__loggerObj__C)
                  20014ef0    00000004     app_pem4.oem4 (.const:ti_sysbios_knl_Clock_tickPeriod__C)
                  20014ef4    00000004     app_pem4.oem4 (.const:ti_sysbios_knl_Idle_funcList__A)
                  20014ef8    00000004     app_pem4.oem4 (.const:ti_sysbios_knl_Mailbox_A_invalidBufSize__C)
                  20014efc    00000004     app_pem4.oem4 (.const:ti_sysbios_knl_Mailbox_Instance_State_dataQue__O)
                  20014f00    00000004     app_pem4.oem4 (.const:ti_sysbios_knl_Mailbox_Instance_State_dataSem__O)
                  20014f04    00000004     app_pem4.oem4 (.const:ti_sysbios_knl_Mailbox_Instance_State_freeQue__O)
                  20014f08    00000004     app_pem4.oem4 (.const:ti_sysbios_knl_Mailbox_Instance_State_freeSem__O)
                  20014f0c    00000004     app_pem4.oem4 (.const:ti_sysbios_knl_Mailbox_Module__diagsEnabled__C)
                  20014f10    00000004     app_pem4.oem4 (.const:ti_sysbios_knl_Mailbox_Module__diagsIncluded__C)
                  20014f14    00000004     app_pem4.oem4 (.const:ti_sysbios_knl_Mailbox_Module__diagsMask__C)
                  20014f18    00000004     app_pem4.oem4 (.const:ti_sysbios_knl_Mailbox_Object__count__C)
                  20014f1c    00000004     app_pem4.oem4 (.const:ti_sysbios_knl_Mailbox_Object__table__C)
                  20014f20    00000004     app_pem4.oem4 (.const:ti_sysbios_knl_Mailbox_maxTypeAlign__C)
                  20014f24    00000004     app_pem4.oem4 (.const:ti_sysbios_knl_Queue_Object__count__C)
                  20014f28    00000004     app_pem4.oem4 (.const:ti_sysbios_knl_Queue_Object__table__C)
                  20014f2c    00000004     app_pem4.oem4 (.const:ti_sysbios_knl_Semaphore_A_badContext__C)
                  20014f30    00000004     app_pem4.oem4 (.const:ti_sysbios_knl_Semaphore_A_noEvents__C)
                  20014f34    00000004     app_pem4.oem4 (.const:ti_sysbios_knl_Semaphore_A_overflow__C)
                  20014f38    00000004     app_pem4.oem4 (.const:ti_sysbios_knl_Semaphore_A_pendTaskDisabled__C)
                  20014f3c    00000004     app_pem4.oem4 (.const:ti_sysbios_knl_Semaphore_Instance_State_pendQ__O)
                  20014f40    00000004     app_pem4.oem4 (.const:ti_sysbios_knl_Semaphore_LM_pend__C)
                  20014f44    00000004     app_pem4.oem4 (.const:ti_sysbios_knl_Semaphore_LM_post__C)
                  20014f48    00000004     app_pem4.oem4 (.const:ti_sysbios_knl_Semaphore_Module__diagsEnabled__C)
                  20014f4c    00000004     app_pem4.oem4 (.const:ti_sysbios_knl_Semaphore_Module__diagsIncluded__C)
                  20014f50    00000004     app_pem4.oem4 (.const:ti_sysbios_knl_Semaphore_Module__diagsMask__C)
                  20014f54    00000004     app_pem4.oem4 (.const:ti_sysbios_knl_Semaphore_Module__loggerFxn2__C)
                  20014f58    00000004     app_pem4.oem4 (.const:ti_sysbios_knl_Semaphore_Module__loggerFxn4__C)
                  20014f5c    00000004     app_pem4.oem4 (.const:ti_sysbios_knl_Semaphore_Module__loggerObj__C)
                  20014f60    00000004     app_pem4.oem4 (.const:ti_sysbios_knl_Swi_LD_end__C)
                  20014f64    00000004     app_pem4.oem4 (.const:ti_sysbios_knl_Swi_LM_begin__C)
                  20014f68    00000004     app_pem4.oem4 (.const:ti_sysbios_knl_Swi_LM_post__C)
                  20014f6c    00000004     app_pem4.oem4 (.const:ti_sysbios_knl_Swi_Module__diagsEnabled__C)
                  20014f70    00000004     app_pem4.oem4 (.const:ti_sysbios_knl_Swi_Module__diagsIncluded__C)
                  20014f74    00000004     app_pem4.oem4 (.const:ti_sysbios_knl_Swi_Module__diagsMask__C)
                  20014f78    00000004     app_pem4.oem4 (.const:ti_sysbios_knl_Swi_Module__loggerFxn1__C)
                  20014f7c    00000004     app_pem4.oem4 (.const:ti_sysbios_knl_Swi_Module__loggerFxn4__C)
                  20014f80    00000004     app_pem4.oem4 (.const:ti_sysbios_knl_Swi_Module__loggerObj__C)
                  20014f84    00000004     app_pem4.oem4 (.const:ti_sysbios_knl_Swi_Object__count__C)
                  20014f88    00000004     app_pem4.oem4 (.const:ti_sysbios_knl_Swi_Object__table__C)
                  20014f8c    00000004     app_pem4.oem4 (.const:ti_sysbios_knl_Task_A_badPriority__C)
                  20014f90    00000004     app_pem4.oem4 (.const:ti_sysbios_knl_Task_A_badTaskState__C)
                  20014f94    00000004     app_pem4.oem4 (.const:ti_sysbios_knl_Task_A_badThreadType__C)
                  20014f98    00000004     app_pem4.oem4 (.const:ti_sysbios_knl_Task_A_badTimeout__C)
                  20014f9c    00000004     app_pem4.oem4 (.const:ti_sysbios_knl_Task_A_noPendElem__C)
                  20014fa0    00000004     app_pem4.oem4 (.const:ti_sysbios_knl_Task_A_sleepTaskDisabled__C)
                  20014fa4    00000004     app_pem4.oem4 (.const:ti_sysbios_knl_Task_E_spOutOfBounds__C)
                  20014fa8    00000004     app_pem4.oem4 (.const:ti_sysbios_knl_Task_E_stackOverflow__C)
                  20014fac    00000004     app_pem4.oem4 (.const:ti_sysbios_knl_Task_LD_block__C)
                  20014fb0    00000004     app_pem4.oem4 (.const:ti_sysbios_knl_Task_LD_exit__C)
                  20014fb4    00000004     app_pem4.oem4 (.const:ti_sysbios_knl_Task_LD_ready__C)
                  20014fb8    00000004     app_pem4.oem4 (.const:ti_sysbios_knl_Task_LM_sleep__C)
                  20014fbc    00000004     app_pem4.oem4 (.const:ti_sysbios_knl_Task_LM_switch__C)
                  20014fc0    00000004     app_pem4.oem4 (.const:ti_sysbios_knl_Task_LM_yield__C)
                  20014fc4    00000004     app_pem4.oem4 (.const:ti_sysbios_knl_Task_Module_State_inactiveQ__O)
                  20014fc8    00000004     app_pem4.oem4 (.const:ti_sysbios_knl_Task_Module__diagsEnabled__C)
                  20014fcc    00000004     app_pem4.oem4 (.const:ti_sysbios_knl_Task_Module__diagsIncluded__C)
                  20014fd0    00000004     app_pem4.oem4 (.const:ti_sysbios_knl_Task_Module__diagsMask__C)
                  20014fd4    00000004     app_pem4.oem4 (.const:ti_sysbios_knl_Task_Module__loggerFxn2__C)
                  20014fd8    00000004     app_pem4.oem4 (.const:ti_sysbios_knl_Task_Module__loggerFxn4__C)
                  20014fdc    00000004     app_pem4.oem4 (.const:ti_sysbios_knl_Task_Module__loggerObj__C)
                  20014fe0    00000004     app_pem4.oem4 (.const:ti_sysbios_knl_Task_Object__count__C)
                  20014fe4    00000004     app_pem4.oem4 (.const:ti_sysbios_knl_Task_Object__table__C)
                  20014fe8    00000004     app_pem4.oem4 (.const:ti_sysbios_knl_Task_allBlockedFunc__C)
                  20014fec    00000004     app_pem4.oem4 (.const:ti_sysbios_knl_Task_defaultStackHeap__C)
                  20014ff0    00000004     app_pem4.oem4 (.const:ti_sysbios_knl_Task_defaultStackSize__C)
                  20014ff4    00000004     app_pem4.oem4 (.const:ti_sysbios_knl_Task_numConstructedTasks__C)
                  20014ff8    00000004     app_pem4.oem4 (.const:xdc_runtime_Assert_E_assertFailed__C)
                  20014ffc    00000004     app_pem4.oem4 (.const:xdc_runtime_Core_A_initializedParams__C)
                  20015000    00000004     app_pem4.oem4 (.const:xdc_runtime_Core_Module__diagsEnabled__C)
                  20015004    00000004     app_pem4.oem4 (.const:xdc_runtime_Core_Module__diagsIncluded__C)
                  20015008    00000004     app_pem4.oem4 (.const:xdc_runtime_Core_Module__diagsMask__C)
                  2001500c    00000004     app_pem4.oem4 (.const:xdc_runtime_Error_E_memory__C)
                  20015010    00000004     app_pem4.oem4 (.const:xdc_runtime_Error_Module__diagsEnabled__C)
                  20015014    00000004     app_pem4.oem4 (.const:xdc_runtime_Error_Module__diagsIncluded__C)
                  20015018    00000004     app_pem4.oem4 (.const:xdc_runtime_Error_Module__diagsMask__C)
                  2001501c    00000004     app_pem4.oem4 (.const:xdc_runtime_Error_Module__loggerFxn8__C)
                  20015020    00000004     app_pem4.oem4 (.const:xdc_runtime_Error_Module__loggerObj__C)
                  20015024    00000004     app_pem4.oem4 (.const:xdc_runtime_Error_policyFxn__C)
[...]
20014e90  ti_sysbios_gates_GateMutex_Module__diagsMask__C             
20014e94  ti_sysbios_hal_Hwi_E_stackOverflow__C                       
20014e98  ti_sysbios_heaps_HeapMem_A_align__C                         
20014e9c  ti_sysbios_heaps_HeapMem_A_heapSize__C                      
20014ea0  ti_sysbios_heaps_HeapMem_A_invalidFree__C                   
20014ea4  ti_sysbios_heaps_HeapMem_A_zeroBlock__C                     
20014ea8  ti_sysbios_heaps_HeapMem_E_memory__C                        
20014eac  ti_sysbios_heaps_HeapMem_Module__diagsEnabled__C            
20014eb0  ti_sysbios_heaps_HeapMem_Module__diagsIncluded__C           
20014eb4  ti_sysbios_heaps_HeapMem_Module__diagsMask__C               
20014eb8  ti_sysbios_heaps_HeapMem_Module__gateObj__C                 
20014ebc  ti_sysbios_heaps_HeapMem_Object__count__C                   
20014ec0  ti_sysbios_heaps_HeapMem_Object__table__C                   
20014ec4  ti_sysbios_heaps_HeapMem_reqAlign__C                        
20014ec8  ti_sysbios_knl_Clock_LM_begin__C                            
20014ecc  ti_sysbios_knl_Clock_LM_tick__C                             
20014ed0  ti_sysbios_knl_Clock_LW_delayed__C                          
20014ed4  ti_sysbios_knl_Clock_Module_State_clockQ__O                 
20014ed8  ti_sysbios_knl_Clock_Module__diagsEnabled__C                
20014edc  ti_sysbios_knl_Clock_Module__diagsIncluded__C               
20014ee0  ti_sysbios_knl_Clock_Module__diagsMask__C                   
20014ee4  ti_sysbios_knl_Clock_Module__loggerFxn1__C                  
20014ee8  ti_sysbios_knl_Clock_Module__loggerFxn2__C                  
20014eec  ti_sysbios_knl_Clock_Module__loggerObj__C                   
20014ef0  ti_sysbios_knl_Clock_tickPeriod__C                          
20014ef4  ti_sysbios_knl_Idle_funcList__A                             
20014ef8  ti_sysbios_knl_Mailbox_A_invalidBufSize__C                  
20014efc  ti_sysbios_knl_Mailbox_Instance_State_dataQue__O            
20014f00  ti_sysbios_knl_Mailbox_Instance_State_dataSem__O            
20014f04  ti_sysbios_knl_Mailbox_Instance_State_freeQue__O            
20014f08  ti_sysbios_knl_Mailbox_Instance_State_freeSem__O            
20014f0c  ti_sysbios_knl_Mailbox_Module__diagsEnabled__C              
20014f10  ti_sysbios_knl_Mailbox_Module__diagsIncluded__C             
20014f14  ti_sysbios_knl_Mailbox_Module__diagsMask__C                 
20014f18  ti_sysbios_knl_Mailbox_Object__count__C                     
20014f1c  ti_sysbios_knl_Mailbox_Object__table__C                     
20014f20  ti_sysbios_knl_Mailbox_maxTypeAlign__C                      
20014f24  ti_sysbios_knl_Queue_Object__count__C                       
20014f28  ti_sysbios_knl_Queue_Object__table__C                       
20014f2c  ti_sysbios_knl_Semaphore_A_badContext__C                    
20014f30  ti_sysbios_knl_Semaphore_A_noEvents__C                      
20014f34  ti_sysbios_knl_Semaphore_A_overflow__C                      
20014f38  ti_sysbios_knl_Semaphore_A_pendTaskDisabled__C              
20014f3c  ti_sysbios_knl_Semaphore_Instance_State_pendQ__O            
20014f40  ti_sysbios_knl_Semaphore_LM_pend__C                         
20014f44  ti_sysbios_knl_Semaphore_LM_post__C                         
20014f48  ti_sysbios_knl_Semaphore_Module__diagsEnabled__C            
20014f4c  ti_sysbios_knl_Semaphore_Module__diagsIncluded__C           
20014f50  ti_sysbios_knl_Semaphore_Module__diagsMask__C               
20014f54  ti_sysbios_knl_Semaphore_Module__loggerFxn2__C              
20014f58  ti_sysbios_knl_Semaphore_Module__loggerFxn4__C              
20014f5c  ti_sysbios_knl_Semaphore_Module__loggerObj__C               
20014f60  ti_sysbios_knl_Swi_LD_end__C                                
20014f64  ti_sysbios_knl_Swi_LM_begin__C                              
20014f68  ti_sysbios_knl_Swi_LM_post__C                               
20014f6c  ti_sysbios_knl_Swi_Module__diagsEnabled__C                  
20014f70  ti_sysbios_knl_Swi_Module__diagsIncluded__C                 
20014f74  ti_sysbios_knl_Swi_Module__diagsMask__C                     
20014f78  ti_sysbios_knl_Swi_Module__loggerFxn1__C                    
20014f7c  ti_sysbios_knl_Swi_Module__loggerFxn4__C                    
20014f80  ti_sysbios_knl_Swi_Module__loggerObj__C                     
20014f84  ti_sysbios_knl_Swi_Object__count__C                         
20014f88  ti_sysbios_knl_Swi_Object__table__C                         
20014f8c  ti_sysbios_knl_Task_A_badPriority__C                        
20014f90  ti_sysbios_knl_Task_A_badTaskState__C                       
20014f94  ti_sysbios_knl_Task_A_badThreadType__C                      
20014f98  ti_sysbios_knl_Task_A_badTimeout__C                         
20014f9c  ti_sysbios_knl_Task_A_noPendElem__C                         
20014fa0  ti_sysbios_knl_Task_A_sleepTaskDisabled__C                  
20014fa4  ti_sysbios_knl_Task_E_spOutOfBounds__C                      
20014fa8  ti_sysbios_knl_Task_E_stackOverflow__C                      
20014fac  ti_sysbios_knl_Task_LD_block__C                             
20014fb0  ti_sysbios_knl_Task_LD_exit__C                              
20014fb4  ti_sysbios_knl_Task_LD_ready__C                             
20014fb8  ti_sysbios_knl_Task_LM_sleep__C                             
20014fbc  ti_sysbios_knl_Task_LM_switch__C                            
20014fc0  ti_sysbios_knl_Task_LM_yield__C                             
20014fc4  ti_sysbios_knl_Task_Module_State_inactiveQ__O               
20014fc8  ti_sysbios_knl_Task_Module__diagsEnabled__C                 
20014fcc  ti_sysbios_knl_Task_Module__diagsIncluded__C                
20014fd0  ti_sysbios_knl_Task_Module__diagsMask__C                    
20014fd4  ti_sysbios_knl_Task_Module__loggerFxn2__C                   
20014fd8  ti_sysbios_knl_Task_Module__loggerFxn4__C                   
20014fdc  ti_sysbios_knl_Task_Module__loggerObj__C                    
20014fe0  ti_sysbios_knl_Task_Object__count__C                        
20014fe4  ti_sysbios_knl_Task_Object__table__C                        
20014fe8  ti_sysbios_knl_Task_allBlockedFunc__C                       
20014fec  ti_sysbios_knl_Task_defaultStackHeap__C                     
20014ff0  ti_sysbios_knl_Task_defaultStackSize__C                     
20014ff4  ti_sysbios_knl_Task_numConstructedTasks__C                  
20014ff8  xdc_runtime_Assert_E_assertFailed__C                        
20014ffc  xdc_runtime_Core_A_initializedParams__C                     
20015000  xdc_runtime_Core_Module__diagsEnabled__C                    
20015004  xdc_runtime_Core_Module__diagsIncluded__C                   
20015008  xdc_runtime_Core_Module__diagsMask__C                       
2001500c  xdc_runtime_Error_E_memory__C                               
20015010  xdc_runtime_Error_Module__diagsEnabled__C                   
20015014  xdc_runtime_Error_Module__diagsIncluded__C                  
20015018  xdc_runtime_Error_Module__diagsMask__C                      
2001501c  xdc_runtime_Error_Module__loggerFxn8__C                     
20015020  xdc_runtime_Error_Module__loggerObj__C                      
20015024  xdc_runtime_Error_policyFxn__C                              
20015028  xdc_runtime_Error_raiseHook__C                              
2001502c  xdc_runtime_IFilterLogger_Interface__BASE__C                
20015030  xdc_runtime_IGateProvider_Interface__BASE__C                
20015034  xdc_runtime_IHeap_Interface__BASE__C                        
20015038  xdc_runtime_ILogger_Interface__BASE__C                      
2001503c  xdc_runtime_IModule_Interface__BASE__C                      
20015040  xdc_runtime_Log_L_error__C                                  
20015044  xdc_runtime_LoggerBuf_E_badLevel__C                         
20015048  xdc_runtime_LoggerBuf_Module__gateObj__C                    
2001504c  xdc_runtime_LoggerBuf_Object__count__C                      
20015050  xdc_runtime_LoggerBuf_Object__table__C                      
20015054  xdc_runtime_LoggerBuf_statusLogger__C                       
20015058  xdc_runtime_Main_Module__diagsEnabled__C                    
2001505c  xdc_runtime_Main_Module__diagsIncluded__C                   
20015060  xdc_runtime_Main_Module__diagsMask__C                       
20015064  xdc_runtime_Memory_defaultHeapInstance__C                   
20015068  xdc_runtime_Startup_execImpl__C                             
2001506c  xdc_runtime_Startup_lastFxns__A                             
20015070  xdc_runtime_Startup_maxPasses__C                            
20015074  xdc_runtime_Startup_sfxnRts__C                              
20015078  xdc_runtime_Startup_sfxnTab__C                              
2001507c  xdc_runtime_Startup_startModsFxn__C                         
20015080  xdc_runtime_SysMin_bufSize__C                               
20015084  xdc_runtime_SysMin_outputFunc__C                            
20015088  xdc_runtime_System_Module__gateObj__C                       
2001508c  xdc_runtime_System_abortFxn__C                              
20015090  xdc_runtime_System_exitFxn__C                               
20015094  xdc_runtime_System_extendFxn__C                             
20015098  xdc_runtime_System_maxAtexitHandlers__C                     
2001509c  xdc_runtime_Text_charTab__C                                 
200150a0  xdc_runtime_Text_nameEmpty__C                               
200150a4  xdc_runtime_Text_nameStatic__C                              
200150a8  xdc_runtime_Text_nameUnknown__C                             
200150ac  xdc_runtime_Text_nodeTab__C                                 
200150b0  xdc_runtime_Text_visitRopeFxn__C                            
200150b4  ti_sysbios_family_arm_m3_Timer_Module__id__C                
200150b6  ti_sysbios_family_arm_m3_TimestampProvider_configTimer__C   
200150b8  ti_sysbios_gates_GateMutex_Module__id__C                    
200150ba  ti_sysbios_hal_Hwi_Module__id__C                            
200150bc  ti_sysbios_heaps_HeapMem_Module__id__C                      
200150be  ti_sysbios_knl_Clock_Module__id__C                          
200150c0  ti_sysbios_knl_Clock_Module__loggerDefined__C               
200150c2  ti_sysbios_knl_Mailbox_Module__id__C                        
200150c4  ti_sysbios_knl_Semaphore_Module__id__C                      
200150c6  ti_sysbios_knl_Semaphore_Module__loggerDefined__C           
200150c8  ti_sysbios_knl_Swi_Module__id__C                            
200150ca  ti_sysbios_knl_Swi_Module__loggerDefined__C                 
200150cc  ti_sysbios_knl_Task_Module__id__C                           
200150ce  ti_sysbios_knl_Task_Module__loggerDefined__C                
200150d0  ti_sysbios_knl_Task_initStackFlag__C                        
200150d2  xdc_runtime_Core_Module__id__C                              
200150d4  xdc_runtime_Error_Module__loggerDefined__C                  
200150d6  xdc_runtime_Error_maxDepth__C                               
200150d8  xdc_runtime_LoggerBuf_Module__id__C                         
200150da  xdc_runtime_LoggerBuf_filterByLevel__C                      
200150dc  xdc_runtime_Main_Module__id__C                              
200150de  xdc_runtime_Memory_Module__id__C                            
200150e0  xdc_runtime_SysMin_flushAtExit__C                           
200150e2  xdc_runtime_Text_charCnt__C                                 
200150e4  xdc_runtime_Text_isLoaded__C                                
200150e6  xdc_runtime_Text_registryModsLastId__C                      
200150e8  xdc_runtime_Text_unnamedModsLastId__C                       
200150f0  __TI_static_base__                                          
2001554c  __TI_Handler_Table_Base                                     
20015558  __TI_Handler_Table_Limit                                    
20015560  __TI_CINIT_Base                                             
20015570  __TI_CINIT_Limit                                            
20017000  ti_sysbios_heaps_HeapMem_Instance_State_0_buf__A            
2001f000  ti_sysbios_knl_Task_Instance_State_0_stack__A               
2001f800  xdc_runtime_LoggerBuf_Instance_State_0_entryArr__A          
2001fc00  xdc_runtime_SysMin_Module_State_0_outbuf__A                 
20020000  ti_sysbios_family_arm_m3_Hwi_dispatchTable                  
2002030c  g_StatMem                                                   
20020484  __CIOBUF_                                                   
200205a4  g_ucDinDout                                                 
20020628  DMAMsgQ                                                     
2002062c  SimpleLinkSpawnTaskHndl                                     
20020634  g_cDummy                                                    
20020638  simpleLink_mailbox                                          
2002063c  RxIrqCnt                                                    
2002063d  g_ucLED1Pin                                                 
2002063e  g_ucLED2Pin                                                 
2002063f  g_ucLED3Pin                                                 
20020640  ti_sysbios_family_arm_cc32xx_Timer_Module__root__V          
20020648  ti_sysbios_family_arm_lm4_Timer_Module__root__V             
20020650  ti_sysbios_family_arm_lm4_Timer_Module_State_0_device__A    
20020670  ti_sysbios_family_arm_lm4_Timer_Module_State_0_handles__A   
20020680  ti_sysbios_family_arm_lm4_Timer_Module__state__V            
2002068c  ti_sysbios_family_arm_m3_Hwi_Module__root__V                
20020694  ti_sysbios_family_arm_m3_Hwi_Module_State_0_excActive__A    
20020698  ti_sysbios_family_arm_m3_Hwi_Module_State_0_excContext__A   
2002069c  ti_sysbios_family_arm_m3_Hwi_Module_State_0_excStack__A     
200206a0  ti_sysbios_family_arm_m3_Timer_Module__root__V              
200206a8  ti_sysbios_family_arm_m3_Timer_Module__state__V             
200206b4  ti_sysbios_family_arm_m3_TimestampProvider_Module__state__V 
200206b8  ti_sysbios_gates_GateHwi_Module__root__V                    
200206c0  ti_sysbios_gates_GateHwi_Object__table__V                   
200206c4  ti_sysbios_gates_GateMutex_Module__root__V                  
200206cc  ti_sysbios_hal_Hwi_Module__root__V                          
200206d4  ti_sysbios_hal_Timer_Module__root__V                        
200206dc  ti_sysbios_hal_Timer_Object__table__V                       
200206e4  ti_sysbios_heaps_HeapMem_Module__root__V                    
200206ec  ti_sysbios_heaps_HeapMem_Object__table__V                   
20020704  ti_sysbios_knl_Clock_Module__root__V                        
2002070c  ti_sysbios_knl_Event_Module__root__V                        
20020714  ti_sysbios_knl_Mailbox_Module__root__V                      
2002071c  ti_sysbios_knl_Queue_Module__root__V                        
20020724  ti_sysbios_knl_Semaphore_Module__root__V                    
2002072c  ti_sysbios_knl_Swi_Module__root__V                          
20020734  ti_sysbios_knl_Swi_Module__state__V                         
20020750  ti_sysbios_knl_Task_Module__root__V                         
20020758  ti_sysbios_knl_Task_Module_State_0_idleTask__A              
2002075c  xdc_runtime_Error_Module__state__V                          
20020760  xdc_runtime_LoggerBuf_Module__root__V                       
20020768  xdc_runtime_LoggerBuf_Module__state__V                      
20020770  xdc_runtime_Memory_Module__state__V                         
20020774  xdc_runtime_Registry_Module__state__V                       
2002077c  xdc_runtime_Startup_Module__state__V                        
20020784  xdc_runtime_SysMin_Module__state__V                         
20020790  xdc_runtime_System_Module_State_0_atexitHandlers__A         
200207a0  xdc_runtime_System_Module__state__V                         
200207a8  xdc_runtime_Text_Module__state__V                           
200207b0  __xdc__init__addr                                           
20020864  _Errno                                                      
20020868  _Denorm                                                     
20020878  _Eps                                                        
20020888  _Hugeval                                                    
20020898  _Inf                                                        
200208a8  _Nan                                                        
200208b8  _Snan                                                       
200208c8  _Rteps                                                      
200208d8  _Xbig                                                       
200208e0  _Zero                                                       
200208e8  ti_sysbios_knl_Swi_Module_State_0_readyQ__A                 
20020968  ti_sysbios_knl_Task_Module_State_0_readyQ__A                
200209e8  TSK_idle                                                    
200209e8  ti_sysbios_knl_Task_Object__table__V                        
20020a34  ti_sysbios_knl_Task_Module__state__V                        
20020ab8  ti_sysbios_family_arm_cc32xx_Timer_Object__table__V         
20020af8  ti_sysbios_family_arm_lm4_Timer_Object__table__V            
20020b38  ti_sysbios_family_arm_cc32xx_Timer_Module__state__V         
20020b70  ti_sysbios_gates_GateMutex_Object__table__V                 
20020ba8  ti_sysbios_family_arm_m3_Hwi_Module__state__V               
20020bdc  ti_sysbios_family_arm_m3_Hwi_Object__table__V               
20020c0c  ti_sysbios_family_arm_m3_Timer_Object__table__V             
20020c3c  ti_sysbios_knl_Swi_Object__table__V                         
20020c6c  ti_sysbios_knl_Clock_Module__state__V                       
20020c98  ti_sysbios_BIOS_Module__state__V                            
20020cbc  xdc_runtime_LoggerBuf_Object__table__V                      
20020cf4  g_uiLED1Port                                                
20020cf8  g_uiLED2Port                                                
20020cfc  g_uiLED3Port                                                
20020d00  g_SpiFd                                                     
20020d04  g_pHostIntHdl                                               
20020d08  g_ucDMAEnabled                                              
20020d0c  g_pCB                                                       
20020d10  pPingCallBackFunc                                           
20020d14  gFirstCmdMode                                               
20020d18  g_uiPingPacketsRecv                                         
20020d1c  g_uiPingDone                                                
20020d20  _lock                                                       
20020d24  _unlock                                                     
20020d28  __TI_cleanup_ptr                                            
20020d2c  __TI_dtors_ptr                                              
20020d30  _Fenv                                                       
20020d34  _Tls_setup__Fenv                                            
20020d38  main_func_sp                                                
2002e000  __stack                                                     
20030000  __STACK_END                                                 
e000e000  ti_sysbios_family_arm_m3_Hwi_nvic                           
ffffffff  __binit__                                                   
ffffffff  __c_args__                                                  
ffffffff  binit                                                       
UNDEFED   SHT$$INIT_ARRAY$$Base                                       
UNDEFED   SHT$$INIT_ARRAY$$Limit                                      

[985 symbols]
