******************************************************************************
                  TI ARM Linker PC v5.2.2                      
******************************************************************************
>> Linked Fri Jun 03 13:51:57 2016

OUTPUT FILE NAME:   <Controller.out>
ENTRY POINT SYMBOL: "_c_int00"  address: 20010c05


MEMORY CONFIGURATION

         name            origin    length      used     unused   attr    fill
----------------------  --------  ---------  --------  --------  ----  --------
  SRAM_CODE             20004000   00013000  00011e56  000011aa  RW X
  SRAM_DATA             20017000   00019000  0000bd64  0000d29c  RW X


SEGMENT ALLOCATION MAP

run origin  load origin   length   init length attrs members
----------  ----------- ---------- ----------- ----- -------
20004000    20004000    00011e60   00011e60    r-x
  20004000    20004000    0000030c   0000030c    r-- .resetVecs
  20004310    20004310    0000f102   0000f102    r-x .text
  20013414    20013414    000025e8   000025e8    r-- .const
  20015a00    20015a00    00000460   00000460    r-- .cinit
20017000    20017000    00009d64   00000000    rw-
  20017000    20017000    000096b0   00000000    rw- .bss
  200206b0    200206b0    000006b4   00000000    rw- .data
2002e000    2002e000    00002000   00000000    rw-
  2002e000    2002e000    00002000   00000000    rw- .stack


SECTION ALLOCATION MAP

 output                                  attributes/
section   page    origin      length       input sections
--------  ----  ----------  ----------   ----------------
.init_array 
*          0    20004000    00000000     UNINITIALIZED

.resetVecs 
*          0    20004000    0000030c     
                  20004000    0000030c     app_pem4.oem4 (.resetVecs)

.text      0    20004310    0000f102     
                  20004310    000010d0     main.obj (.text)
                  200053e0    000010a6     rtsv7M4_T_le_eabi.lib : _printfi.obj (.text)
                  20006486    00000002     app_pem4.oem4 (.text:ti_sysbios_BIOS_nullFunc__I)
                  20006488    000005ec     simplelink.a : driver.obj (.text:_SlDrvMsgRead)
                  20006a74    00000544     ti_rtos.a : osi_tirtos.obj (.text)
                  20006fb8    00000430     sysbios.aem4 : BIOS.obj (.text:ti_sysbios_family_arm_m3_Hwi_excDumpRegs__I)
                  200073e8    00000394     gpio_if.obj (.text)
                  2000777c    0000034c     ti.targets.arm.rtsarm.aem4 : System.oem4 (.text:xdc_runtime_System_doPrint__I)
                  20007ac8    00000314     sysbios.aem4 : BIOS.obj (.text:ti_sysbios_knl_Semaphore_pend__E)
                  20007ddc    00000310     iodriver.obj (.text)
                  200080ec    000002d4     rtsv7M4_T_le_eabi.lib : trgdrv.obj (.text)
                  200083c0    00000290     i2c_if.obj (.text)
                  20008650    00000280     uart_if.obj (.text)
                  200088d0    00000254     sysbios.aem4 : BIOS.obj (.text:ti_sysbios_heaps_HeapMem_free__E)
                  20008b24    00000248     simplelink.a : driver.obj (.text:_SlDrvRxHdrRead)
                  20008d6c    00000004     sysbios.aem4 : BIOS.obj (.text:ti_sysbios_family_arm_lm4_Timer_masterEnable__I)
                  20008d70    00000240                  : BIOS.obj (.text:ti_sysbios_heaps_HeapMem_alloc__E)
                  20008fb0    0000022c                  : BIOS.obj (.text:ti_sysbios_knl_Task_Instance_finalize__E)
                  200091dc    0000021c     app_pem4.oem4 (.text:xdc_runtime_System_printfExtend__I)
                  200093f8    00000214     sysbios.aem4 : BIOS.obj (.text:ti_sysbios_family_arm_lm4_Timer_Instance_init__E)
                  2000960c    00000004     app_pem4.oem4 (.text:ti_sysbios_family_arm_m3_TaskSupport_Module__startupDone__S)
                  20009610    00000200     sysbios.aem4 : BIOS.obj (.text:ti_sysbios_knl_Task_sleep__E)
                  20009810    000001fc                  : BIOS.obj (.text:ti_sysbios_family_arm_m3_Hwi_excHandlerMax__I)
                  20009a0c    000001f4     rtsv7M4_T_le_eabi.lib : ull_div_t2.obj (.text)
                  20009c00    000001ec     bma222drv.obj (.text)
                  20009dec    000001d0     simplelink.a : driver.obj (.text:_SlDrvReleasePoolObj)
                  20009fbc    000001cc                  : driver.obj (.text:_SlDrvMsgWrite)
                  2000a188    000001c8     sysbios.aem4 : BIOS.obj (.text:ti_sysbios_knl_Task_Instance_init__E)
                  2000a350    000001b6     rtsv7M4_T_le_eabi.lib : fd_add_t2.obj (.text)
                  2000a506    00000002     app_pem4.oem4 (.text:xdc_runtime_Startup_reset__I)
                  2000a508    0000019c     sysbios.aem4 : BIOS.obj (.text:ti_sysbios_knl_Task_Module_startup__E)
                  2000a6a4    00000190     simplelink.a : driver.obj (.text:_SlDrvWaitForPoolObj)
                  2000a834    00000004     ti.targets.arm.rtsarm.aem4 : Error.oem4 (.text:xdc_runtime_Error_getSite__E)
                  2000a838    0000018c     sysbios.aem4 : BIOS.obj (.text:ti_sysbios_family_arm_lm4_Timer_start__E)
                  2000a9c4    00000174     simplelink.a : driver.obj (.text:_SlDrvDriverCBInit)
                  2000ab38    00000174     sysbios.aem4 : BIOS.obj (.text:ti_sysbios_family_arm_m3_Hwi_excBusFault__I)
                  2000acac    00000170     simplelink.a : driver.obj (.text:_SlFindAndSetActiveObj)
                  2000ae1c    00000168                  : netapp.obj (.text:sl_NetAppPingStart)
                  2000af84    00000004     ti.targets.arm.rtsarm.aem4 : System.oem4 (.text:xdc_runtime_System_aprintf_va__F)
                  2000af88    00000164     sysbios.aem4 : BIOS.obj (.text:ti_sysbios_family_arm_m3_Hwi_excUsageFault__I)
                  2000b0ec    00000004     ti.targets.arm.rtsarm.aem4 : System.oem4 (.text:xdc_runtime_System_printf_va__F)
                  2000b0f0    00000158     sysbios.aem4 : BIOS.obj (.text:ti_sysbios_knl_Mailbox_Instance_init__E)
                  2000b248    0000014c     simplelink.a : cc_pal.obj (.text:spi_Open)
                  2000b394    00000004     --HOLE-- [fill = 0]
                  2000b398    00000148     sysbios.aem4 : BIOS.obj (.text:ti_sysbios_family_arm_m3_Hwi_excMemFault__I)
                  2000b4e0    00000140                  : BIOS.obj (.text:ti_sysbios_knl_Semaphore_post__E)
                  2000b620    0000013c                  : BIOS.obj (.text:ti_sysbios_heaps_HeapMem_Instance_init__E)
                  2000b75c    00000004     --HOLE-- [fill = 0]
                  2000b760    00000138                  : BIOS.obj (.text:ti_sysbios_family_arm_m3_Hwi_dispatchC__I)
                  2000b898    00000138     ti.targets.arm.rtsarm.aem4 : LoggerBuf.oem4 (.text:xdc_runtime_LoggerBuf_write8__E)
                  2000b9d0    00000136     rtsv7M4_T_le_eabi.lib : fd_div_t2.obj (.text)
                  2000bb06    00000002     --HOLE-- [fill = 0]
                  2000bb08    00000134     driverlib.a : prcm.obj (.text:PRCMCC3200MCUInit)
                  2000bc3c    00000004     --HOLE-- [fill = 0]
                  2000bc40    00000134     sysbios.aem4 : BIOS.obj (.text:ti_sysbios_knl_Clock_workFunc__E)
                  2000bd74    00000004     --HOLE-- [fill = 0]
                  2000bd78    0000011c                  : BIOS.obj (.text:ti_sysbios_knl_Swi_run__I)
                  2000be94    00000118     ti.targets.arm.rtsarm.aem4 : Error.oem4 (.text:xdc_runtime_Error_policyDefault__E)
                  2000bfac    00000110     rtsv7M4_T_le_eabi.lib : xdscale.obj (.text)
                  2000c0bc    00000104     simplelink.a : netapp.obj (.text:sl_NetAppDnsGetHostByName)
                  2000c1c0    00000100     ti.targets.arm.rtsarm.aem4 : Core-mem.oem4 (.text:xdc_runtime_Core_createObject__I)
                  2000c2c0    000000fe     simplelink.a : netapp.obj (.text:_SlDrvNetAppEventHandler)
                  2000c3be    000000fc     rtsv7M4_T_le_eabi.lib : fd_mul_t2.obj (.text)
                  2000c4ba    00000002     --HOLE-- [fill = 0]
                  2000c4bc    000000f8     ti.targets.arm.rtsarm.aem4 : Startup.oem4 (.text:xdc_runtime_Startup_startMods__I)
                  2000c5b4    000000f4     simplelink.a : driver.obj (.text:_SlDrvDriverCBDeinit)
                  2000c6a8    000000f0     driverlib.a : udma.obj (.text:uDMAChannelTransferSet)
                  2000c798    000000e8     smartconfig.obj (.text)
                  2000c880    000000dc     simplelink.a : cc_pal.obj (.text:spi_Read)
                  2000c95c    000000d8                  : driver.obj (.text:_SlDrvClassifyRxMsg)
                  2000ca34    000000d4                  : device.obj (.text:sl_Stop)
                  2000cb08    000000d4     ti.targets.arm.rtsarm.aem4 : LoggerBuf.oem4 (.text:xdc_runtime_LoggerBuf_write4__E)
                  2000cbdc    00000004     --HOLE-- [fill = 0]
                  2000cbe0    000000d0     sysbios.aem4 : BIOS.obj (.text:ti_sysbios_family_arm_cc32xx_Timer_setNextMaxTick__E)
                  2000ccb0    000000d0                  : m3_Hwi_asm.obj (.text:ti_sysbios_family_arm_m3_Hwi_dispatch__I)
                  2000cd80    000000cc                  : BIOS.obj (.text:ti_sysbios_knl_Task_schedule__I)
                  2000ce4c    000000cc     ti.targets.arm.rtsarm.aem4 : Core-smem.oem4 (.text:xdc_runtime_Core_constructObject__I)
                  2000cf18    000000c8     simplelink.a : netapp.obj (.text:_sl_HandleAsync_DnsGetHostByService)
                  2000cfe0    000000c4     sysbios.aem4 : BIOS.obj (.text:ti_sysbios_family_arm_m3_Hwi_Module_startup__E)
                  2000d0a4    000000c0     simplelink.a : driver.obj (.text:_SlRemoveFromList)
                  2000d164    000000be     rtsv7M4_T_le_eabi.lib : xdnorm.obj (.text)
                  2000d222    00000002     --HOLE-- [fill = 0]
                  2000d224    000000bc     simplelink.a : driver.obj (.text:_SlDrvMsgReadCmdCtx)
                  2000d2e0    000000bc                  : device.obj (.text:sl_Start)
                  2000d39c    00000004     --HOLE-- [fill = 0]
                  2000d3a0    000000bc     sysbios.aem4 : BIOS.obj (.text:ti_sysbios_family_arm_m3_Hwi_excDebugMon__I)
                  2000d45c    00000004     --HOLE-- [fill = 0]
                  2000d460    000000bc                  : BIOS.obj (.text:ti_sysbios_family_arm_m3_Hwi_excHardFault__I)
                  2000d51c    00000004     --HOLE-- [fill = 0]
                  2000d520    000000bc                  : BIOS.obj (.text:ti_sysbios_knl_Task_startCore__E)
                  2000d5dc    000000b8     simplelink.a : driver.obj (.text:_SlAsyncEventGenericHandler)
                  2000d694    000000b4     device_status.obj (.text)
                  2000d748    000000b4     sysbios.aem4 : BIOS.obj (.text:ti_sysbios_gates_GateMutex_enter__E)
                  2000d7fc    00000004     --HOLE-- [fill = 0]
                  2000d800    000000b4                  : BIOS.obj (.text:ti_sysbios_knl_Task_checkStacks__E)
                  2000d8b4    00000004     --HOLE-- [fill = 0]
                  2000d8b8    000000b4                  : BIOS.obj (.text:ti_sysbios_knl_Task_yield__E)
                  2000d96c    00000004     --HOLE-- [fill = 0]
                  2000d970    000000ac                  : BIOS.obj (.text:ti_sysbios_knl_Swi_post__E)
                  2000da1c    000000a8     driverlib.a : interrupt.obj (.text:IntEnable)
                  2000dac4    00000004     --HOLE-- [fill = 0]
                  2000dac8    000000a8     sysbios.aem4 : BIOS.obj (.text:ti_sysbios_family_arm_cc32xx_Timer_getCount64__E)
                  2000db70    000000a8                  : BIOS.obj (.text:ti_sysbios_family_arm_lm4_Timer_enableTimers__I)
                  2000dc18    000000a8                  : BIOS.obj (.text:ti_sysbios_knl_Task_blockI__E)
                  2000dcc0    000000a8                  : BIOS.obj (.text:ti_sysbios_knl_Task_postInit__I)
                  2000dd68    000000a0     driverlib.a : spi.obj (.text:SPIConfigSetExpClk)
                  2000de08    000000a0     auto_init.aem4 : auto_init.oem4 (.text)
                  2000dea8    000000a0     sysbios.aem4 : BIOS.obj (.text:ti_sysbios_family_arm_lm4_Timer_enableCC3200__I)
                  2000df48    000000a0     ti.targets.arm.rtsarm.aem4 : Text.oem4 (.text:xdc_runtime_Text_putMod__E)
                  2000dfe8    0000009c     simplelink.a : driver.obj (.text:_SlDrvMsgReadSpawnCtx)
                  2000e084    0000009c     rtsv7M4_T_le_eabi.lib : memcpy_t2.obj (.text)
                  2000e120    0000009c     app_pem4.oem4 (.text:ti_sysbios_BIOS_rtsUnlock__I)
                  2000e1bc    00000004     --HOLE-- [fill = 0]
                  2000e1c0    0000009c     sysbios.aem4 : BIOS.obj (.text:ti_sysbios_knl_Semaphore_Instance_init__E)
                  2000e25c    0000009c     ti.targets.arm.rtsarm.aem4 : LoggerBuf.oem4 (.text:xdc_runtime_LoggerBuf_setFilterLevel__E)
                  2000e2f8    0000009a                                : Text.oem4 (.text:xdc_runtime_Text_putSite__E)
                  2000e392    00000006     driverlib.a : utils.obj (.text:UtilsDelay)
                  2000e398    00000098     sysbios.aem4 : BIOS.obj (.text:ti_sysbios_knl_Mailbox_post__E)
                  2000e430    00000094     driverlib.a : prcm.obj (.text:PRCMPeripheralClockGet)
                  2000e4c4    00000094     simplelink.a : wlan.obj (.text:sl_WlanGet)
                  2000e558    00000094     sysbios.aem4 : BIOS.obj (.text:ti_sysbios_family_arm_m3_Hwi_Instance_init__E)
                  2000e5ec    00000004     --HOLE-- [fill = 0]
                  2000e5f0    00000094                  : BIOS.obj (.text:ti_sysbios_knl_Task_exit__E)
                  2000e684    00000090     simplelink.a : wlan.obj (.text:sl_WlanSmartConfigStart)
                  2000e714    00000004     --HOLE-- [fill = 0]
                  2000e718    00000090     sysbios.aem4 : BIOS.obj (.text:ti_sysbios_knl_Task_unblockI__E)
                  2000e7a8    0000008c     simplelink.a : cc_pal.obj (.text:SetupDMAReceive)
                  2000e834    0000008c                  : cc_pal.obj (.text:SetupDMASend)
                  2000e8c0    0000008c                  : netapp.obj (.text:_sl_HandleAsync_DnsGetHostByName)
                  2000e94c    0000008c                  : netapp.obj (.text:_sl_HandleAsync_PingResponse)
                  2000e9d8    0000008c                  : cc_pal.obj (.text:spi_Write)
                  2000ea64    00000004     --HOLE-- [fill = 0]
                  2000ea68    0000008c     sysbios.aem4 : BIOS.obj (.text:ti_sysbios_knl_Mailbox_pend__E)
                  2000eaf4    00000088     driverlib.a : pin.obj (.text:PinConfigSet)
                  2000eb7c    00000088     rtsv7M4_T_le_eabi.lib : vsnprintf.obj (.text)
                  2000ec04    00000004     --HOLE-- [fill = 0]
                  2000ec08    00000088     sysbios.aem4 : BIOS.obj (.text:ti_sysbios_family_arm_m3_Hwi_initNVIC__E)
                  2000ec90    00000088                  : BIOS.obj (.text:ti_sysbios_knl_Mailbox_Module_startup__E)
                  2000ed18    00000086     rtsv7M4_T_le_eabi.lib : fd_cmp_t2.obj (.text:__aeabi_cdcmple)
                  2000ed9e    00000086                           : fd_cmp_t2.obj (.text:__aeabi_cdrcmple)
                  2000ee24    00000084     driverlib.a : i2c.obj (.text:I2CMasterInitExpClk)
                  2000eea8    00000084     simplelink.a : cc_pal.obj (.text:NwpPowerOnPreamble)
                  2000ef2c    00000082     driverlib.a : gpio.obj (.text:GPIOIntTypeSet)
                  2000efae    00000002     --HOLE-- [fill = 0]
                  2000efb0    00000080     simplelink.a : driver.obj (.text:_SlDrvCmdOp)
                  2000f030    00000080                  : cc_pal.obj (.text:spi_Read_CPU)
                  2000f0b0    00000080                  : cc_pal.obj (.text:spi_Write_CPU)
                  2000f130    0000007c                  : device.obj (.text:_sl_HandleAsync_InitComplete)
                  2000f1ac    0000007a     rtsv7M4_T_le_eabi.lib : memset_t2.obj (.text)
                  2000f226    00000002     --HOLE-- [fill = 0]
                  2000f228    00000078     simplelink.a : socket.obj (.text:_sl_HandleAsync_Connect)
                  2000f2a0    00000078                  : cc_pal.obj (.text:spi_Close)
                  2000f318    00000078     app_pem4.oem4 (.text:ti_sysbios_family_arm_lm4_Timer_Object__create__S)
                  2000f390    00000076     driverlib.a : uart.obj (.text:UARTConfigSetExpClk)
                  2000f406    00000002     --HOLE-- [fill = 0]
                  2000f408    00000074     sysbios.aem4 : BIOS.obj (.text:ti_sysbios_family_arm_m3_Hwi_postInit__I)
                  2000f47c    00000004     --HOLE-- [fill = 0]
                  2000f480    00000074                  : BIOS.obj (.text:ti_sysbios_knl_Clock_start__E)
                  2000f4f4    00000074     ti.targets.arm.rtsarm.aem4 : LoggerBuf.oem4 (.text:xdc_runtime_LoggerBuf_getFilterLevel__E)
                  2000f568    00000070     sysbios.aem4 : BIOS.obj (.text:ti_sysbios_knl_Mailbox_Instance_finalize__E)
                  2000f5d8    0000006c     simplelink.a : driver.obj (.text:_SlDrvCmdSend)
                  2000f644    00000004     --HOLE-- [fill = 0]
                  2000f648    0000006c     sysbios.aem4 : BIOS.obj (.text:ti_sysbios_family_arm_lm4_Timer_initDevice__I)
                  2000f6b4    0000006c     ti.targets.arm.rtsarm.aem4 : Error.oem4 (.text:xdc_runtime_Error_print__E)
                  2000f720    0000006c                                : Memory.oem4 (.text:xdc_runtime_Memory_alloc__E)
                  2000f78c    0000006a     rtsv7M4_T_le_eabi.lib : copy_decompress_rle.obj (.text)
                  2000f7f6    00000002     --HOLE-- [fill = 0]
                  2000f7f8    00000068     simplelink.a : netapp.obj (.text:_sl_NetAppSendTokenValue)
                  2000f860    00000068     rtsv7M4_T_le_eabi.lib : trgmsg.obj (.text)
                  2000f8c8    00000068     sysbios.aem4 : BIOS.obj (.text:ti_sysbios_family_arm_cc32xx_Timer_startup__E)
                  2000f930    00000068     app_pem4.oem4 (.text:ti_sysbios_family_arm_m3_Hwi_create)
                  2000f998    00000068     app_pem4.oem4 (.text:ti_sysbios_hal_Timer_create)
                  2000fa00    00000068     app_pem4.oem4 (.text:ti_sysbios_knl_Mailbox_create)
                  2000fa68    00000068     app_pem4.oem4 (.text:xdc_runtime_LoggerBuf_Object__create__S)
                  2000fad0    00000066     rtsv7M4_T_le_eabi.lib : xdunscal.obj (.text)
                  2000fb36    00000066     ti.targets.arm.rtsarm.aem4 : Core-mem.oem4 (.text:xdc_runtime_Core_deleteObject__I)
                  2000fb9c    00000064     app_pem4.oem4 (.text:realloc)
                  2000fc00    00000064     sysbios.aem4 : BIOS.obj (.text:ti_sysbios_family_arm_cc32xx_Timer_start__E)
                  2000fc64    00000004     --HOLE-- [fill = 0]
                  2000fc68    00000064                  : BIOS.obj (.text:ti_sysbios_family_arm_lm4_Timer_Module_startup__E)
                  2000fccc    00000004     --HOLE-- [fill = 0]
                  2000fcd0    00000064                  : BIOS.obj (.text:ti_sysbios_family_arm_m3_TimestampProvider_get64__E)
                  2000fd34    00000064     app_pem4.oem4 (.text:ti_sysbios_knl_Task_create)
                  2000fd98    00000064     driverlib.a : udma.obj (.text:uDMAChannelAttributeDisable)
                  2000fdfc    00000064                 : udma.obj (.text:uDMAChannelAttributeEnable)
                  2000fe60    00000064     ti.targets.arm.rtsarm.aem4 : System.oem4 (.text:xdc_runtime_System_formatNum__I)
                  2000fec4    00000060     simplelink.a : socket.obj (.text:_sl_HandleAsync_Accept)
                  2000ff24    00000060                  : wlan.obj (.text:sl_WlanPolicySet)
                  2000ff84    00000004     --HOLE-- [fill = 0]
                  2000ff88    00000060     sysbios.aem4 : BIOS.obj (.text:ti_sysbios_family_arm_lm4_Timer_isrStub__E)
                  2000ffe8    00000060                  : BIOS.obj (.text:ti_sysbios_knl_Clock_logTick__E)
                  20010048    0000005c                  : BIOS.obj (.text:ti_sysbios_family_arm_lm4_Timer_disableCC3200__I)
                  200100a4    00000004     --HOLE-- [fill = 0]
                  200100a8    0000005c                  : BIOS.obj (.text:ti_sysbios_knl_Swi_restoreHwi__E)
                  20010104    00000004     --HOLE-- [fill = 0]
                  20010108    0000005c                  : BIOS.obj (.text:ti_sysbios_knl_Swi_schedule__I)
                  20010164    0000005b     ti.targets.arm.rtsarm.aem4 : Text.oem4 (.text:xdc_runtime_Text_putLab__E)
                  200101bf    00000001     --HOLE-- [fill = 0]
                  200101c0    00000058     driverlib.a : interrupt.obj (.text:IntPendClear)
                  20010218    00000058                 : prcm.obj (.text:PRCMPeripheralReset)
                  20010270    00000058     sysbios.aem4 : BIOS.obj (.text:ti_sysbios_family_arm_lm4_Timer_Instance_finalize__E)
                  200102c8    00000058                  : BIOS.obj (.text:ti_sysbios_family_arm_m3_Timer_setPeriod__E)
                  20010320    00000056     rtsv7M4_T_le_eabi.lib : ltoa.obj (.text)
                  20010376    00000002     --HOLE-- [fill = 0]
                  20010378    00000054     simplelink.a : socket.obj (.text:_sl_HandleAsync_Select)
                  200103cc    00000004     --HOLE-- [fill = 0]
                  200103d0    00000054     sysbios.aem4 : BIOS.obj (.text:ti_sysbios_family_arm_m3_Timer_start__E)
                  20010424    00000054     ti.targets.arm.rtsarm.aem4 : Assert.oem4 (.text:xdc_runtime_Assert_raise__I)
                  20010478    00000050     simplelink.a : device.obj (.text:_sl_HandleAsync_Stop)
                  200104c8    00000050     ti.targets.arm.rtsarm.aem4 : Startup.oem4 (.text:xdc_runtime_Startup_exec__E)
                  20010518    00000050                                : Text.oem4 (.text:xdc_runtime_Text_visitRope2__I)
                  20010568    0000004c     driverlib.a : spi.obj (.text:SPIIntEnable)
                  200105b4    0000004c     simplelink.a : driver.obj (.text:_SlDrvProtectAsyncRespSetting)
                  20010600    0000004c                  : driver.obj (.text:_SlDrvRxIrqHandler)
                  2001064c    0000004c     rtsv7M4_T_le_eabi.lib : atoi.obj (.text)
                  20010698    0000004c                           : cpy_tbl.obj (.text)
                  200106e4    0000004c     sysbios.aem4 : m3_TaskSupport_asm.obj (.text:ti_sysbios_family_arm_m3_TaskSupport_buildTaskStack)
                  20010730    0000004c                  : BIOS.obj (.text:ti_sysbios_heaps_HeapMem_getStats__E)
                  2001077c    00000004     --HOLE-- [fill = 0]
                  20010780    0000004c                  : BIOS.obj (.text:ti_sysbios_knl_Swi_runLoop__I)
                  200107cc    00000004     --HOLE-- [fill = 0]
                  200107d0    0000004c                  : BIOS.obj (.text:ti_sysbios_knl_Task_allBlockedFunction__I)
                  2001081c    0000004c     driverlib.a : udma.obj (.text:uDMAChannelAssign)
                  20010868    00000048                 : spi.obj (.text:SPIIntClear)
                  200108b0    00000048     simplelink.a : driver.obj (.text:_SlDrvBasicCmd)
                  200108f8    00000048     rtsv7M4_T_le_eabi.lib : fd_toi_t2.obj (.text)
                  20010940    00000048     sysbios.aem4 : BIOS.obj (.text:ti_sysbios_family_arm_cc32xx_Timer_setThreshold__I)
                  20010988    00000048                  : BIOS.obj (.text:ti_sysbios_family_arm_m3_Hwi_disableInterrupt__E)
                  200109d0    00000048                  : BIOS.obj (.text:ti_sysbios_family_arm_m3_Hwi_enableInterrupt__E)
                  20010a18    00000048                  : BIOS.obj (.text:ti_sysbios_family_arm_m3_Hwi_excReserved__I)
                  20010a60    00000048                  : m3_Hwi_asm_switch.obj (.text:ti_sysbios_family_arm_m3_Hwi_initStacks__E)
                  20010aa8    00000048                  : BIOS.obj (.text:ti_sysbios_family_arm_m3_Timer_initDevice__I)
                  20010af0    00000046     rtsv7M4_T_le_eabi.lib : ldexp.obj (.text)
                  20010b36    00000046     ti.targets.arm.rtsarm.aem4 : Core-params.oem4 (.text:xdc_runtime_Core_assignParams__I)
                  20010b7c    00000044     driverlib.a : spi.obj (.text:SPIDmaMaskGet)
                  20010bc0    00000044                 : timer.obj (.text:TimerConfigure)
                  20010c04    00000044     boot.aem4 : boot.oem4 (.text)
                  20010c48    00000044     simplelink.a : cc_pal.obj (.text:cc_SetupTransfer)
                  20010c8c    00000044     app_pem4.oem4 (.text:malloc)
                  20010cd0    00000044     rtsv7M4_T_le_eabi.lib : exit.obj (.text)
                  20010d14    00000004     --HOLE-- [fill = 0]
                  20010d18    00000044     sysbios.aem4 : BIOS.obj (.text:ti_sysbios_family_arm_lm4_Timer_stop__E)
                  20010d5c    00000004     --HOLE-- [fill = 0]
                  20010d60    00000044                  : BIOS.obj (.text:ti_sysbios_family_arm_m3_Hwi_getStackInfo__E)
                  20010da4    00000004     --HOLE-- [fill = 0]
                  20010da8    00000044                  : BIOS.obj (.text:ti_sysbios_knl_Mailbox_postInit__I)
                  20010dec    00000044     ti.targets.arm.rtsarm.aem4 : Error.oem4 (.text:xdc_runtime_Error_setX__E)
                  20010e30    00000044                                : LoggerBuf.oem4 (.text:xdc_runtime_LoggerBuf_filterOutEvent__I)
                  20010e74    00000044                                : SysMin.oem4 (.text:xdc_runtime_SysMin_flush__E)
                  20010eb8    00000044                                : Text.oem4 (.text:xdc_runtime_Text_xprintf__I)
                  20010efc    00000042     rtsv7M4_T_le_eabi.lib : u_divt2.obj (.text)
                  20010f3e    00000002     --HOLE-- [fill = 0]
                  20010f40    00000040     driverlib.a : pin.obj (.text:PinModeSet)
                  20010f80    00000040     rtsv7M4_T_le_eabi.lib : signal.obj (.text)
                  20010fc0    00000040     sysbios.aem4 : BIOS.obj (.text:ti_sysbios_family_arm_cc32xx_Timer_Module_startup__E)
                  20011000    00000040                  : BIOS.obj (.text:ti_sysbios_family_arm_lm4_Timer_startup__E)
                  20011040    00000040     app_pem4.oem4 (.text:ti_sysbios_family_arm_m3_Hwi_Object__get__S)
                  20011080    00000040     sysbios.aem4 : BIOS.obj (.text:ti_sysbios_family_arm_m3_Timer_Module_startup__E)
                  200110c0    00000040     app_pem4.oem4 (.text:ti_sysbios_gates_GateHwi_Object__create__S)
                  20011100    00000040     app_pem4.oem4 (.text:ti_sysbios_gates_GateMutex_Object__create__S)
                  20011140    00000040     app_pem4.oem4 (.text:ti_sysbios_heaps_HeapMem_Object__create__S)
                  20011180    00000040     app_pem4.oem4 (.text:ti_sysbios_heaps_HeapMem_Object__get__S)
                  200111c0    00000040     app_pem4.oem4 (.text:ti_sysbios_knl_Mailbox_Object__get__S)
                  20011200    00000040     app_pem4.oem4 (.text:ti_sysbios_knl_Semaphore_create)
                  20011240    00000040     app_pem4.oem4 (.text:ti_sysbios_knl_Swi_Object__get__S)
                  20011280    00000040     app_pem4.oem4 (.text:xdc_runtime_LoggerBuf_Object__get__S)
                  200112c0    0000003e     app_pem4.oem4 (.text:xdc_runtime_SysMin_output__I)
                  200112fe    0000003c     simplelink.a : netapp.obj (.text:CopyPingResultsToReport)
                  2001133a    00000002     --HOLE-- [fill = 0]
                  2001133c    0000003c     driverlib.a : prcm.obj (.text:PRCMPeripheralClkEnable)
                  20011378    0000003c     sysbios.aem4 : BIOS.obj (.text:ti_sysbios_family_arm_m3_Hwi_excSvCall__I)
                  200113b4    00000004     --HOLE-- [fill = 0]
                  200113b8    0000003c                  : BIOS.obj (.text:ti_sysbios_family_arm_m3_TaskSupport_start__E)
                  200113f4    00000004     --HOLE-- [fill = 0]
                  200113f8    0000003c                  : BIOS.obj (.text:ti_sysbios_heaps_HeapMem_init__I)
                  20011434    00000004     --HOLE-- [fill = 0]
                  20011438    0000003c                  : BIOS.obj (.text:ti_sysbios_knl_Swi_startup__E)
                  20011474    0000003c     app_pem4.oem4 (.text:ti_sysbios_knl_Task_Object__get__S)
                  200114b0    0000003c     driverlib.a : udma.obj (.text:uDMAChannelControlSet)
                  200114ec    0000003a     ti.targets.arm.rtsarm.aem4 : LoggerBuf.oem4 (.text:xdc_runtime_LoggerBuf_Instance_init__E)
                  20011526    00000038     driverlib.a : adc.obj (.text:ADCChannelEnable)
                  2001155e    00000002     --HOLE-- [fill = 0]
                  20011560    00000038     simplelink.a : cc_pal.obj (.text:NwpPowerOff)
                  20011598    00000038     rtsv7M4_T_le_eabi.lib : fs_toi_t2.obj (.text)
                  200115d0    00000038     sysbios.aem4 : BIOS.obj (.text:ti_sysbios_family_arm_cc32xx_Timer_periodicStub__E)
                  20011608    00000038                  : BIOS.obj (.text:ti_sysbios_family_arm_m3_Hwi_excNoIsr__I)
                  20011640    00000038     app_pem4.oem4 (.text:ti_sysbios_knl_Clock_doTick__I)
                  20011678    00000038     app_pem4.oem4 (.text:ti_sysbios_knl_Queue_Object__get__S)
                  200116b0    00000038     sysbios.aem4 : BIOS.obj (.text:ti_sysbios_knl_Task_processVitalTaskFlag__I)
                  200116e8    00000038     ti.targets.arm.rtsarm.aem4 : SysMin.oem4 (.text:xdc_runtime_SysMin_putch__E)
                  20011720    00000038                                : System.oem4 (.text:xdc_runtime_System_atexit__E)
                  20011758    00000036     driverlib.a : gpio.obj (.text:GPIODirModeSet)
                  2001178e    00000036                 : timer.obj (.text:TimerControlLevel)
                  200117c4    00000034                 : prcm.obj (.text:PRCMPeripheralStatusGet)
                  200117f8    00000034                 : spi.obj (.text:SPIFIFOLevelSet)
                  2001182c    00000034     rtsv7M4_T_le_eabi.lib : feraiseexcept.obj (.text)
                  20011860    00000034                           : fs_tou_t2.obj (.text)
                  20011894    00000004     --HOLE-- [fill = 0]
                  20011898    00000034     sysbios.aem4 : BIOS.obj (.text:ti_sysbios_family_arm_lm4_Timer_setPeriodMicroSecs__E)
                  200118cc    00000004     --HOLE-- [fill = 0]
                  200118d0    00000034                  : BIOS.obj (.text:ti_sysbios_family_arm_m3_Hwi_excNmi__I)
                  20011904    00000004     --HOLE-- [fill = 0]
                  20011908    00000034                  : BIOS.obj (.text:ti_sysbios_family_arm_m3_Timer_periodicStub__I)
                  2001193c    00000004     --HOLE-- [fill = 0]
                  20011940    00000034                  : BIOS.obj (.text:ti_sysbios_hal_Hwi_checkStack)
                  20011974    00000034     app_pem4.oem4 (.text:ti_sysbios_knl_Semaphore_construct)
                  200119a8    00000034     ti.targets.arm.rtsarm.aem4 : Core-label.oem4 (.text:xdc_runtime_Core_assignLabel__I)
                  200119dc    00000033                                : Text.oem4 (.text:xdc_runtime_Text_printVisFxn__I)
                  20011a0f    00000001     --HOLE-- [fill = 0]
                  20011a10    00000032     sysbios.aem4 : BIOS.obj (.text:ti_sysbios_hal_Hwi_initStack)
                  20011a42    00000006     ti.targets.arm.rtsarm.aem4 : xdc_noinit.oem4 (.text:__xdc__init)
                  20011a48    00000032     sysbios.aem4 : BIOS.obj (.text:ti_sysbios_knl_Semaphore_pendTimeout__I)
                  20011a7a    00000030     driverlib.a : pin.obj (.text:PinTypeGPIO)
                  20011aaa    00000002     --HOLE-- [fill = 0]
                  20011aac    00000030                 : uart.obj (.text:UARTDisable)
                  20011adc    00000030     simplelink.a : device.obj (.text:_SlDrvDeviceEventHandler)
                  20011b0c    00000030     rtsv7M4_T_le_eabi.lib : xferaise.obj (.text)
                  20011b3c    00000030     simplelink.a : wlan.obj (.text:sl_WlanProfileDel)
                  20011b6c    00000030                  : wlan.obj (.text:sl_WlanSetMode)
                  20011b9c    00000030     app_pem4.oem4 (.text:ti_sysbios_BIOS_atExitFunc__I)
                  20011bcc    00000030     app_pem4.oem4 (.text:ti_sysbios_BIOS_errorRaiseHook__I)
                  20011bfc    00000030     app_pem4.oem4 (.text:ti_sysbios_BIOS_rtsLock__I)
                  20011c2c    00000030     app_pem4.oem4 (.text:ti_sysbios_knl_Queue_construct)
                  20011c5c    00000030     ti.targets.arm.rtsarm.aem4 : SysMin.oem4 (.text:xdc_runtime_SysMin_abort__E)
                  20011c8c    00000030                                : System.oem4 (.text:xdc_runtime_System_processAtExit__E)
                  20011cbc    0000002e     rtsv7M4_T_le_eabi.lib : i_tofd_t2.obj (.text)
                  20011cea    0000002e                           : raise.obj (.text)
                  20011d18    0000002e     app_pem4.oem4 (.text:ti_sysbios_hal_Timer_TimerProxy_create)
                  20011d46    00000002     --HOLE-- [fill = 0]
                  20011d48    0000002c     simplelink.a : cc_pal.obj (.text:DmaSpiSwIntHandler)
                  20011d74    0000002c     driverlib.a : i2c.obj (.text:I2CMasterErr)
                  20011da0    0000002c     simplelink.a : cc_pal.obj (.text:NwpPowerOn)
                  20011dcc    0000002c     driverlib.a : prcm.obj (.text:PRCMSysResetCauseGet)
                  20011df8    0000002c     app_pem4.oem4 (.text:ti_sysbios_BIOS_startFunc__I)
                  20011e24    00000004     --HOLE-- [fill = 0]
                  20011e28    0000002c     sysbios.aem4 : BIOS.obj (.text:ti_sysbios_family_arm_m3_Hwi_Instance_finalize__E)
                  20011e54    0000002c     app_pem4.oem4 (.text:ti_sysbios_family_arm_m3_Hwi_Params__init__S)
                  20011e80    0000002c     app_pem4.oem4 (.text:ti_sysbios_hal_Timer_Params__init__S)
                  20011eac    0000002c     app_pem4.oem4 (.text:ti_sysbios_knl_Semaphore_Params__init__S)
                  20011ed8    0000002c     app_pem4.oem4 (.text:ti_sysbios_knl_Task_Params__init__S)
                  20011f04    00000004     --HOLE-- [fill = 0]
                  20011f08    0000002c     sysbios.aem4 : BIOS.obj (.text:ti_sysbios_knl_Task_restore__E)
                  20011f34    0000002c     ti.targets.arm.rtsarm.aem4 : Text.oem4 (.text:xdc_runtime_Text_cordText__E)
                  20011f60    0000002a     driverlib.a : timer.obj (.text:TimerLoadSet)
                  20011f8a    0000002a                 : timer.obj (.text:TimerMatchSet)
                  20011fb4    0000002a                 : timer.obj (.text:TimerPrescaleSet)
                  20011fde    0000002a     rtsv7M4_T_le_eabi.lib : xdclass.obj (.text)
                  20012008    0000002a     ti.targets.arm.rtsarm.aem4 : System.oem4 (.text:xdc_runtime_System_putchar__I)
                  20012032    00000002     --HOLE-- [fill = 0]
                  20012034    00000028     driverlib.a : prcm.obj (.text:PRCMPeripheralClkDisable)
                  2001205c    00000028     app_pem4.oem4 (.text:free)
                  20012084    00000028     simplelink.a : netapp.obj (.text:sl_NetAppStart)
                  200120ac    00000028                  : netapp.obj (.text:sl_NetAppStop)
                  200120d4    00000004     --HOLE-- [fill = 0]
                  200120d8    00000028     sysbios.aem4 : BIOS.obj (.text:ti_sysbios_family_arm_cc32xx_Timer_initDevice__I)
                  20012100    00000028     app_pem4.oem4 (.text:ti_sysbios_family_arm_lm4_Timer_Object__delete__S)
                  20012128    00000028     app_pem4.oem4 (.text:ti_sysbios_family_arm_m3_Hwi_Object__delete__S)
                  20012150    00000028     app_pem4.oem4 (.text:ti_sysbios_gates_GateMutex_Object__delete__S)
                  20012178    00000028     sysbios.aem4 : BIOS.obj (.text:ti_sysbios_hal_Timer_Instance_init__E)
                  200121a0    00000028     app_pem4.oem4 (.text:ti_sysbios_knl_Mailbox_Object__delete__S)
                  200121c8    00000028     app_pem4.oem4 (.text:ti_sysbios_knl_Semaphore_Object__delete__S)
                  200121f0    00000028     sysbios.aem4 : BIOS.obj (.text:ti_sysbios_knl_Swi_Module_startup__E)
                  20012218    00000028     app_pem4.oem4 (.text:ti_sysbios_knl_Task_Object__delete__S)
                  20012240    00000028     ti.targets.arm.rtsarm.aem4 : LoggerBuf.oem4 (.text:xdc_runtime_LoggerBuf_Module_startup__E)
                  20012268    00000028     app_pem4.oem4 (.text:xdc_runtime_LoggerBuf_Object__delete__S)
                  20012290    00000028     app_pem4.oem4 (.text:xdc_runtime_System_aprintf__E)
                  200122b8    00000028     app_pem4.oem4 (.text:xdc_runtime_System_printf__E)
                  200122e0    00000026     simplelink.a : cc_pal.obj (.text:NwpRegisterInterruptHandler)
                  20012306    00000026     app_pem4.oem4 (.text:ti_sysbios_hal_Timer_TimerProxy_Object__create__S)
                  2001232c    00000026     ti.targets.arm.rtsarm.aem4 : System.oem4 (.text:xdc_runtime_System_avprintf__E)
                  20012352    00000024     driverlib.a : uart.obj (.text:UARTEnable)
                  20012376    00000002     --HOLE-- [fill = 0]
                  20012378    00000024     simplelink.a : driver.obj (.text:_SlDrvProtectionObjLockWaitForever)
                  2001239c    00000024     rtsv7M4_T_le_eabi.lib : memmov.obj (.text)
                  200123c0    00000024     app_pem4.oem4 (.text:ti_sysbios_BIOS_registerRTSLock__I)
                  200123e4    00000004     --HOLE-- [fill = 0]
                  200123e8    00000024     sysbios.aem4 : BIOS.obj (.text:ti_sysbios_family_arm_m3_Hwi_doTaskRestore__I)
                  2001240c    00000004     --HOLE-- [fill = 0]
                  20012410    00000024                  : BIOS.obj (.text:ti_sysbios_family_arm_m3_Timer_startup__E)
                  20012434    00000024     app_pem4.oem4 (.text:ti_sysbios_gates_GateHwi_Object__delete__S)
                  20012458    00000024     app_pem4.oem4 (.text:ti_sysbios_heaps_HeapMem_Object__delete__S)
                  2001247c    00000004     --HOLE-- [fill = 0]
                  20012480    00000024     sysbios.aem4 : BIOS.obj (.text:ti_sysbios_knl_Clock_Module_startup__E)
                  200124a4    00000024     ti.targets.arm.rtsarm.aem4 : System.oem4 (.text:xdc_runtime_System_vprintf__E)
                  200124c8    00000022     driverlib.a : adc.obj (.text:ADCTimerConfig)
                  200124ea    00000022                 : i2c.obj (.text:I2CMasterSlaveAddrSet)
                  2001250c    00000022                 : spi.obj (.text:SPIReset)
                  2001252e    00000022                 : spi.obj (.text:SPIWordCountSet)
                  20012550    00000022     rtsv7M4_T_le_eabi.lib : frexp.obj (.text)
                  20012572    00000022                           : memcmp.obj (.text)
                  20012594    00000004     --HOLE-- [fill = 0]
                  20012598    00000022     sysbios.aem4 : BIOS.obj (.text:ti_sysbios_family_arm_lm4_Timer_write__I)
                  200125ba    00000022     app_pem4.oem4 (.text:ti_sysbios_family_arm_m3_Hwi_Handle__label__S)
                  200125dc    00000022     app_pem4.oem4 (.text:ti_sysbios_gates_GateHwi_Handle__label__S)
                  200125fe    00000022     app_pem4.oem4 (.text:ti_sysbios_gates_GateMutex_Handle__label__S)
                  20012620    00000022     app_pem4.oem4 (.text:ti_sysbios_heaps_HeapMem_Handle__label__S)
                  20012642    00000022     app_pem4.oem4 (.text:ti_sysbios_knl_Swi_Handle__label__S)
                  20012664    00000022     app_pem4.oem4 (.text:ti_sysbios_knl_Task_Handle__label__S)
                  20012686    00000022     app_pem4.oem4 (.text:xdc_runtime_LoggerBuf_Handle__label__S)
                  200126a8    00000020     driverlib.a : gpio.obj (.text:GPIOPinWrite)
                  200126c8    00000020     simplelink.a : driver.obj (.text:_SlDrvProtectionObjUnLock)
                  200126e8    00000020     app_pem4.oem4 (.text:ti_sysbios_BIOS_removeRTSLock__I)
                  20012708    00000020     sysbios.aem4 : m3_Hwi_asm.obj (.text:ti_sysbios_family_arm_m3_Hwi_excHandlerAsm__I)
                  20012728    00000020                  : BIOS.obj (.text:ti_sysbios_family_arm_m3_Hwi_excHandler__I)
                  20012748    00000020                  : BIOS.obj (.text:ti_sysbios_family_arm_m3_TimestampProvider_Module_startup__E)
                  20012768    00000020                  : BIOS.obj (.text:ti_sysbios_knl_Idle_run__E)
                  20012788    00000020     app_pem4.oem4 (.text:ti_sysbios_knl_Semaphore_Object__destruct__S)
                  200127a8    00000020     app_pem4.oem4 (.text:xdc_runtime_IHeap_alloc)
                  200127c8    00000020     ti.targets.arm.rtsarm.aem4 : LoggerBuf.oem4 (.text:xdc_runtime_LoggerBuf_reset__E)
                  200127e8    00000020                                : Registry.oem4 (.text:xdc_runtime_Registry_findById__E)
                  20012808    00000020                                : SysMin.oem4 (.text:xdc_runtime_SysMin_Module_startup__E)
                  20012828    00000020     app_pem4.oem4 (.text:xdc_runtime_Text_visitRope__I)
                  20012848    0000001e     driverlib.a : i2c.obj (.text:I2CMasterIntStatusEx)
                  20012866    0000001e                 : timer.obj (.text:TimerEnable)
                  20012884    0000001e                 : uart.obj (.text:UARTCharPut)
                  200128a2    0000001e     simplelink.a : cc_pal.obj (.text:cc_UDMAChannelSelect)
                  200128c0    0000001e     sysbios.aem4 : m3_Hwi_asm_switch.obj (.text:ti_sysbios_family_xxx_Hwi_switchAndRunFunc)
                  200128de    0000001e     app_pem4.oem4 (.text:ti_sysbios_knl_Task_SupportProxy_start__E)
                  200128fc    0000001e     app_pem4.oem4 (.text:xdc_runtime_Memory_HeapProxy_alloc__E)
                  2001291a    0000001c     driverlib.a : uart.obj (.text:UARTCharGetNonBlocking)
                  20012936    0000001c     simplelink.a : driver.obj (.text:_SlDrvObjLockWaitForever)
                  20012952    0000001c                  : driver.obj (.text:_SlDrvSyncObjWaitForever)
                  2001296e    0000001c     rtsv7M4_T_le_eabi.lib : memccpy.obj (.text)
                  2001298a    00000002     --HOLE-- [fill = 0]
                  2001298c    0000001c     app_pem4.oem4 (.text:ti_sysbios_family_arm_cc32xx_Timer_Module__startupDone__F)
                  200129a8    0000001c     app_pem4.oem4 (.text:ti_sysbios_family_arm_lm4_Timer_Module__startupDone__F)
                  200129c4    0000001c     app_pem4.oem4 (.text:ti_sysbios_family_arm_m3_Hwi_Module__startupDone__F)
                  200129e0    0000001c     sysbios.aem4 : BIOS.obj (.text:ti_sysbios_family_arm_m3_Hwi_setPriority__E)
                  200129fc    00000004     --HOLE-- [fill = 0]
                  20012a00    0000001c                  : BIOS.obj (.text:ti_sysbios_gates_GateMutex_Instance_init__E)
                  20012a1c    0000001c     app_pem4.oem4 (.text:ti_sysbios_knl_Queue_Object__destruct__S)
                  20012a38    0000001c     sysbios.aem4 : BIOS.obj (.text:ti_sysbios_knl_Task_enter__I)
                  20012a54    0000001c     driverlib.a : udma.obj (.text:uDMAChannelEnable)
                  20012a70    0000001c     ti.targets.arm.rtsarm.aem4 : Error.oem4 (.text:xdc_runtime_Error_raiseX__E)
                  20012a8c    0000001c                                : Memory.oem4 (.text:xdc_runtime_Memory_valloc__E)
                  20012aa8    0000001c     app_pem4.oem4 (.text:xdc_runtime_Startup_exec__I)
                  20012ac4    0000001c     ti.targets.arm.rtsarm.aem4 : SysMin.oem4 (.text:xdc_runtime_SysMin_exit__E)
                  20012ae0    0000001c                                : System.oem4 (.text:xdc_runtime_System_abort__E)
                  20012afc    0000001a     driverlib.a : gpio.obj (.text:GPIOIntEnable)
                  20012b16    0000001a                 : pin.obj (.text:PinTypeTimer)
                  20012b30    0000001a                 : pin.obj (.text:PinTypeUART)
                  20012b4a    0000001a                 : spi.obj (.text:SPIDmaDisable)
                  20012b64    0000001a                 : spi.obj (.text:SPIDmaEnable)
                  20012b7e    0000001a                 : spi.obj (.text:SPIFIFODisable)
                  20012b98    0000001a                 : spi.obj (.text:SPIFIFOEnable)
                  20012bb2    0000001a     sysbios.aem4 : m3_Hwi_asm.obj (.text:ti_sysbios_family_arm_m3_Hwi_pendSV__I)
                  20012bcc    00000004     --HOLE-- [fill = 0]
                  20012bd0    0000001a                  : BIOS.obj (.text:ti_sysbios_knl_Task_sleepTimeout__I)
                  20012bea    0000001a     app_pem4.oem4 (.text:xdc_runtime_IHeap_free)
                  20012c04    00000018     driverlib.a : gpio.obj (.text:GPIOPinRead)
                  20012c1c    00000018                 : spi.obj (.text:SPICSDisable)
                  20012c34    00000018                 : spi.obj (.text:SPICSEnable)
                  20012c4c    00000018                 : spi.obj (.text:SPIDisable)
                  20012c64    00000018                 : spi.obj (.text:SPIEnable)
                  20012c7c    00000018                 : uart.obj (.text:UARTCharsAvail)
                  20012c94    00000018     simplelink.a : driver.obj (.text:_SlDrvObjUnLock)
                  20012cac    00000018                  : driver.obj (.text:_SlDrvSyncObjSignal)
                  20012cc4    00000018                  : device.obj (.text:_sl_GetStartResponseConvert)
                  20012cdc    00000018     rtsv7M4_T_le_eabi.lib : args_main.obj (.text)
                  20012cf4    00000018                           : ll_mul_t2.obj (.text)
                  20012d0c    00000004     --HOLE-- [fill = 0]
                  20012d10    00000018     sysbios.aem4 : BIOS.obj (.text:ti_sysbios_family_arm_cc32xx_Timer_getMaxTicks__E)
                  20012d28    00000018                  : BIOS.obj (.text:ti_sysbios_gates_GateMutex_leave__E)
                  20012d40    00000018     ti.targets.arm.rtsarm.aem4 : Error.oem4 (.text:xdc_runtime_Error_check__E)
                  20012d58    00000018                                : System.oem4 (.text:xdc_runtime_System_exit__E)
                  20012d70    00000018                                : Text.oem4 (.text:xdc_runtime_Text_ropeText__E)
                  20012d88    00000016     driverlib.a : adc.obj (.text:ADCTimerEnable)
                  20012d9e    00000016                 : i2c.obj (.text:I2CMasterDataPut)
                  20012db4    00000016                 : i2c.obj (.text:I2CMasterEnable)
                  20012dca    00000016                 : prcm.obj (.text:PRCMHIBRegRead)
                  20012de0    00000016                 : prcm.obj (.text:PRCMHIBRegWrite)
                  20012df6    00000016     simplelink.a : driver.obj (.text:_SlDrvMemZero)
                  20012e0c    00000016     rtsv7M4_T_le_eabi.lib : strchr.obj (.text)
                  20012e22    00000016     app_pem4.oem4 (.text:ti_sysbios_BIOS_exitFunc__I)
                  20012e38    00000014     driverlib.a : adc.obj (.text:ADCEnable)
                  20012e4c    00000014                 : cpu.obj (.text:CPUcpsie)
                  20012e60    00000014                 : gpio.obj (.text:GPIOIntClear)
                  20012e74    00000014                 : pin.obj (.text:PinTypeADC)
                  20012e88    00000014     rtsv7M4_T_le_eabi.lib : _lock.obj (.text)
                  20012e9c    00000014                           : strcpy.obj (.text)
                  20012eb0    00000014                           : strlen.obj (.text)
                  20012ec4    00000004     --HOLE-- [fill = 0]
                  20012ec8    00000014     sysbios.aem4 : BIOS.obj (.text:ti_sysbios_family_arm_lm4_Timer_getCount__E)
                  20012edc    00000004     --HOLE-- [fill = 0]
                  20012ee0    00000014                  : BIOS.obj (.text:ti_sysbios_family_arm_m3_Hwi_switchFromBootStack__E)
                  20012ef4    00000014     app_pem4.oem4 (.text:ti_sysbios_hal_Hwi_HwiProxy_getStackInfo__E)
                  20012f08    00000014     app_pem4.oem4 (.text:ti_sysbios_knl_Clock_Module_State_clockQ)
                  20012f1c    00000014     app_pem4.oem4 (.text:xdc_runtime_Memory_HeapProxy_free__E)
                  20012f30    00000012     driverlib.a : i2c.obj (.text:I2CMasterControl)
                  20012f42    00000012                 : i2c.obj (.text:I2CMasterIntClearEx)
                  20012f54    00000012                 : i2c.obj (.text:I2CMasterTimeoutSet)
                  20012f66    00000002     --HOLE-- [fill = 0]
                  20012f68    00000012     sysbios.aem4 : BIOS.obj (.text:ti_sysbios_hal_Hwi_Module_startup__E)
                  20012f7a    00000006     rtsv7M4_T_le_eabi.lib : copy_decompress_rle.obj (.text:decompress:rle24)
                  20012f80    00000012     sysbios.aem4 : BIOS.obj (.text:ti_sysbios_hal_Timer_Module_startup__E)
                  20012f92    00000012     ti.targets.arm.rtsarm.aem4 : LoggerBuf.oem4 (.text:xdc_runtime_LoggerBuf_Instance_finalize__E)
                  20012fa4    00000012                                : LoggerBuf.oem4 (.text:xdc_runtime_LoggerBuf_write1__E)
                  20012fb6    00000012                                : LoggerBuf.oem4 (.text:xdc_runtime_LoggerBuf_write2__E)
                  20012fc8    00000010     app_pem4.oem4 (.text:ti_sysbios_BIOS_RtsGateProxy_leave__E)
                  20012fd8    00000010     sysbios.aem4 : BIOS.obj (.text:ti_sysbios_BIOS_setThreadType__E)
                  20012fe8    00000010                  : BIOS.obj (.text:ti_sysbios_BIOS_start__E)
                  20012ff8    00000010                  : BIOS.obj (.text:ti_sysbios_family_arm_m3_Hwi_getHandle__E)
                  20013008    00000010                  : m3_TaskSupport_asm.obj (.text:ti_sysbios_family_arm_m3_TaskSupport_glue)
                  20013018    00000010                  : m3_TaskSupport_asm.obj (.text:ti_sysbios_family_arm_m3_TaskSupport_swap__E)
                  20013028    00000010                  : BIOS.obj (.text:ti_sysbios_gates_GateMutex_Instance_finalize__E)
                  20013038    00000010     app_pem4.oem4 (.text:ti_sysbios_heaps_HeapMem_Module_GateProxy_leave__E)
                  20013048    00000010     sysbios.aem4 : BIOS.obj (.text:ti_sysbios_knl_Semaphore_Instance_finalize__E)
                  20013058    00000010                  : BIOS.obj (.text:ti_sysbios_knl_Swi_disable__E)
                  20013068    00000010     app_pem4.oem4 (.text:ti_sysbios_knl_Task_SupportProxy_checkStack__E)
                  20013078    00000010     app_pem4.oem4 (.text:ti_sysbios_knl_Task_SupportProxy_swap__E)
                  20013088    00000010     sysbios.aem4 : BIOS.obj (.text:ti_sysbios_knl_Task_disable__E)
                  20013098    00000010     ti.targets.arm.rtsarm.aem4 : Gate.oem4 (.text:xdc_runtime_Gate_leaveSystem__E)
                  200130a8    00000010     app_pem4.oem4 (.text:xdc_runtime_LoggerBuf_Module_GateProxy_leave__E)
                  200130b8    00000010     ti.targets.arm.rtsarm.aem4 : LoggerBuf.oem4 (.text:xdc_runtime_LoggerBuf_write0__E)
                  200130c8    00000010                                : Memory.oem4 (.text:xdc_runtime_Memory_free__E)
                  200130d8    00000010                                : SysMin.oem4 (.text:xdc_runtime_SysMin_ready__E)
                  200130e8    00000010     app_pem4.oem4 (.text:xdc_runtime_System_Module_GateProxy_leave__E)
                  200130f8    00000010     app_pem4.oem4 (.text:xdc_runtime_System_SupportProxy_putch__E)
                  20013108    00000010     ti.targets.arm.rtsarm.aem4 : System.oem4 (.text:xdc_runtime_System_vsnprintf__E)
                  20013118    0000000e     driverlib.a : i2c.obj (.text:I2CMasterDataGet)
                  20013126    0000000e     simplelink.a : driver.obj (.text:_SlDrvResetCmdExt)
                  20013134    0000000e     rtsv7M4_T_le_eabi.lib : copy_decompress_none.obj (.text:decompress:none)
                  20013142    00000006     ti.targets.arm.rtsarm.aem4 : System.oem4 (.text:xdc_runtime_System_Module_startup__E)
                  20013148    0000000e     sysbios.aem4 : BIOS.obj (.text:ti_sysbios_knl_Idle_loop__E)
                  20013156    00000002     --HOLE-- [fill = 0]
                  20013158    0000000e                  : BIOS.obj (.text:ti_sysbios_knl_Queue_empty__E)
                  20013166    00000002     --HOLE-- [fill = 0]
                  20013168    0000000c     simplelink.a : cc_pal.obj (.text:NwpMaskInterrupt)
                  20013174    0000000c                  : cc_pal.obj (.text:NwpUnMaskInterrupt)
                  20013180    0000000c     rtsv7M4_T_le_eabi.lib : copy_zero_init.obj (.text:decompress:ZI)
                  2001318c    0000000c     simplelink.a : wlan.obj (.text:sl_WlanSmartConfigStop)
                  20013198    0000000c     app_pem4.oem4 (.text:ti_sysbios_BIOS_RtsGateProxy_enter__E)
                  200131a4    0000000c     app_pem4.oem4 (.text:ti_sysbios_family_arm_m3_Hwi_delete)
                  200131b0    0000000c     sysbios.aem4 : BIOS.obj (.text:ti_sysbios_family_arm_m3_Hwi_disableFxn__E)
                  200131bc    00000004     --HOLE-- [fill = 0]
                  200131c0    0000000c                  : BIOS.obj (.text:ti_sysbios_family_arm_m3_TaskSupport_checkStack__E)
                  200131cc    00000004     --HOLE-- [fill = 0]
                  200131d0    0000000c                  : BIOS.obj (.text:ti_sysbios_family_arm_m3_TaskSupport_getStackAlignment__E)
                  200131dc    00000004     --HOLE-- [fill = 0]
                  200131e0    0000000c                  : BIOS.obj (.text:ti_sysbios_family_arm_m3_TimestampProvider_startTimer__E)
                  200131ec    00000004     --HOLE-- [fill = 0]
                  200131f0    0000000c                  : BIOS.obj (.text:ti_sysbios_gates_GateHwi_enter__E)
                  200131fc    0000000c     app_pem4.oem4 (.text:ti_sysbios_hal_Timer_TimerProxy_Object__delete__S)
                  20013208    0000000c     app_pem4.oem4 (.text:ti_sysbios_hal_Timer_TimerProxy_delete)
                  20013214    0000000c     app_pem4.oem4 (.text:ti_sysbios_hal_Timer_TimerProxy_getCount__E)
                  20013220    0000000c     app_pem4.oem4 (.text:ti_sysbios_hal_Timer_TimerProxy_getPeriod__E)
                  2001322c    0000000c     app_pem4.oem4 (.text:ti_sysbios_hal_Timer_TimerProxy_start__E)
                  20013238    0000000c     app_pem4.oem4 (.text:ti_sysbios_heaps_HeapMem_Module_GateProxy_enter__E)
                  20013244    0000000c     app_pem4.oem4 (.text:ti_sysbios_heaps_HeapMem_Module_GateProxy_query__E)
                  20013250    0000000c     app_pem4.oem4 (.text:ti_sysbios_knl_Clock_TimerProxy_getMaxTicks__E)
                  2001325c    0000000c     app_pem4.oem4 (.text:ti_sysbios_knl_Mailbox_delete)
                  20013268    0000000c     app_pem4.oem4 (.text:ti_sysbios_knl_Queue_destruct)
                  20013274    0000000c     app_pem4.oem4 (.text:ti_sysbios_knl_Semaphore_delete)
                  20013280    0000000c     app_pem4.oem4 (.text:ti_sysbios_knl_Semaphore_destruct)
                  2001328c    0000000c     app_pem4.oem4 (.text:ti_sysbios_knl_Task_delete)
                  20013298    0000000c     app_pem4.oem4 (.text:xdc_iargToPtr)
                  200132a4    0000000c     ti.targets.arm.rtsarm.aem4 : Error.oem4 (.text:xdc_runtime_Error_init__E)
                  200132b0    0000000c                                : Gate.oem4 (.text:xdc_runtime_Gate_enterSystem__E)
                  200132bc    0000000c     app_pem4.oem4 (.text:xdc_runtime_LoggerBuf_Module_GateProxy_enter__E)
                  200132c8    0000000c     app_pem4.oem4 (.text:xdc_runtime_LoggerBuf_TimestampProxy_get64__E)
                  200132d4    0000000c     ti.targets.arm.rtsarm.aem4 : Memory.oem4 (.text:xdc_runtime_Memory_calloc__E)
                  200132e0    0000000c                                : Memory.oem4 (.text:xdc_runtime_Memory_getMaxDefaultTypeAlign__E)
                  200132ec    0000000c     app_pem4.oem4 (.text:xdc_runtime_System_Module_GateProxy_enter__E)
                  200132f8    0000000c     app_pem4.oem4 (.text:xdc_runtime_System_SupportProxy_abort__E)
                  20013304    0000000c     app_pem4.oem4 (.text:xdc_runtime_System_SupportProxy_exit__E)
                  20013310    0000000a     driverlib.a : interrupt.obj (.text:IntMasterEnable)
                  2001331a    00000006     --HOLE-- [fill = 0]
                  20013320    0000000a     sysbios.aem4 : BIOS.obj (.text:ti_sysbios_hal_Timer_Instance_finalize__E)
                  2001332a    0000000a     ti.targets.arm.rtsarm.aem4 : LoggerBuf.oem4 (.text:xdc_runtime_LoggerBuf_disable__E)
                  20013334    0000000a                                : LoggerBuf.oem4 (.text:xdc_runtime_LoggerBuf_enable__E)
                  2001333e    00000008     app_pem4.oem4 (.text:ti_sysbios_family_arm_cc32xx_Timer_Module__startupDone__S)
                  20013346    00000008     app_pem4.oem4 (.text:ti_sysbios_family_arm_lm4_Timer_Module__startupDone__S)
                  2001334e    00000008     sysbios.aem4 : BIOS.obj (.text:ti_sysbios_family_arm_lm4_Timer_masterDisable__I)
                  20013356    00000008     app_pem4.oem4 (.text:ti_sysbios_family_arm_m3_Hwi_Module__startupDone__S)
                  2001335e    00000002     --HOLE-- [fill = 0]
                  20013360    00000008     sysbios.aem4 : BIOS.obj (.text:ti_sysbios_family_arm_m3_Hwi_doSwiRestore__I)
                  20013368    00000008                  : BIOS.obj (.text:ti_sysbios_family_arm_m3_Hwi_startup__E)
                  20013370    00000008     app_pem4.oem4 (.text:ti_sysbios_hal_Hwi_HwiProxy_Module__startupDone__S)
                  20013378    00000008     app_pem4.oem4 (.text:ti_sysbios_hal_Hwi_HwiProxy_startup__E)
                  20013380    00000008     app_pem4.oem4 (.text:ti_sysbios_hal_Hwi_HwiProxy_switchFromBootStack__E)
                  20013388    00000008     app_pem4.oem4 (.text:ti_sysbios_hal_Timer_TimerProxy_Module__startupDone__S)
                  20013390    00000008     app_pem4.oem4 (.text:ti_sysbios_knl_Clock_TimerProxy_Module__startupDone__S)
                  20013398    00000008     app_pem4.oem4 (.text:ti_sysbios_knl_Task_SupportProxy_Module__startupDone__S)
                  200133a0    00000008     app_pem4.oem4 (.text:ti_sysbios_knl_Task_SupportProxy_getStackAlignment__E)
                  200133a8    00000008     app_pem4.oem4 (.text:xdc_runtime_System_SupportProxy_ready__E)
                  200133b0    00000006     sysbios.aem4 : BIOS.obj (.text:ti_sysbios_family_arm_m3_Hwi_restoreFxn__E)
                  200133b6    00000002     --HOLE-- [fill = 0]
                  200133b8    00000006                  : BIOS.obj (.text:ti_sysbios_gates_GateHwi_leave__E)
                  200133be    00000002     --HOLE-- [fill = 0]
                  200133c0    00000006                  : BIOS.obj (.text:ti_sysbios_hal_Timer_getCount__E)
                  200133c6    00000002     --HOLE-- [fill = 0]
                  200133c8    00000006                  : BIOS.obj (.text:ti_sysbios_hal_Timer_getPeriod__E)
                  200133ce    00000002     --HOLE-- [fill = 0]
                  200133d0    00000006                  : BIOS.obj (.text:ti_sysbios_hal_Timer_start__E)
                  200133d6    00000002     --HOLE-- [fill = 0]
                  200133d8    00000006                  : BIOS.obj (.text:ti_sysbios_heaps_HeapMem_isBlocking__E)
                  200133de    00000002     --HOLE-- [fill = 0]
                  200133e0    00000006                  : BIOS.obj (.text:ti_sysbios_knl_Queue_Instance_init__E)
                  200133e6    00000002     --HOLE-- [fill = 0]
                  200133e8    00000004                  : BIOS.obj (.text:ti_sysbios_family_arm_lm4_Timer_getPeriod__E)
                  200133ec    00000004     --HOLE-- [fill = 0]
                  200133f0    00000004                  : BIOS.obj (.text:ti_sysbios_gates_GateHwi_query__E)
                  200133f4    00000004     --HOLE-- [fill = 0]
                  200133f8    00000004                  : BIOS.obj (.text:ti_sysbios_gates_GateMutex_query__E)
                  200133fc    00000004     --HOLE-- [fill = 0]
                  20013400    00000004                  : BIOS.obj (.text:ti_sysbios_knl_Task_startup__E)
                  20013404    00000004     --HOLE-- [fill = 0]
                  20013408    00000002                  : BIOS.obj (.text:ti_sysbios_family_arm_m3_TimestampProvider_rolloverFunc__E)
                  2001340a    00000006     --HOLE-- [fill = 0]
                  20013410    00000002                  : BIOS.obj (.text:ti_sysbios_gates_GateHwi_Instance_init__E)

.const     0    20013414    000025e8     
                  20013414    00001846     app_pem4.oem4 (.const:xdc_runtime_Text_charTab__A)
                  20014c5a    00000101     rtsv7M4_T_le_eabi.lib : ctype.obj (.const:.string:_ctypes_)
                  20014d5b    00000001     app_pem4.oem4 (.const:xdc_runtime_Error_policy__C)
                  20014d5c    00000100     driverlib.a : pin.obj (.const:g_ulPinToPadMap)
                  20014e5c    000000c8     app_pem4.oem4 (.const:xdc_runtime_Text_nodeTab__A)
                  20014f24    000000a8     driverlib.a : prcm.obj (.const:PRCM_PeriphRegsList)
                  20014fcc    00000080                 : interrupt.obj (.const)
                  2001504c    00000048     app_pem4.oem4 (.const:.string)
                  20015094    00000040     iodriver.obj (.const:.string:g_ucPinMap)
                  200150d4    0000003c     simplelink.a : driver.obj (.const:OpcodeTranslateTable)
                  20015110    0000003c                  : wlan.obj (.const)
                  2001514c    0000003c     app_pem4.oem4 (.const:ti_sysbios_family_arm_lm4_Timer_Object__PARAMS__C)
                  20015188    0000003c     app_pem4.oem4 (.const:ti_sysbios_knl_Task_Object__PARAMS__C)
                  200151c4    0000003c     app_pem4.oem4 (.const:xdc_runtime_LoggerBuf_Module__FXNS__C)
                  20015200    00000038     simplelink.a : driver.obj (.const:_SlActionLookupTable)
                  20015238    00000038     app_pem4.oem4 (.const:xdc_runtime_Startup_sfxnTab__A)
                  20015270    00000037     main.obj (.const:.string)
                  200152a7    00000001     --HOLE-- [fill = 0]
                  200152a8    00000034     simplelink.a : driver.obj (.const)
                  200152dc    00000034     app_pem4.oem4 (.const:ti_sysbios_knl_Mailbox_Object__PARAMS__C)
                  20015310    00000030     app_pem4.oem4 (.const:ti_sysbios_family_arm_m3_Hwi_Object__PARAMS__C)
                  20015340    00000030     app_pem4.oem4 (.const:ti_sysbios_hal_Timer_Object__PARAMS__C)
                  20015370    00000028     simplelink.a : netapp.obj (.const)
                  20015398    00000028     app_pem4.oem4 (.const:ti_sysbios_heaps_HeapMem_Module__FXNS__C)
                  200153c0    00000024     app_pem4.oem4 (.const:ti_sysbios_gates_GateHwi_Module__FXNS__C)
                  200153e4    00000024     app_pem4.oem4 (.const:ti_sysbios_gates_GateMutex_Module__FXNS__C)
                  20015408    00000024     app_pem4.oem4 (.const:ti_sysbios_heaps_HeapMem_Object__PARAMS__C)
                  2001542c    00000024     app_pem4.oem4 (.const:ti_sysbios_knl_Semaphore_Object__PARAMS__C)
                  20015450    00000024     app_pem4.oem4 (.const:xdc_runtime_LoggerBuf_Object__PARAMS__C)
                  20015474    00000023     smartconfig.obj (.const:.string)
                  20015497    00000001     --HOLE-- [fill = 0]
                  20015498    00000020     app_pem4.oem4 (.const:ti_sysbios_family_arm_lm4_Timer_Object__DESC__C)
                  200154b8    00000020     app_pem4.oem4 (.const:ti_sysbios_family_arm_m3_Hwi_Object__DESC__C)
                  200154d8    00000020     app_pem4.oem4 (.const:ti_sysbios_gates_GateHwi_Object__DESC__C)
                  200154f8    00000020     app_pem4.oem4 (.const:ti_sysbios_gates_GateMutex_Object__DESC__C)
                  20015518    00000020     app_pem4.oem4 (.const:ti_sysbios_hal_Timer_Object__DESC__C)
                  20015538    00000020     app_pem4.oem4 (.const:ti_sysbios_heaps_HeapMem_Object__DESC__C)
                  20015558    00000020     app_pem4.oem4 (.const:ti_sysbios_knl_Mailbox_Object__DESC__C)
                  20015578    00000020     app_pem4.oem4 (.const:ti_sysbios_knl_Queue_Object__DESC__C)
                  20015598    00000020     app_pem4.oem4 (.const:ti_sysbios_knl_Semaphore_Object__DESC__C)
                  200155b8    00000020     app_pem4.oem4 (.const:ti_sysbios_knl_Task_Object__DESC__C)
                  200155d8    00000020     app_pem4.oem4 (.const:xdc_runtime_LoggerBuf_Object__DESC__C)
                  200155f8    0000001c     app_pem4.oem4 (.const:xdc_runtime_Startup_sfxnRts__A)
                  20015614    00000018     driverlib.a : spi.obj (.const)
                  2001562c    00000018     app_pem4.oem4 (.const:ti_sysbios_gates_GateHwi_Object__PARAMS__C)
                  20015644    00000018     app_pem4.oem4 (.const:ti_sysbios_gates_GateMutex_Object__PARAMS__C)
                  2001565c    00000018     app_pem4.oem4 (.const:ti_sysbios_knl_Queue_Object__PARAMS__C)
                  20015674    00000014     iodriver.obj (.const)
                  20015688    00000014     simplelink.a : device.obj (.const)
                  2001569c    00000011     ti.targets.arm.rtsarm.aem4 : System.oem4 (.const:.string)
                  200156ad    00000001     --HOLE-- [fill = 0]
                  200156ae    00000002     app_pem4.oem4 (.const:ti_sysbios_family_arm_lm4_Timer_Module__id__C)
                  200156b0    00000010     app_pem4.oem4 (.const:xdc_runtime_Startup_firstFxns__A)
                  200156c0    00000008     simplelink.a : device.obj (.const:.string)
                  200156c8    00000008     app_pem4.oem4 (.const:ti_sysbios_family_arm_m3_Hwi_excHookFuncs__A)
                  200156d0    00000008     app_pem4.oem4 (.const:ti_sysbios_knl_Idle_funcList__C)
                  200156d8    00000008     app_pem4.oem4 (.const:xdc_runtime_Startup_firstFxns__C)
                  200156e0    00000008     app_pem4.oem4 (.const:xdc_runtime_Startup_lastFxns__C)
                  200156e8    00000004     app_pem4.oem4 (.const:ti_sysbios_BIOS_installedErrorHook__C)
                  200156ec    00000004     app_pem4.oem4 (.const:ti_sysbios_family_arm_cc32xx_Timer_Module_State_clockObj__O)
                  200156f0    00000004     app_pem4.oem4 (.const:ti_sysbios_family_arm_cc32xx_Timer_startupNeeded__C)
                  200156f4    00000004     app_pem4.oem4 (.const:ti_sysbios_family_arm_lm4_Timer_E_cannotSupport__C)
                  200156f8    00000004     app_pem4.oem4 (.const:ti_sysbios_family_arm_lm4_Timer_E_invalidTimer__C)
                  200156fc    00000004     app_pem4.oem4 (.const:ti_sysbios_family_arm_lm4_Timer_E_noaltclk__C)
                  20015700    00000004     app_pem4.oem4 (.const:ti_sysbios_family_arm_lm4_Timer_E_notAvailable__C)
                  20015704    00000004     app_pem4.oem4 (.const:ti_sysbios_family_arm_lm4_Timer_anyMask__C)
                  20015708    00000004     app_pem4.oem4 (.const:ti_sysbios_family_arm_lm4_Timer_disableFunc__C)
                  2001570c    00000004     app_pem4.oem4 (.const:ti_sysbios_family_arm_lm4_Timer_enableFunc__C)
                  20015710    00000004     app_pem4.oem4 (.const:ti_sysbios_family_arm_lm4_Timer_numTimerDevices__C)
                  20015714    00000004     app_pem4.oem4 (.const:ti_sysbios_family_arm_lm4_Timer_startupNeeded__C)
                  20015718    00000004     app_pem4.oem4 (.const:ti_sysbios_family_arm_m3_Hwi_E_NMI__C)
                  2001571c    00000004     app_pem4.oem4 (.const:ti_sysbios_family_arm_m3_Hwi_E_alreadyDefined__C)
                  20015720    00000004     app_pem4.oem4 (.const:ti_sysbios_family_arm_m3_Hwi_E_busFault__C)
                  20015724    00000004     app_pem4.oem4 (.const:ti_sysbios_family_arm_m3_Hwi_E_debugMon__C)
                  20015728    00000004     app_pem4.oem4 (.const:ti_sysbios_family_arm_m3_Hwi_E_hardFault__C)
                  2001572c    00000004     app_pem4.oem4 (.const:ti_sysbios_family_arm_m3_Hwi_E_memFault__C)
                  20015730    00000004     app_pem4.oem4 (.const:ti_sysbios_family_arm_m3_Hwi_E_noIsr__C)
                  20015734    00000004     app_pem4.oem4 (.const:ti_sysbios_family_arm_m3_Hwi_E_reserved__C)
                  20015738    00000004     app_pem4.oem4 (.const:ti_sysbios_family_arm_m3_Hwi_E_svCall__C)
                  2001573c    00000004     app_pem4.oem4 (.const:ti_sysbios_family_arm_m3_Hwi_E_usageFault__C)
                  20015740    00000004     app_pem4.oem4 (.const:ti_sysbios_family_arm_m3_Hwi_LD_end__C)
                  20015744    00000004     app_pem4.oem4 (.const:ti_sysbios_family_arm_m3_Hwi_LM_begin__C)
                  20015748    00000004     app_pem4.oem4 (.const:ti_sysbios_family_arm_m3_Hwi_Module__diagsEnabled__C)
                  2001574c    00000004     app_pem4.oem4 (.const:ti_sysbios_family_arm_m3_Hwi_Module__diagsIncluded__C)
                  20015750    00000004     app_pem4.oem4 (.const:ti_sysbios_family_arm_m3_Hwi_Module__diagsMask__C)
                  20015754    00000004     app_pem4.oem4 (.const:ti_sysbios_family_arm_m3_Hwi_Module__loggerFxn1__C)
                  20015758    00000004     app_pem4.oem4 (.const:ti_sysbios_family_arm_m3_Hwi_Module__loggerFxn8__C)
                  2001575c    00000004     app_pem4.oem4 (.const:ti_sysbios_family_arm_m3_Hwi_Module__loggerObj__C)
                  20015760    00000004     app_pem4.oem4 (.const:ti_sysbios_family_arm_m3_Hwi_NUM_INTERRUPTS__C)
                  20015764    00000004     app_pem4.oem4 (.const:ti_sysbios_family_arm_m3_Hwi_Object__count__C)
                  20015768    00000004     app_pem4.oem4 (.const:ti_sysbios_family_arm_m3_Hwi_Object__table__C)
                  2001576c    00000004     app_pem4.oem4 (.const:ti_sysbios_family_arm_m3_Hwi_ccr__C)
                  20015770    00000004     app_pem4.oem4 (.const:ti_sysbios_family_arm_m3_Hwi_excHandlerFunc__C)
                  20015774    00000004     app_pem4.oem4 (.const:ti_sysbios_family_arm_m3_Hwi_excHookFuncs__C)
                  20015778    00000004     app_pem4.oem4 (.const:ti_sysbios_family_arm_m3_Hwi_nullIsrFunc__C)
                  2001577c    00000004     app_pem4.oem4 (.const:ti_sysbios_family_arm_m3_Hwi_priGroup__C)
                  20015780    00000004     app_pem4.oem4 (.const:ti_sysbios_family_arm_m3_TaskSupport_stackAlignment__C)
                  20015784    00000004     app_pem4.oem4 (.const:ti_sysbios_family_arm_m3_Timer_E_cannotSupport__C)
                  20015788    00000004     app_pem4.oem4 (.const:ti_sysbios_family_arm_m3_Timer_startupNeeded__C)
                  2001578c    00000004     app_pem4.oem4 (.const:ti_sysbios_gates_GateMutex_A_badContext__C)
                  20015790    00000004     app_pem4.oem4 (.const:ti_sysbios_gates_GateMutex_Instance_State_sem__O)
                  20015794    00000004     app_pem4.oem4 (.const:ti_sysbios_gates_GateMutex_Module__diagsEnabled__C)
                  20015798    00000004     app_pem4.oem4 (.const:ti_sysbios_gates_GateMutex_Module__diagsIncluded__C)
                  2001579c    00000004     app_pem4.oem4 (.const:ti_sysbios_gates_GateMutex_Module__diagsMask__C)
                  200157a0    00000004     app_pem4.oem4 (.const:ti_sysbios_hal_Hwi_E_stackOverflow__C)
                  200157a4    00000004     app_pem4.oem4 (.const:ti_sysbios_heaps_HeapMem_A_align__C)
                  200157a8    00000004     app_pem4.oem4 (.const:ti_sysbios_heaps_HeapMem_A_heapSize__C)
                  200157ac    00000004     app_pem4.oem4 (.const:ti_sysbios_heaps_HeapMem_A_invalidFree__C)
                  200157b0    00000004     app_pem4.oem4 (.const:ti_sysbios_heaps_HeapMem_A_zeroBlock__C)
                  200157b4    00000004     app_pem4.oem4 (.const:ti_sysbios_heaps_HeapMem_E_memory__C)
                  200157b8    00000004     app_pem4.oem4 (.const:ti_sysbios_heaps_HeapMem_Module__diagsEnabled__C)
                  200157bc    00000004     app_pem4.oem4 (.const:ti_sysbios_heaps_HeapMem_Module__diagsIncluded__C)
                  200157c0    00000004     app_pem4.oem4 (.const:ti_sysbios_heaps_HeapMem_Module__diagsMask__C)
                  200157c4    00000004     app_pem4.oem4 (.const:ti_sysbios_heaps_HeapMem_Module__gateObj__C)
                  200157c8    00000004     app_pem4.oem4 (.const:ti_sysbios_heaps_HeapMem_Object__count__C)
                  200157cc    00000004     app_pem4.oem4 (.const:ti_sysbios_heaps_HeapMem_Object__table__C)
                  200157d0    00000004     app_pem4.oem4 (.const:ti_sysbios_heaps_HeapMem_reqAlign__C)
                  200157d4    00000004     app_pem4.oem4 (.const:ti_sysbios_knl_Clock_LM_begin__C)
                  200157d8    00000004     app_pem4.oem4 (.const:ti_sysbios_knl_Clock_LM_tick__C)
                  200157dc    00000004     app_pem4.oem4 (.const:ti_sysbios_knl_Clock_LW_delayed__C)
                  200157e0    00000004     app_pem4.oem4 (.const:ti_sysbios_knl_Clock_Module_State_clockQ__O)
                  200157e4    00000004     app_pem4.oem4 (.const:ti_sysbios_knl_Clock_Module__diagsEnabled__C)
                  200157e8    00000004     app_pem4.oem4 (.const:ti_sysbios_knl_Clock_Module__diagsIncluded__C)
                  200157ec    00000004     app_pem4.oem4 (.const:ti_sysbios_knl_Clock_Module__diagsMask__C)
                  200157f0    00000004     app_pem4.oem4 (.const:ti_sysbios_knl_Clock_Module__loggerFxn1__C)
                  200157f4    00000004     app_pem4.oem4 (.const:ti_sysbios_knl_Clock_Module__loggerFxn2__C)
                  200157f8    00000004     app_pem4.oem4 (.const:ti_sysbios_knl_Clock_Module__loggerObj__C)
                  200157fc    00000004     app_pem4.oem4 (.const:ti_sysbios_knl_Clock_tickPeriod__C)
                  20015800    00000004     app_pem4.oem4 (.const:ti_sysbios_knl_Idle_funcList__A)
                  20015804    00000004     app_pem4.oem4 (.const:ti_sysbios_knl_Mailbox_A_invalidBufSize__C)
                  20015808    00000004     app_pem4.oem4 (.const:ti_sysbios_knl_Mailbox_Instance_State_dataQue__O)
                  2001580c    00000004     app_pem4.oem4 (.const:ti_sysbios_knl_Mailbox_Instance_State_dataSem__O)
                  20015810    00000004     app_pem4.oem4 (.const:ti_sysbios_knl_Mailbox_Instance_State_freeQue__O)
                  20015814    00000004     app_pem4.oem4 (.const:ti_sysbios_knl_Mailbox_Instance_State_freeSem__O)
                  20015818    00000004     app_pem4.oem4 (.const:ti_sysbios_knl_Mailbox_Module__diagsEnabled__C)
                  2001581c    00000004     app_pem4.oem4 (.const:ti_sysbios_knl_Mailbox_Module__diagsIncluded__C)
                  20015820    00000004     app_pem4.oem4 (.const:ti_sysbios_knl_Mailbox_Module__diagsMask__C)
                  20015824    00000004     app_pem4.oem4 (.const:ti_sysbios_knl_Mailbox_Object__count__C)
                  20015828    00000004     app_pem4.oem4 (.const:ti_sysbios_knl_Mailbox_Object__table__C)
                  2001582c    00000004     app_pem4.oem4 (.const:ti_sysbios_knl_Mailbox_maxTypeAlign__C)
                  20015830    00000004     app_pem4.oem4 (.const:ti_sysbios_knl_Queue_Object__count__C)
                  20015834    00000004     app_pem4.oem4 (.const:ti_sysbios_knl_Queue_Object__table__C)
                  20015838    00000004     app_pem4.oem4 (.const:ti_sysbios_knl_Semaphore_A_badContext__C)
                  2001583c    00000004     app_pem4.oem4 (.const:ti_sysbios_knl_Semaphore_A_noEvents__C)
                  20015840    00000004     app_pem4.oem4 (.const:ti_sysbios_knl_Semaphore_A_overflow__C)
                  20015844    00000004     app_pem4.oem4 (.const:ti_sysbios_knl_Semaphore_A_pendTaskDisabled__C)
                  20015848    00000004     app_pem4.oem4 (.const:ti_sysbios_knl_Semaphore_Instance_State_pendQ__O)
                  2001584c    00000004     app_pem4.oem4 (.const:ti_sysbios_knl_Semaphore_LM_pend__C)
                  20015850    00000004     app_pem4.oem4 (.const:ti_sysbios_knl_Semaphore_LM_post__C)
                  20015854    00000004     app_pem4.oem4 (.const:ti_sysbios_knl_Semaphore_Module__diagsEnabled__C)
                  20015858    00000004     app_pem4.oem4 (.const:ti_sysbios_knl_Semaphore_Module__diagsIncluded__C)
                  2001585c    00000004     app_pem4.oem4 (.const:ti_sysbios_knl_Semaphore_Module__diagsMask__C)
                  20015860    00000004     app_pem4.oem4 (.const:ti_sysbios_knl_Semaphore_Module__loggerFxn2__C)
                  20015864    00000004     app_pem4.oem4 (.const:ti_sysbios_knl_Semaphore_Module__loggerFxn4__C)
                  20015868    00000004     app_pem4.oem4 (.const:ti_sysbios_knl_Semaphore_Module__loggerObj__C)
                  2001586c    00000004     app_pem4.oem4 (.const:ti_sysbios_knl_Swi_LD_end__C)
                  20015870    00000004     app_pem4.oem4 (.const:ti_sysbios_knl_Swi_LM_begin__C)
                  20015874    00000004     app_pem4.oem4 (.const:ti_sysbios_knl_Swi_LM_post__C)
                  20015878    00000004     app_pem4.oem4 (.const:ti_sysbios_knl_Swi_Module__diagsEnabled__C)
                  2001587c    00000004     app_pem4.oem4 (.const:ti_sysbios_knl_Swi_Module__diagsIncluded__C)
                  20015880    00000004     app_pem4.oem4 (.const:ti_sysbios_knl_Swi_Module__diagsMask__C)
[...]
200157b8  ti_sysbios_heaps_HeapMem_Module__diagsEnabled__C            
200157bc  ti_sysbios_heaps_HeapMem_Module__diagsIncluded__C           
200157c0  ti_sysbios_heaps_HeapMem_Module__diagsMask__C               
200157c4  ti_sysbios_heaps_HeapMem_Module__gateObj__C                 
200157c8  ti_sysbios_heaps_HeapMem_Object__count__C                   
200157cc  ti_sysbios_heaps_HeapMem_Object__table__C                   
200157d0  ti_sysbios_heaps_HeapMem_reqAlign__C                        
200157d4  ti_sysbios_knl_Clock_LM_begin__C                            
200157d8  ti_sysbios_knl_Clock_LM_tick__C                             
200157dc  ti_sysbios_knl_Clock_LW_delayed__C                          
200157e0  ti_sysbios_knl_Clock_Module_State_clockQ__O                 
200157e4  ti_sysbios_knl_Clock_Module__diagsEnabled__C                
200157e8  ti_sysbios_knl_Clock_Module__diagsIncluded__C               
200157ec  ti_sysbios_knl_Clock_Module__diagsMask__C                   
200157f0  ti_sysbios_knl_Clock_Module__loggerFxn1__C                  
200157f4  ti_sysbios_knl_Clock_Module__loggerFxn2__C                  
200157f8  ti_sysbios_knl_Clock_Module__loggerObj__C                   
200157fc  ti_sysbios_knl_Clock_tickPeriod__C                          
20015800  ti_sysbios_knl_Idle_funcList__A                             
20015804  ti_sysbios_knl_Mailbox_A_invalidBufSize__C                  
20015808  ti_sysbios_knl_Mailbox_Instance_State_dataQue__O            
2001580c  ti_sysbios_knl_Mailbox_Instance_State_dataSem__O            
20015810  ti_sysbios_knl_Mailbox_Instance_State_freeQue__O            
20015814  ti_sysbios_knl_Mailbox_Instance_State_freeSem__O            
20015818  ti_sysbios_knl_Mailbox_Module__diagsEnabled__C              
2001581c  ti_sysbios_knl_Mailbox_Module__diagsIncluded__C             
20015820  ti_sysbios_knl_Mailbox_Module__diagsMask__C                 
20015824  ti_sysbios_knl_Mailbox_Object__count__C                     
20015828  ti_sysbios_knl_Mailbox_Object__table__C                     
2001582c  ti_sysbios_knl_Mailbox_maxTypeAlign__C                      
20015830  ti_sysbios_knl_Queue_Object__count__C                       
20015834  ti_sysbios_knl_Queue_Object__table__C                       
20015838  ti_sysbios_knl_Semaphore_A_badContext__C                    
2001583c  ti_sysbios_knl_Semaphore_A_noEvents__C                      
20015840  ti_sysbios_knl_Semaphore_A_overflow__C                      
20015844  ti_sysbios_knl_Semaphore_A_pendTaskDisabled__C              
20015848  ti_sysbios_knl_Semaphore_Instance_State_pendQ__O            
2001584c  ti_sysbios_knl_Semaphore_LM_pend__C                         
20015850  ti_sysbios_knl_Semaphore_LM_post__C                         
20015854  ti_sysbios_knl_Semaphore_Module__diagsEnabled__C            
20015858  ti_sysbios_knl_Semaphore_Module__diagsIncluded__C           
2001585c  ti_sysbios_knl_Semaphore_Module__diagsMask__C               
20015860  ti_sysbios_knl_Semaphore_Module__loggerFxn2__C              
20015864  ti_sysbios_knl_Semaphore_Module__loggerFxn4__C              
20015868  ti_sysbios_knl_Semaphore_Module__loggerObj__C               
2001586c  ti_sysbios_knl_Swi_LD_end__C                                
20015870  ti_sysbios_knl_Swi_LM_begin__C                              
20015874  ti_sysbios_knl_Swi_LM_post__C                               
20015878  ti_sysbios_knl_Swi_Module__diagsEnabled__C                  
2001587c  ti_sysbios_knl_Swi_Module__diagsIncluded__C                 
20015880  ti_sysbios_knl_Swi_Module__diagsMask__C                     
20015884  ti_sysbios_knl_Swi_Module__loggerFxn1__C                    
20015888  ti_sysbios_knl_Swi_Module__loggerFxn4__C                    
2001588c  ti_sysbios_knl_Swi_Module__loggerObj__C                     
20015890  ti_sysbios_knl_Swi_Object__count__C                         
20015894  ti_sysbios_knl_Swi_Object__table__C                         
20015898  ti_sysbios_knl_Task_A_badPriority__C                        
2001589c  ti_sysbios_knl_Task_A_badTaskState__C                       
200158a0  ti_sysbios_knl_Task_A_badThreadType__C                      
200158a4  ti_sysbios_knl_Task_A_badTimeout__C                         
200158a8  ti_sysbios_knl_Task_A_noPendElem__C                         
200158ac  ti_sysbios_knl_Task_A_sleepTaskDisabled__C                  
200158b0  ti_sysbios_knl_Task_E_spOutOfBounds__C                      
200158b4  ti_sysbios_knl_Task_E_stackOverflow__C                      
200158b8  ti_sysbios_knl_Task_LD_block__C                             
200158bc  ti_sysbios_knl_Task_LD_exit__C                              
200158c0  ti_sysbios_knl_Task_LD_ready__C                             
200158c4  ti_sysbios_knl_Task_LM_sleep__C                             
200158c8  ti_sysbios_knl_Task_LM_switch__C                            
200158cc  ti_sysbios_knl_Task_LM_yield__C                             
200158d0  ti_sysbios_knl_Task_Module_State_inactiveQ__O               
200158d4  ti_sysbios_knl_Task_Module__diagsEnabled__C                 
200158d8  ti_sysbios_knl_Task_Module__diagsIncluded__C                
200158dc  ti_sysbios_knl_Task_Module__diagsMask__C                    
200158e0  ti_sysbios_knl_Task_Module__loggerFxn2__C                   
200158e4  ti_sysbios_knl_Task_Module__loggerFxn4__C                   
200158e8  ti_sysbios_knl_Task_Module__loggerObj__C                    
200158ec  ti_sysbios_knl_Task_Object__count__C                        
200158f0  ti_sysbios_knl_Task_Object__table__C                        
200158f4  ti_sysbios_knl_Task_allBlockedFunc__C                       
200158f8  ti_sysbios_knl_Task_defaultStackHeap__C                     
200158fc  ti_sysbios_knl_Task_defaultStackSize__C                     
20015900  ti_sysbios_knl_Task_numConstructedTasks__C                  
20015904  xdc_runtime_Assert_E_assertFailed__C                        
20015908  xdc_runtime_Core_A_initializedParams__C                     
2001590c  xdc_runtime_Core_Module__diagsEnabled__C                    
20015910  xdc_runtime_Core_Module__diagsIncluded__C                   
20015914  xdc_runtime_Core_Module__diagsMask__C                       
20015918  xdc_runtime_Error_E_memory__C                               
2001591c  xdc_runtime_Error_Module__diagsEnabled__C                   
20015920  xdc_runtime_Error_Module__diagsIncluded__C                  
20015924  xdc_runtime_Error_Module__diagsMask__C                      
20015928  xdc_runtime_Error_Module__loggerFxn8__C                     
2001592c  xdc_runtime_Error_Module__loggerObj__C                      
20015930  xdc_runtime_Error_policyFxn__C                              
20015934  xdc_runtime_Error_raiseHook__C                              
20015938  xdc_runtime_IFilterLogger_Interface__BASE__C                
2001593c  xdc_runtime_IGateProvider_Interface__BASE__C                
20015940  xdc_runtime_IHeap_Interface__BASE__C                        
20015944  xdc_runtime_ILogger_Interface__BASE__C                      
20015948  xdc_runtime_IModule_Interface__BASE__C                      
2001594c  xdc_runtime_Log_L_error__C                                  
20015950  xdc_runtime_LoggerBuf_E_badLevel__C                         
20015954  xdc_runtime_LoggerBuf_Module__gateObj__C                    
20015958  xdc_runtime_LoggerBuf_Object__count__C                      
2001595c  xdc_runtime_LoggerBuf_Object__table__C                      
20015960  xdc_runtime_LoggerBuf_statusLogger__C                       
20015964  xdc_runtime_Main_Module__diagsEnabled__C                    
20015968  xdc_runtime_Main_Module__diagsIncluded__C                   
2001596c  xdc_runtime_Main_Module__diagsMask__C                       
20015970  xdc_runtime_Memory_defaultHeapInstance__C                   
20015974  xdc_runtime_Startup_execImpl__C                             
20015978  xdc_runtime_Startup_lastFxns__A                             
2001597c  xdc_runtime_Startup_maxPasses__C                            
20015980  xdc_runtime_Startup_sfxnRts__C                              
20015984  xdc_runtime_Startup_sfxnTab__C                              
20015988  xdc_runtime_Startup_startModsFxn__C                         
2001598c  xdc_runtime_SysMin_bufSize__C                               
20015990  xdc_runtime_SysMin_outputFunc__C                            
20015994  xdc_runtime_System_Module__gateObj__C                       
20015998  xdc_runtime_System_abortFxn__C                              
2001599c  xdc_runtime_System_exitFxn__C                               
200159a0  xdc_runtime_System_extendFxn__C                             
200159a4  xdc_runtime_System_maxAtexitHandlers__C                     
200159a8  xdc_runtime_Text_charTab__C                                 
200159ac  xdc_runtime_Text_nameEmpty__C                               
200159b0  xdc_runtime_Text_nameStatic__C                              
200159b4  xdc_runtime_Text_nameUnknown__C                             
200159b8  xdc_runtime_Text_nodeTab__C                                 
200159bc  xdc_runtime_Text_visitRopeFxn__C                            
200159c0  ti_sysbios_family_arm_lm4_Timer_supportsAltclk__C           
200159c2  ti_sysbios_family_arm_m3_Hwi_Module__id__C                  
200159c4  ti_sysbios_family_arm_m3_Hwi_Module__loggerDefined__C       
200159c6  ti_sysbios_family_arm_m3_Timer_Module__id__C                
200159c8  ti_sysbios_family_arm_m3_TimestampProvider_configTimer__C   
200159ca  ti_sysbios_gates_GateMutex_Module__id__C                    
200159cc  ti_sysbios_hal_Hwi_Module__id__C                            
200159ce  ti_sysbios_heaps_HeapMem_Module__id__C                      
200159d0  ti_sysbios_knl_Clock_Module__id__C                          
200159d2  ti_sysbios_knl_Clock_Module__loggerDefined__C               
200159d4  ti_sysbios_knl_Mailbox_Module__id__C                        
200159d6  ti_sysbios_knl_Semaphore_Module__id__C                      
200159d8  ti_sysbios_knl_Semaphore_Module__loggerDefined__C           
200159da  ti_sysbios_knl_Swi_Module__id__C                            
200159dc  ti_sysbios_knl_Swi_Module__loggerDefined__C                 
200159de  ti_sysbios_knl_Task_Module__id__C                           
200159e0  ti_sysbios_knl_Task_Module__loggerDefined__C                
200159e2  ti_sysbios_knl_Task_initStackFlag__C                        
200159e4  xdc_runtime_Core_Module__id__C                              
200159e6  xdc_runtime_Error_Module__loggerDefined__C                  
200159e8  xdc_runtime_Error_maxDepth__C                               
200159ea  xdc_runtime_LoggerBuf_Module__id__C                         
200159ec  xdc_runtime_LoggerBuf_filterByLevel__C                      
200159ee  xdc_runtime_Main_Module__id__C                              
200159f0  xdc_runtime_Memory_Module__id__C                            
200159f2  xdc_runtime_SysMin_flushAtExit__C                           
200159f4  xdc_runtime_Text_charCnt__C                                 
200159f6  xdc_runtime_Text_isLoaded__C                                
200159f8  xdc_runtime_Text_registryModsLastId__C                      
200159fa  xdc_runtime_Text_unnamedModsLastId__C                       
20015a00  __TI_static_base__                                          
20015e38  __TI_Handler_Table_Base                                     
20015e44  __TI_Handler_Table_Limit                                    
20015e50  __TI_CINIT_Base                                             
20015e60  __TI_CINIT_Limit                                            
20017000  ti_sysbios_heaps_HeapMem_Instance_State_0_buf__A            
2001f000  ti_sysbios_knl_Task_Instance_State_0_stack__A               
2001f800  xdc_runtime_LoggerBuf_Instance_State_0_entryArr__A          
2001fc00  xdc_runtime_SysMin_Module_State_0_outbuf__A                 
20020000  ti_sysbios_family_arm_m3_Hwi_dispatchTable                  
2002030c  g_StatMem                                                   
20020484  __CIOBUF_                                                   
200205a4  g_ucDinDout                                                 
200205f4  timer0Params                                                
20020624  timer1Params                                                
20020688  DMAMsgQ                                                     
2002068c  PWMcount                                                    
20020690  SimpleLinkSpawnTaskHndl                                     
20020698  g_cDummy                                                    
2002069c  load                                                        
200206a0  simpleLink_mailbox                                          
200206a4  timer0                                                      
200206a8  timer1                                                      
200206ac  RxIrqCnt                                                    
200206ad  g_ucLED1Pin                                                 
200206ae  g_ucLED2Pin                                                 
200206af  g_ucLED3Pin                                                 
200206b0  ti_sysbios_family_arm_cc32xx_Timer_Module__root__V          
200206b8  ti_sysbios_family_arm_lm4_Timer_Module__root__V             
200206c0  ti_sysbios_family_arm_lm4_Timer_Module_State_0_device__A    
200206e0  ti_sysbios_family_arm_lm4_Timer_Module_State_0_handles__A   
200206f0  ti_sysbios_family_arm_lm4_Timer_Module__state__V            
200206fc  ti_sysbios_family_arm_m3_Hwi_Module__root__V                
20020704  ti_sysbios_family_arm_m3_Hwi_Module_State_0_excActive__A    
20020708  ti_sysbios_family_arm_m3_Hwi_Module_State_0_excContext__A   
2002070c  ti_sysbios_family_arm_m3_Hwi_Module_State_0_excStack__A     
20020710  ti_sysbios_family_arm_m3_Timer_Module__root__V              
20020718  ti_sysbios_family_arm_m3_Timer_Module__state__V             
20020724  ti_sysbios_family_arm_m3_TimestampProvider_Module__state__V 
20020728  ti_sysbios_gates_GateHwi_Module__root__V                    
20020730  ti_sysbios_gates_GateHwi_Object__table__V                   
20020734  ti_sysbios_gates_GateMutex_Module__root__V                  
2002073c  ti_sysbios_hal_Hwi_Module__root__V                          
20020744  ti_sysbios_hal_Timer_Module__root__V                        
2002074c  ti_sysbios_heaps_HeapMem_Module__root__V                    
20020754  ti_sysbios_heaps_HeapMem_Object__table__V                   
2002076c  ti_sysbios_knl_Clock_Module__root__V                        
20020774  ti_sysbios_knl_Event_Module__root__V                        
2002077c  ti_sysbios_knl_Mailbox_Module__root__V                      
20020784  ti_sysbios_knl_Queue_Module__root__V                        
2002078c  ti_sysbios_knl_Semaphore_Module__root__V                    
20020794  ti_sysbios_knl_Swi_Module__root__V                          
2002079c  ti_sysbios_knl_Swi_Module__state__V                         
200207b8  ti_sysbios_knl_Task_Module__root__V                         
200207c0  ti_sysbios_knl_Task_Module_State_0_idleTask__A              
200207c4  xdc_runtime_Error_Module__state__V                          
200207c8  xdc_runtime_LoggerBuf_Module__root__V                       
200207d0  xdc_runtime_LoggerBuf_Module__state__V                      
200207d8  xdc_runtime_Memory_Module__state__V                         
200207dc  xdc_runtime_Registry_Module__state__V                       
200207e4  xdc_runtime_Startup_Module__state__V                        
200207ec  xdc_runtime_SysMin_Module__state__V                         
200207f8  xdc_runtime_System_Module_State_0_atexitHandlers__A         
20020808  xdc_runtime_System_Module__state__V                         
20020810  xdc_runtime_Text_Module__state__V                           
20020818  __xdc__init__addr                                           
200208cc  _Errno                                                      
200208d0  _Denorm                                                     
200208e0  _Eps                                                        
200208f0  _Hugeval                                                    
20020900  _Inf                                                        
20020910  _Nan                                                        
20020920  _Snan                                                       
20020930  _Rteps                                                      
20020940  _Xbig                                                       
20020948  _Zero                                                       
20020950  ti_sysbios_knl_Swi_Module_State_0_readyQ__A                 
200209d0  ti_sysbios_knl_Task_Module_State_0_readyQ__A                
20020a50  TSK_idle                                                    
20020a50  ti_sysbios_knl_Task_Object__table__V                        
20020a9c  ti_sysbios_knl_Task_Module__state__V                        
20020b20  ti_sysbios_family_arm_cc32xx_Timer_Object__table__V         
20020b60  ti_sysbios_family_arm_cc32xx_Timer_Module__state__V         
20020b98  ti_sysbios_gates_GateMutex_Object__table__V                 
20020bd0  ti_sysbios_family_arm_m3_Hwi_Module__state__V               
20020c04  ti_sysbios_family_arm_m3_Hwi_Object__table__V               
20020c34  ti_sysbios_family_arm_m3_Timer_Object__table__V             
20020c64  ti_sysbios_knl_Swi_Object__table__V                         
20020c94  ti_sysbios_knl_Clock_Module__state__V                       
20020cc0  ti_sysbios_BIOS_Module__state__V                            
20020ce4  xdc_runtime_LoggerBuf_Object__table__V                      
20020d1c  g_uiLED1Port                                                
20020d20  g_uiLED2Port                                                
20020d24  g_uiLED3Port                                                
20020d28  g_SpiFd                                                     
20020d2c  g_pHostIntHdl                                               
20020d30  g_ucDMAEnabled                                              
20020d34  g_pCB                                                       
20020d38  pPingCallBackFunc                                           
20020d3c  gFirstCmdMode                                               
20020d40  g_uiPingPacketsRecv                                         
20020d44  g_uiPingDone                                                
20020d48  _lock                                                       
20020d4c  _unlock                                                     
20020d50  __TI_cleanup_ptr                                            
20020d54  __TI_dtors_ptr                                              
20020d58  _Fenv                                                       
20020d5c  _Tls_setup__Fenv                                            
20020d60  main_func_sp                                                
2002e000  __stack                                                     
20030000  __STACK_END                                                 
e000e000  ti_sysbios_family_arm_m3_Hwi_nvic                           
ffffffff  __binit__                                                   
ffffffff  __c_args__                                                  
ffffffff  binit                                                       
UNDEFED   SHT$$INIT_ARRAY$$Base                                       
UNDEFED   SHT$$INIT_ARRAY$$Limit                                      

[1026 symbols]
